Archive member included to satisfy reference by file (symbol)

C:/devkitPro/libogc/lib/wii\libogc.a(console.o)
                              main.o (CON_Init)
C:/devkitPro/libogc/lib/wii\libogc.a(video.o)
                              C:/devkitPro/libogc/lib/wii\libogc.a(console.o) (VIDEO_GetCurrentFramebuffer)
C:/devkitPro/libogc/lib/wii\libogc.a(pad.o)
                              main.o (PAD_Init)
C:/devkitPro/libogc/lib/wii\libogc.a(system.o)
                              C:/devkitPro/devkitPPC/bin/../lib/gcc/powerpc-eabi/14.2.0/../../../../powerpc-eabi/lib/crtmain.o (SYS_PreMain)
C:/devkitPro/libogc/lib/wii\libogc.a(cond.o)
                              C:/devkitPro/libogc/lib/wii\libogc.a(system.o) (__lwp_cond_init)
C:/devkitPro/libogc/lib/wii\libogc.a(decrementer.o)
                              C:/devkitPro/libogc/lib/wii\libogc.a(system.o) (__decrementer_init)
C:/devkitPro/libogc/lib/wii\libogc.a(message.o)
                              C:/devkitPro/libogc/lib/wii\libogc.a(system.o) (__lwp_mqbox_init)
C:/devkitPro/libogc/lib/wii\libogc.a(si.o)
                              C:/devkitPro/libogc/lib/wii\libogc.a(pad.o) (SI_Busy)
C:/devkitPro/libogc/lib/wii\libogc.a(ipc.o)
                              C:/devkitPro/libogc/lib/wii\libogc.a(system.o) (__IPC_ClntInit)
C:/devkitPro/libogc/lib/wii\libogc.a(ogc_crt0.o)
                              (_start)
C:/devkitPro/libogc/lib/wii\libogc.a(console_font_8x16.o)
                              C:/devkitPro/libogc/lib/wii\libogc.a(console.o) (console_font_8x16)
C:/devkitPro/libogc/lib/wii\libogc.a(timesupp.o)
                              C:/devkitPro/libogc/lib/wii\libogc.a(system.o) (gettick)
C:/devkitPro/libogc/lib/wii\libogc.a(lock_supp.o)
                              C:/devkitPro/libogc/lib/wii\libogc.a(system.o) (__syscall_lock_init)
C:/devkitPro/libogc/lib/wii\libogc.a(usbgecko.o)
                              C:/devkitPro/libogc/lib/wii\libogc.a(console.o) (usb_isgeckoalive)
C:/devkitPro/libogc/lib/wii\libogc.a(sbrk.o)
                              C:/devkitPro/libogc/lib/wii\libogc.a(system.o) (_sbrk_r)
C:/devkitPro/libogc/lib/wii\libogc.a(malloc_lock.o)
                              C:/devkitPro/libogc/lib/wii\libogc.a(system.o) (__memlock_init)
C:/devkitPro/libogc/lib/wii\libogc.a(stm.o)
                              C:/devkitPro/libogc/lib/wii\libogc.a(system.o) (STM_RegisterEventHandler)
C:/devkitPro/libogc/lib/wii\libogc.a(ios.o)
                              C:/devkitPro/libogc/lib/wii\libogc.a(system.o) (__IOS_InitializeSubsystems)
C:/devkitPro/libogc/lib/wii\libogc.a(es.o)
                              C:/devkitPro/libogc/lib/wii\libogc.a(ios.o) (__ES_Init)
C:/devkitPro/libogc/lib/wii\libogc.a(argv.o)
                              C:/devkitPro/libogc/lib/wii\libogc.a(ogc_crt0.o) (__CheckARGV)
C:/devkitPro/libogc/lib/wii\libogc.a(conf.o)
                              C:/devkitPro/libogc/lib/wii\libogc.a(system.o) (CONF_Init)
C:/devkitPro/libogc/lib/wii\libogc.a(wiilaunch.o)
                              C:/devkitPro/libogc/lib/wii\libogc.a(system.o) (WII_Initialize)
C:/devkitPro/libogc/lib/wii\libogc.a(lwp_priority.o)
                              C:/devkitPro/libogc/lib/wii\libogc.a(system.o) (__lwp_priority_init)
C:/devkitPro/libogc/lib/wii\libogc.a(lwp_threadq.o)
                              C:/devkitPro/libogc/lib/wii\libogc.a(cond.o) (__lwp_threadqueue_init)
C:/devkitPro/libogc/lib/wii\libogc.a(lwp_threads.o)
                              C:/devkitPro/libogc/lib/wii\libogc.a(cond.o) (_thr_executing)
C:/devkitPro/libogc/lib/wii\libogc.a(lwp_messages.o)
                              C:/devkitPro/libogc/lib/wii\libogc.a(message.o) (__lwpmq_initialize)
C:/devkitPro/libogc/lib/wii\libogc.a(lwp.o)
                              C:/devkitPro/libogc/lib/wii\libogc.a(system.o) (__lwp_sysinit)
C:/devkitPro/libogc/lib/wii\libogc.a(lwp_handler.o)
                              C:/devkitPro/libogc/lib/wii\libogc.a(lwp_threads.o) (_cpu_context_save_fp)
C:/devkitPro/libogc/lib/wii\libogc.a(lwp_stack.o)
                              C:/devkitPro/libogc/lib/wii\libogc.a(lwp_threads.o) (__lwp_stack_allocate)
C:/devkitPro/libogc/lib/wii\libogc.a(lwp_mutex.o)
                              C:/devkitPro/libogc/lib/wii\libogc.a(malloc_lock.o) (__lwp_mutex_initialize)
C:/devkitPro/libogc/lib/wii\libogc.a(lwp_watchdog.o)
                              C:/devkitPro/libogc/lib/wii\libogc.a(system.o) (__lwp_watchdog_init)
C:/devkitPro/libogc/lib/wii\libogc.a(lwp_wkspace.o)
                              C:/devkitPro/libogc/lib/wii\libogc.a(ipc.o) (__wkspace_heap)
C:/devkitPro/libogc/lib/wii\libogc.a(lwp_objmgr.o)
                              C:/devkitPro/libogc/lib/wii\libogc.a(system.o) (__lwp_objmgr_initinfo)
C:/devkitPro/libogc/lib/wii\libogc.a(lwp_heap.o)
                              C:/devkitPro/libogc/lib/wii\libogc.a(ipc.o) (__lwp_heap_init)
C:/devkitPro/libogc/lib/wii\libogc.a(sys_state.o)
[...]
Memory Configuration

Name             Origin             Length             Attributes
*default*        0x00000000         0xffffffff

Linker script and memory map

                0x00003400                        . = 0x3400

.stub
 *(.stub)
                0x80004000                        . = 0x80004000

.init           0x80004000      0x194
 *crt0.o(*.init)
 .init          0x80004000      0x170 C:/devkitPro/libogc/lib/wii\libogc.a(ogc_crt0.o)
                0x80004000                _start
                0x80004140                _memset
 *(.init)
 .init          0x80004170        0xc C:/devkitPro/devkitPPC/bin/../lib/gcc/powerpc-eabi/14.2.0/ecrti.o
                0x80004170                __init
 .init          0x8000417c        0x4 C:/devkitPro/devkitPPC/bin/../lib/gcc/powerpc-eabi/14.2.0/crtbegin.o
 .init          0x80004180        0x4 C:/devkitPro/devkitPPC/bin/../lib/gcc/powerpc-eabi/14.2.0/crtend.o
 .init          0x80004184       0x10 C:/devkitPro/devkitPPC/bin/../lib/gcc/powerpc-eabi/14.2.0/ecrtn.o

.rela.dyn       0x80004194        0x0
 .rela.iplt     0x80004194        0x0 C:/devkitPro/devkitPPC/bin/../lib/gcc/powerpc-eabi/14.2.0/crtbegin.o

.plt
 *(.plt)

.interp
 *(.interp)

.hash
 *(.hash)

.dynsym
 *(.dynsym)

.dynstr
 *(.dynstr)

.gnu.version
 *(.gnu.version)

.gnu.version_d
 *(.gnu.version_d)

.gnu.version_r
 *(.gnu.version_r)

.rel.init
 *(.rel.init)

.rela.init
 *(.rela.init)

.rel.text
 *(.rel.text .rel.text.* .rel.gnu.linkonce.t.*)

.rela.text      0x80004194        0x0
 *(.rela.text .rela.text.* .rela.gnu.linkonce.t.*)
 .rela.text.__do_global_dtors_aux
                0x80004194        0x0 C:/devkitPro/devkitPPC/bin/../lib/gcc/powerpc-eabi/14.2.0/crtbegin.o
 .rela.text.frame_dummy
                0x80004194        0x0 C:/devkitPro/devkitPPC/bin/../lib/gcc/powerpc-eabi/14.2.0/crtbegin.o
 .rela.text.unlikely.abort
                0x80004194        0x0 C:/devkitPro/devkitPPC/bin/../lib/gcc/powerpc-eabi/14.2.0/crtbegin.o

.rel.fini
 *(.rel.fini)

.rela.fini
 *(.rela.fini)

.rel.rodata
 *(.rel.rodata .rel.rodata.* .rel.gnu.linkonce.r.*)

.rela.rodata
 *(.rela.rodata .rela.rodata.* .rela.gnu.linkonce.r.*)

.rel.data
 *(.rel.data .rel.data.* .rel.gnu.linkonce.d.*)

.rela.data
 *(.rela.data .rela.data.* .rela.gnu.linkonce.d.*)

.rel.tdata
 *(.rel.tdata .rel.tdata.* .rel.gnu.linkonce.td.*)

.rela.tdata
 *(.rela.tdata .rela.tdata.* .rela.gnu.linkonce.td.*)

.rel.tbss
 *(.rel.tbss .rel.tbss.* .rel.gnu.linkonce.tb.*)

.rela.tbss
 *(.rela.tbss .rela.tbss.* .rela.gnu.linkonce.tb.*)

.rel.ctors
 *(.rel.ctors)

.rela.ctors
 *(.rela.ctors)

.rel.dtors
 *(.rel.dtors)

.rela.dtors
 *(.rela.dtors)

.rel.got
 *(.rel.got)

.rela.got
 *(.rela.got)

.rela.got1
 *(.rela.got1)

.rela.got2
 *(.rela.got2)

.rel.sdata
 *(.rel.sdata .rel.sdata.* .rel.gnu.linkonce.s.*)

.rela.sdata
 *(.rela.sdata .rela.sdata.* .rela.gnu.linkonce.s.*)

.rel.sbss
 *(.rel.sbss .rel.sbss.* .rel.gnu.linkonce.sb.*)

.rela.sbss
 *(.rela.sbss .rela.sbss.* .rel.gnu.linkonce.sb.*)

.rel.sdata2
 *(.rel.sdata2 .rel.sdata2.* .rel.gnu.linkonce.s2.*)

.rela.sdata2
 *(.rela.sdata2 .rela.sdata2.* .rela.gnu.linkonce.s2.*)

.rel.sbss2
 *(.rel.sbss2 .rel.sbss2.* .rel.gnu.linkonce.sb2.*)

.rela.sbss2
 *(.rela.sbss2 .rela.sbss2.* .rela.gnu.linkonce.sb2.*)

.rel.bss
 *(.rel.bss .rel.bss.* .rel.gnu.linkonce.b.*)

.rela.bss
 *(.rela.bss .rela.bss.* .rela.gnu.linkonce.b.*)

.rel.plt
 *(.rel.plt)

.rela.plt
 *(.rela.plt)

.text           0x800041a0    0x18ac0
 *(.text)
 .text          0x800041a0      0x44c C:/devkitPro/libogc/lib/wii\libogc.a(lwp_handler.o)
                0x800041a0                _cpu_context_save_fp
                0x800042e0                _cpu_context_restore_fp
                0x80004420                _cpu_context_switch
                0x80004500                _cpu_context_save
                0x80004580                _cpu_context_restore
 .text          0x800045ec      0x1ac C:/devkitPro/libogc/lib/wii\libogc.a(irq_handler.o)
                0x800045ec                irq_exceptionhandler
 .text          0x80004798      0x4f4 C:/devkitPro/libogc/lib/wii\libogc.a(cache_asm.o)
                0x80004798                DCFlashInvalidate
                0x800047ac                DCEnable
                0x800047c0                DCDisable
                0x800047d4                DCFreeze
                0x800047e8                DCUnfreeze
                0x800047fc                DCTouchLoad
                0x80004804                DCBlockZero
                0x8000480c                DCBlockStore
                0x80004814                DCBlockFlush
                0x8000481c                DCBlockInvalidate
                0x80004824                DCInvalidateRange
                0x80004854                DCFlushRange
                0x80004888                DCStoreRange
                0x800048bc                DCFlushRangeNoSync
                0x800048ec                DCStoreRangeNoSync
                0x8000491c                DCZeroRange
                0x8000494c                DCTouchRange
                0x8000497c                ICInvalidateRange
                0x800049b4                ICFlashInvalidate
                0x800049c8                ICEnable
                0x800049dc                ICDisable
                0x800049f0                ICFreeze
                0x80004a04                ICUnfreeze
                0x80004a18                ICBlockInvalidate
                0x80004a20                ICSync
                0x80004a28                L2Init
                0x80004a70                L2Enable
                0x80004a8c                L2Disable
                0x80004aa4                L2GlobalInvalidate
                0x80004afc                __LCEnable
                0x80004bc8                LCDisable
                0x80004bf0                LCAllocOneTag
                0x80004c04                LCAllocTags
                0x80004c44                LCLoadBlocks
                0x80004c68                LCStoreBlocks
 .text          0x80004c8c      0x4a0 C:/devkitPro/libogc/lib/wii\libogc.a(system_asm.o)
                0x80004c8c                __realmode
                0x80004ca4                __configBATS
                0x80004dd4                __InitFPRS
                0x80004f00                __InitPS
                0x80004f5c                __InitCache
                0x80004fb4                __InitSystem
                0x8000503c                __flush_cache
                0x80005070                __reset
                0x800050e0                __InitBATS
                0x800050fc                SYS_SwitchFiber
 .text          0x8000512c      0x1ac C:/devkitPro/libogc/lib/wii\libogc.a(decrementer_handler.o)
                0x8000512c                dec_exceptionhandler
 .text          0x800052d8      0x35c C:/devkitPro/libogc/lib/wii\libogc.a(exception_handler.o)
                0x800052d8                exceptionhandler_start
                0x80005354                exceptionhandler_patch
                0x80005388                exceptionhandler_end
                0x8000538c                default_exceptionhandler
                0x800054bc                fpu_exceptionhandler
                0x80005604                systemcallhandler_start
                0x80005630                systemcallhandler_end
 .text          0x80005634       0x48 C:/devkitPro/devkitPPC/bin/../lib/gcc/powerpc-eabi/14.2.0\libgcc.a(eabi.o)
                0x80005634                __eabi
 *(.text.*)
 .text.__do_global_dtors_aux
                0x8000567c       0xcc C:/devkitPro/devkitPPC/bin/../lib/gcc/powerpc-eabi/14.2.0/crtbegin.o
 .text.frame_dummy
                0x80005748       0x24 C:/devkitPro/devkitPPC/bin/../lib/gcc/powerpc-eabi/14.2.0/crtbegin.o
 .text.__crtmain
                0x8000576c       0x40 C:/devkitPro/devkitPPC/bin/../lib/gcc/powerpc-eabi/14.2.0/../../../../powerpc-eabi/lib/crtmain.o
                0x80005770                __crtmain
 .text.Initialise
                0x800057ac       0xb8 main.o
                0x800057ac                Initialise
 .text.startup.main
                0x80005864       0x20 main.o
                0x80005864                main
 .text.__console_clear_line
                0x80005884       0xb8 C:/devkitPro/libogc/lib/wii\libogc.a(console.o)
 .text.__console_clear
                0x8000593c       0xbc C:/devkitPro/libogc/lib/wii\libogc.a(console.o)
 .text.__console_write
                0x800059f8      0x830 C:/devkitPro/libogc/lib/wii\libogc.a(console.o)
                0x800059f8                __console_write
 .text.__console_init
                0x80006228      0x120 C:/devkitPro/libogc/lib/wii\libogc.a(console.o)
                0x80006228                __console_init
 .text.CON_Init
                0x80006348        0x4 C:/devkitPro/libogc/lib/wii\libogc.a(console.o)
                0x80006348                CON_Init
 .text.CON_EnableGecko
                0x8000634c      0x100 C:/devkitPro/libogc/lib/wii\libogc.a(console.o)
                0x8000634c                CON_EnableGecko
 .text.__VISendI2CData.constprop.0.isra.0
                0x8000644c      0x428 C:/devkitPro/libogc/lib/wii\libogc.a(video.o)
 .text.__setFbbRegs.constprop.0
                0x80006874      0x190 C:/devkitPro/libogc/lib/wii\libogc.a(video.o)
 .text.__VISetYUVSEL
                0x80006a04       0xb8 C:/devkitPro/libogc/lib/wii\libogc.a(video.o)
 .text.VIDEO_Configure
                0x80006abc      0x600 C:/devkitPro/libogc/lib/wii\libogc.a(video.o)
                0x80006abc                VIDEO_Configure
 .text.VIDEO_WaitVSync
                0x800070bc       0x74 C:/devkitPro/libogc/lib/wii\libogc.a(video.o)
                0x800070bc                VIDEO_WaitVSync
 .text.VIDEO_SetFramebuffer
                0x80007130       0xd0 C:/devkitPro/libogc/lib/wii\libogc.a(video.o)
                0x80007130                VIDEO_SetFramebuffer
 .text.VIDEO_SetNextFramebuffer
                0x80007200       0x70 C:/devkitPro/libogc/lib/wii\libogc.a(video.o)
                0x80007200                VIDEO_SetNextFramebuffer
 .text.VIDEO_Flush
                0x80007270       0xf4 C:/devkitPro/libogc/lib/wii\libogc.a(video.o)
                0x80007270                VIDEO_Flush
 .text.VIDEO_SetBlack
                0x80007364      0x15c C:/devkitPro/libogc/lib/wii\libogc.a(video.o)
                0x80007364                VIDEO_SetBlack
 .text.VIDEO_GetCurrentTvMode
                0x800074c0       0x78 C:/devkitPro/libogc/lib/wii\libogc.a(video.o)
                0x800074c0                VIDEO_GetCurrentTvMode
 .text.__VIRetraceHandler
                0x80007538      0x284 C:/devkitPro/libogc/lib/wii\libogc.a(video.o)
 .text.__VISetupEncoder
                0x800077bc      0x288 C:/devkitPro/libogc/lib/wii\libogc.a(video.o)
 .text.VIDEO_Init
                0x80007a44      0x3cc C:/devkitPro/libogc/lib/wii\libogc.a(video.o)
                0x80007a44                VIDEO_Init
 .text.VIDEO_GetPreferredMode
                0x80007e10      0x108 C:/devkitPro/libogc/lib/wii\libogc.a(video.o)
                0x80007e10                VIDEO_GetPreferredMode
 .text.VIDEO_GetCurrentLine
                0x80007f18       0xa0 C:/devkitPro/libogc/lib/wii\libogc.a(video.o)
                0x80007f18                VIDEO_GetCurrentLine
 .text.VIDEO_GetFrameBufferSize
                0x80007fb8       0x34 C:/devkitPro/libogc/lib/wii\libogc.a(video.o)
                0x80007fb8                VIDEO_GetFrameBufferSize
 .text.SPEC1_MakeStatus
                0x80007fec      0x104 C:/devkitPro/libogc/lib/wii\libogc.a(pad.o)
 .text.__pad_samplinghandler
                0x800080f0        0x4 C:/devkitPro/libogc/lib/wii\libogc.a(pad.o)
 .text.__pad_doreset
                0x800080f4       0x50 C:/devkitPro/libogc/lib/wii\libogc.a(pad.o)
 .text.__pad_updateorigin
                0x80008144       0xa4 C:/devkitPro/libogc/lib/wii\libogc.a(pad.o)
 .text.__pad_disable
                0x800081e8       0xbc C:/devkitPro/libogc/lib/wii\libogc.a(pad.o)
 .text.__pad_receivecheckcallback
                0x800082a4       0x84 C:/devkitPro/libogc/lib/wii\libogc.a(pad.o)
 .text.__pad_typeandstatuscallback
                0x80008328      0x1ac C:/devkitPro/libogc/lib/wii\libogc.a(pad.o)
 .text.__pad_originupdatecallback
                0x800084d4       0x2c C:/devkitPro/libogc/lib/wii\libogc.a(pad.o)
 .text.SPEC2_MakeStatus
                0x80008500      0x214 C:/devkitPro/libogc/lib/wii\libogc.a(pad.o)
 .text.__pad_onreset
                0x80008714      0x108 C:/devkitPro/libogc/lib/wii\libogc.a(pad.o)
 .text.__pad_origincallback
                0x8000881c       0x74 C:/devkitPro/libogc/lib/wii\libogc.a(pad.o)
 .text.__pad_probecallback
                0x80008890       0x88 C:/devkitPro/libogc/lib/wii\libogc.a(pad.o)
 .text.__PADDisableRecalibration
                0x80008918       0x60 C:/devkitPro/libogc/lib/wii\libogc.a(pad.o)
                0x80008918                __PADDisableRecalibration
 .text.PAD_Reset
                0x80008978       0xf0 C:/devkitPro/libogc/lib/wii\libogc.a(pad.o)
                0x80008978                PAD_Reset
 .text.PAD_Read
                0x80008a68      0x2d4 C:/devkitPro/libogc/lib/wii\libogc.a(pad.o)
                0x80008a68                PAD_Read
 .text.PAD_Init
                0x80008d3c      0x100 C:/devkitPro/libogc/lib/wii\libogc.a(pad.o)
                0x80008d3c                PAD_Init
 .text.PAD_ScanPads
                0x80008e3c      0x14c C:/devkitPro/libogc/lib/wii\libogc.a(pad.o)
                0x80008e3c                PAD_ScanPads
 .text.PAD_ButtonsDown
                0x80008f88       0x40 C:/devkitPro/libogc/lib/wii\libogc.a(pad.o)
                0x80008f88                PAD_ButtonsDown
 .text.__call_resetfuncs
                0x80008fc8       0xbc C:/devkitPro/libogc/lib/wii\libogc.a(system.o)
 .text.__MEMInterruptHandler
                0x80009084       0x14 C:/devkitPro/libogc/lib/wii\libogc.a(system.o)
 .text.__RSWDefaultHandler
                0x80009098        0x4 C:/devkitPro/libogc/lib/wii\libogc.a(system.o)
 .text.__POWDefaultHandler
                0x8000909c        0x4 C:/devkitPro/libogc/lib/wii\libogc.a(system.o)
 .text.__STMEventHandler
                0x800090a0      0x104 C:/devkitPro/libogc/lib/wii\libogc.a(system.o)
 .text.__getrtc
                0x800091a4      0x13c C:/devkitPro/libogc/lib/wii\libogc.a(system.o)
 .text.__sram_write
                0x800092e0      0x130 C:/devkitPro/libogc/lib/wii\libogc.a(system.o)
 .text.__sram_writecallback
                0x80009410       0x54 C:/devkitPro/libogc/lib/wii\libogc.a(system.o)
 .text.__mem_onreset
                0x80009464       0x48 C:/devkitPro/libogc/lib/wii\libogc.a(system.o)
 .text.__unlocksram
                0x800094ac      0x174 C:/devkitPro/libogc/lib/wii\libogc.a(system.o)
 .text.__sys_alarmhandler
                0x80009620      0x154 C:/devkitPro/libogc/lib/wii\libogc.a(system.o)
 .text.__syscall_malloc_lock
                0x80009774        0x4 C:/devkitPro/libogc/lib/wii\libogc.a(system.o)
                0x80009774                __syscall_malloc_lock
 .text.__syscall_malloc_unlock
                0x80009778        0x4 C:/devkitPro/libogc/lib/wii\libogc.a(system.o)
                0x80009778                __syscall_malloc_unlock
 .text.__SYS_GetRTC
                0x8000977c       0x98 C:/devkitPro/libogc/lib/wii\libogc.a(system.o)
                0x8000977c                __SYS_GetRTC
 .text.__SYS_SetBootTime
                0x80009814      0x108 C:/devkitPro/libogc/lib/wii\libogc.a(system.o)
                0x80009814                __SYS_SetBootTime
 .text.__SYS_GetIPCBufferLo
                0x8000991c        0x8 C:/devkitPro/libogc/lib/wii\libogc.a(system.o)
                0x8000991c                __SYS_GetIPCBufferLo
 .text.__SYS_GetIPCBufferHi
                0x80009924        0x8 C:/devkitPro/libogc/lib/wii\libogc.a(system.o)
                0x80009924                __SYS_GetIPCBufferHi
 .text.__SYS_PreInit
                0x8000992c        0x4 C:/devkitPro/libogc/lib/wii\libogc.a(system.o)
                0x8000992c                __SYS_PreInit
 .text.SYS_PreMain
                0x80009930       0x7c C:/devkitPro/libogc/lib/wii\libogc.a(system.o)
                0x80009930                SYS_PreMain
 .text.SYS_ResetButtonDown
                0x800099ac       0x18 C:/devkitPro/libogc/lib/wii\libogc.a(system.o)
                0x800099ac                SYS_ResetButtonDown
 .text.SYS_ResetSystem
                0x800099c4      0x1f8 C:/devkitPro/libogc/lib/wii\libogc.a(system.o)
                0x800099c4                SYS_ResetSystem
 .text.__reload
                0x80009bbc       0x84 C:/devkitPro/libogc/lib/wii\libogc.a(system.o)
                0x80009bbc                __reload
 .text.__syscall_exit
                0x80009c40       0x8c C:/devkitPro/libogc/lib/wii\libogc.a(system.o)
                0x80009c40                __syscall_exit
 .text.SYS_RegisterResetFunc
                0x80009ccc       0x78 C:/devkitPro/libogc/lib/wii\libogc.a(system.o)
                0x80009ccc                SYS_RegisterResetFunc
 .text.SYS_SetArena1Lo
                0x80009d44       0x38 C:/devkitPro/libogc/lib/wii\libogc.a(system.o)
                0x80009d44                SYS_SetArena1Lo
 .text.SYS_GetArena1Lo
                0x80009d7c       0x38 C:/devkitPro/libogc/lib/wii\libogc.a(system.o)
                0x80009d7c                SYS_GetArena1Lo
 .text.SYS_GetArena1Hi
                0x80009db4       0x38 C:/devkitPro/libogc/lib/wii\libogc.a(system.o)
                0x80009db4                SYS_GetArena1Hi
 .text.SYS_SetArena2Lo
                0x80009dec       0x38 C:/devkitPro/libogc/lib/wii\libogc.a(system.o)
                0x80009dec                SYS_SetArena2Lo
 .text.SYS_GetArena2Lo
                0x80009e24       0x38 C:/devkitPro/libogc/lib/wii\libogc.a(system.o)
                0x80009e24                SYS_GetArena2Lo
 .text.SYS_GetArena2Hi
                0x80009e5c       0x38 C:/devkitPro/libogc/lib/wii\libogc.a(system.o)
                0x80009e5c                SYS_GetArena2Hi
 .text.SYS_AllocateFramebuffer
                0x80009e94       0x28 C:/devkitPro/libogc/lib/wii\libogc.a(system.o)
                0x80009e94                SYS_AllocateFramebuffer
 .text.SYS_CreateAlarm
                0x80009ebc      0x104 C:/devkitPro/libogc/lib/wii\libogc.a(system.o)
                0x80009ebc                SYS_CreateAlarm
 .text.SYS_SetAlarm
                0x80009fc0      0x1e0 C:/devkitPro/libogc/lib/wii\libogc.a(system.o)
                0x80009fc0                SYS_SetAlarm
 .text.SYS_CancelAlarm
                0x8000a1a0       0xbc C:/devkitPro/libogc/lib/wii\libogc.a(system.o)
                0x8000a1a0                SYS_CancelAlarm
 .text.SYS_GetWirelessID
                0x8000a25c       0x90 C:/devkitPro/libogc/lib/wii\libogc.a(system.o)
                0x8000a25c                SYS_GetWirelessID
 .text.SYS_SetWirelessID
                0x8000a2ec       0x90 C:/devkitPro/libogc/lib/wii\libogc.a(system.o)
                0x8000a2ec                SYS_SetWirelessID
 .text.SYS_SetGBSMode
                0x8000a37c       0xa8 C:/devkitPro/libogc/lib/wii\libogc.a(system.o)
                0x8000a37c                SYS_SetGBSMode
 .text.__sram_init
                0x8000a424      0x1b8 C:/devkitPro/libogc/lib/wii\libogc.a(system.o)
                0x8000a424                __sram_init
 .text.SYS_Init
                0x8000a5dc      0x5b4 C:/devkitPro/libogc/lib/wii\libogc.a(system.o)
                0x8000a5dc                SYS_Init
 .text.SYS_GetHollywoodRevision
                0x8000ab90       0x3c C:/devkitPro/libogc/lib/wii\libogc.a(system.o)
                0x8000ab90                SYS_GetHollywoodRevision
 .text.SYS_Time
                0x8000abcc       0x78 C:/devkitPro/libogc/lib/wii\libogc.a(system.o)
                0x8000abcc                SYS_Time
 .text.__lwp_cond_init
                0x8000ac44       0x14 C:/devkitPro/libogc/lib/wii\libogc.a(cond.o)
                0x8000ac44                __lwp_cond_init
 .text.__decrementer_init
                0x8000ac58        0x4 C:/devkitPro/libogc/lib/wii\libogc.a(decrementer.o)
                0x8000ac58                __decrementer_init
 .text.c_decrementer_handler
                0x8000ac5c        0xc C:/devkitPro/libogc/lib/wii\libogc.a(decrementer.o)
                0x8000ac5c                c_decrementer_handler
 .text.__lwp_mqbox_init
                0x8000ac68       0x14 C:/devkitPro/libogc/lib/wii\libogc.a(message.o)
                0x8000ac68                __lwp_mqbox_init
 .text.__si_transfer
                0x8000ac7c      0x194 C:/devkitPro/libogc/lib/wii\libogc.a(si.o)
 .text.__si_alarmhandler
                0x8000ae10       0xdc C:/devkitPro/libogc/lib/wii\libogc.a(si.o)
 .text.__si_completetransfer
                0x8000aeec      0x1fc C:/devkitPro/libogc/lib/wii\libogc.a(si.o)
 .text.__si_transfernext
                0x8000b0e8       0xe0 C:/devkitPro/libogc/lib/wii\libogc.a(si.o)
 .text.SI_Busy  0x8000b1c8       0x18 C:/devkitPro/libogc/lib/wii\libogc.a(si.o)
                0x8000b1c8                SI_Busy
 .text.SI_IsChanBusy
                0x8000b1e0       0x38 C:/devkitPro/libogc/lib/wii\libogc.a(si.o)
                0x8000b1e0                SI_IsChanBusy
 .text.SI_SetXY
                0x8000b218       0x64 C:/devkitPro/libogc/lib/wii\libogc.a(si.o)
                0x8000b218                SI_SetXY
 .text.SI_EnablePolling
                0x8000b27c       0x78 C:/devkitPro/libogc/lib/wii\libogc.a(si.o)
                0x8000b27c                SI_EnablePolling
 .text.SI_DisablePolling
                0x8000b2f4       0x58 C:/devkitPro/libogc/lib/wii\libogc.a(si.o)
                0x8000b2f4                SI_DisablePolling
 .text.SI_SetSamplingRate
                0x8000b34c       0xd8 C:/devkitPro/libogc/lib/wii\libogc.a(si.o)
                0x8000b34c                SI_SetSamplingRate
 .text.SI_RefreshSamplingRate
                0x8000b424        0x8 C:/devkitPro/libogc/lib/wii\libogc.a(si.o)
                0x8000b424                SI_RefreshSamplingRate
 .text.SI_GetStatus
                0x8000b42c       0x78 C:/devkitPro/libogc/lib/wii\libogc.a(si.o)
                0x8000b42c                SI_GetStatus
 .text.SI_GetResponseRaw
                0x8000b4a4       0xe8 C:/devkitPro/libogc/lib/wii\libogc.a(si.o)
                0x8000b4a4                SI_GetResponseRaw
 .text.SI_GetResponse
                0x8000b58c       0xb8 C:/devkitPro/libogc/lib/wii\libogc.a(si.o)
                0x8000b58c                SI_GetResponse
 .text.SI_SetCommand
                0x8000b644       0x10 C:/devkitPro/libogc/lib/wii\libogc.a(si.o)
                0x8000b644                SI_SetCommand
 .text.SI_Transfer
                0x8000b654      0x268 C:/devkitPro/libogc/lib/wii\libogc.a(si.o)
                0x8000b654                SI_Transfer
 .text.__si_gettypecallback
                0x8000b8bc      0x2c0 C:/devkitPro/libogc/lib/wii\libogc.a(si.o)
 .text.__si_interrupthandler
                0x8000bb7c      0x268 C:/devkitPro/libogc/lib/wii\libogc.a(si.o)
 .text.SI_GetType
                0x8000bde4      0x214 C:/devkitPro/libogc/lib/wii\libogc.a(si.o)
                0x8000bde4                SI_GetType
 .text.SI_GetTypeAsync
                0x8000bff8      0x138 C:/devkitPro/libogc/lib/wii\libogc.a(si.o)
                0x8000bff8                SI_GetTypeAsync
 .text.SI_EnablePollingInterrupt
                0x8000c130       0x8c C:/devkitPro/libogc/lib/wii\libogc.a(si.o)
                0x8000c130                SI_EnablePollingInterrupt
 .text.SI_UnregisterPollingHandler
                0x8000c1bc       0xe0 C:/devkitPro/libogc/lib/wii\libogc.a(si.o)
                0x8000c1bc                SI_UnregisterPollingHandler
 .text.__si_init
                0x8000c29c       0xe0 C:/devkitPro/libogc/lib/wii\libogc.a(si.o)
                0x8000c29c                __si_init
 .text.__ipc_sendrequest.part.0
                0x8000c37c       0xdc C:/devkitPro/libogc/lib/wii\libogc.a(ipc.o)
 .text.__ipc_syncrequest
                0x8000c458       0xec C:/devkitPro/libogc/lib/wii\libogc.a(ipc.o)
 .text.__ioctlvfmtCB
                0x8000c544      0x158 C:/devkitPro/libogc/lib/wii\libogc.a(ipc.o)
 .text.__ios_ioctlvformat_parse
                0x8000c69c      0x820 C:/devkitPro/libogc/lib/wii\libogc.a(ipc.o)
 .text.__ipc_asyncrequest
                0x8000cebc      0x148 C:/devkitPro/libogc/lib/wii\libogc.a(ipc.o)
 .text.__ipc_interrupthandler
                0x8000d004      0x34c C:/devkitPro/libogc/lib/wii\libogc.a(ipc.o)
 .text.iosCreateHeap
                0x8000d350      0x138 C:/devkitPro/libogc/lib/wii\libogc.a(ipc.o)
                0x8000d350                iosCreateHeap
 .text.__IPC_ClntInit
                0x8000d488       0xc8 C:/devkitPro/libogc/lib/wii\libogc.a(ipc.o)
                0x8000d488                __IPC_ClntInit
 .text.IOS_Open
                0x8000d550      0x110 C:/devkitPro/libogc/lib/wii\libogc.a(ipc.o)
                0x8000d550                IOS_Open
 .text.IOS_Close
                0x8000d660       0xf0 C:/devkitPro/libogc/lib/wii\libogc.a(ipc.o)
                0x8000d660                IOS_Close
 .text.IOS_Read
                0x8000d750      0x10c C:/devkitPro/libogc/lib/wii\libogc.a(ipc.o)
                0x8000d750                IOS_Read
 .text.IOS_Write
                0x8000d85c      0x10c C:/devkitPro/libogc/lib/wii\libogc.a(ipc.o)
                0x8000d85c                IOS_Write
 .text.IOS_Ioctl
                0x8000d968      0x158 C:/devkitPro/libogc/lib/wii\libogc.a(ipc.o)
                0x8000d968                IOS_Ioctl
 .text.IOS_IoctlAsync
                0x8000dac0      0x148 C:/devkitPro/libogc/lib/wii\libogc.a(ipc.o)
                0x8000dac0                IOS_IoctlAsync
 .text.IOS_Ioctlv
                0x8000dc08      0x1f0 C:/devkitPro/libogc/lib/wii\libogc.a(ipc.o)
                0x8000dc08                IOS_Ioctlv
 .text.IOS_IoctlvFormat
                0x8000ddf8      0x16c C:/devkitPro/libogc/lib/wii\libogc.a(ipc.o)
                0x8000ddf8                IOS_IoctlvFormat
 .text.IOS_IoctlvReboot
                0x8000df64      0x1f4 C:/devkitPro/libogc/lib/wii\libogc.a(ipc.o)
                0x8000df64                IOS_IoctlvReboot
 .text.gettick  0x8000e158        0x8 C:/devkitPro/libogc/lib/wii\libogc.a(timesupp.o)
                0x8000e158                gettick
 .text.gettime  0x8000e160       0x18 C:/devkitPro/libogc/lib/wii\libogc.a(timesupp.o)
                0x8000e160                gettime
 .text.settime  0x8000e178       0x14 C:/devkitPro/libogc/lib/wii\libogc.a(timesupp.o)
                0x8000e178                settime
 .text.diff_usec
                0x8000e18c       0x88 C:/devkitPro/libogc/lib/wii\libogc.a(timesupp.o)
                0x8000e18c                diff_usec
 .text.__timesystem_init
                0x8000e214       0x1c C:/devkitPro/libogc/lib/wii\libogc.a(timesupp.o)
                0x8000e214                __timesystem_init
 .text.udelay   0x8000e230       0xac C:/devkitPro/libogc/lib/wii\libogc.a(timesupp.o)
                0x8000e230                udelay
 .text.__syscall_lock_init
                0x8000e2dc       0x6c C:/devkitPro/libogc/lib/wii\libogc.a(lock_supp.o)
                0x8000e2dc                __syscall_lock_init
 .text.__syscall_lock_init_recursive
                0x8000e348       0x6c C:/devkitPro/libogc/lib/wii\libogc.a(lock_supp.o)
                0x8000e348                __syscall_lock_init_recursive
 .text.__syscall_lock_close
                0x8000e3b4       0x68 C:/devkitPro/libogc/lib/wii\libogc.a(lock_supp.o)
                0x8000e3b4                __syscall_lock_close
 .text.__syscall_lock_acquire
                0x8000e41c       0x18 C:/devkitPro/libogc/lib/wii\libogc.a(lock_supp.o)
                0x8000e41c                __syscall_lock_acquire
 .text.__syscall_lock_release
                0x8000e434       0x18 C:/devkitPro/libogc/lib/wii\libogc.a(lock_supp.o)
                0x8000e434                __syscall_lock_release
 .text.__usbgecko_exi_unlock
                0x8000e44c       0x34 C:/devkitPro/libogc/lib/wii\libogc.a(usbgecko.o)
 .text.usb_isgeckoalive
                0x8000e480      0x1bc C:/devkitPro/libogc/lib/wii\libogc.a(usbgecko.o)
                0x8000e480                usb_isgeckoalive
 .text.usb_sendbuffer_ex
                0x8000e63c      0x214 C:/devkitPro/libogc/lib/wii\libogc.a(usbgecko.o)
                0x8000e63c                usb_sendbuffer_ex
 .text.usb_sendbuffer
                0x8000e850        0x8 C:/devkitPro/libogc/lib/wii\libogc.a(usbgecko.o)
                0x8000e850                usb_sendbuffer
 .text.usb_sendbuffer_safe_ex
                0x8000e858      0x2ac C:/devkitPro/libogc/lib/wii\libogc.a(usbgecko.o)
                0x8000e858                usb_sendbuffer_safe_ex
 .text.usb_sendbuffer_safe
                0x8000eb04        0x8 C:/devkitPro/libogc/lib/wii\libogc.a(usbgecko.o)
                0x8000eb04                usb_sendbuffer_safe
 .text._sbrk_r  0x8000eb0c      0x28c C:/devkitPro/libogc/lib/wii\libogc.a(sbrk.o)
                0x8000eb0c                _sbrk_r
 .text.__memlock_init
                0x8000ed98       0x7c C:/devkitPro/libogc/lib/wii\libogc.a(malloc_lock.o)
                0x8000ed98                __memlock_init
 .text.__libogc_malloc_lock
                0x8000ee14      0x1fc C:/devkitPro/libogc/lib/wii\libogc.a(malloc_lock.o)
                0x8000ee14                __libogc_malloc_lock
 .text.__libogc_malloc_unlock
                0x8000f010       0x64 C:/devkitPro/libogc/lib/wii\libogc.a(malloc_lock.o)
                0x8000f010                __libogc_malloc_unlock
 .text.__STM_SetEventHook
                0x8000f074       0xb0 C:/devkitPro/libogc/lib/wii\libogc.a(stm.o)
                0x8000f074                __STM_SetEventHook
 .text.__STM_Init
                0x8000f124       0x8c C:/devkitPro/libogc/lib/wii\libogc.a(stm.o)
                0x8000f124                __STM_Init
 .text.__STMEventHandler
                0x8000f1b0       0x64 C:/devkitPro/libogc/lib/wii\libogc.a(stm.o)
 .text.__STM_ReleaseEventHook
                0x8000f214       0x80 C:/devkitPro/libogc/lib/wii\libogc.a(stm.o)
                0x8000f214                __STM_ReleaseEventHook
 .text.__STM_Close
                0x8000f294       0xac C:/devkitPro/libogc/lib/wii\libogc.a(stm.o)
                0x8000f294                __STM_Close
 .text.STM_RegisterEventHandler
                0x8000f340       0x10 C:/devkitPro/libogc/lib/wii\libogc.a(stm.o)
                0x8000f340                STM_RegisterEventHandler
 .text.STM_ShutdownToStandby
                0x8000f350       0x50 C:/devkitPro/libogc/lib/wii\libogc.a(stm.o)
                0x8000f350                STM_ShutdownToStandby
 .text.STM_ShutdownToIdle
                0x8000f3a0       0x70 C:/devkitPro/libogc/lib/wii\libogc.a(stm.o)
                0x8000f3a0                STM_ShutdownToIdle
 .text.STM_SetLedMode
                0x8000f410       0x40 C:/devkitPro/libogc/lib/wii\libogc.a(stm.o)
                0x8000f410                STM_SetLedMode
 .text.STM_RebootSystem
                0x8000f450       0x50 C:/devkitPro/libogc/lib/wii\libogc.a(stm.o)
                0x8000f450                STM_RebootSystem
 .text.__IOS_InitializeSubsystems
                0x8000f4a0       0x44 C:/devkitPro/libogc/lib/wii\libogc.a(ios.o)
                0x8000f4a0                __IOS_InitializeSubsystems
 .text.__IOS_ShutdownSubsystems
                0x8000f4e4       0x44 C:/devkitPro/libogc/lib/wii\libogc.a(ios.o)
                0x8000f4e4                __IOS_ShutdownSubsystems
 .text.__IOS_LoadStartupIOS
                0x8000f528        0x8 C:/devkitPro/libogc/lib/wii\libogc.a(ios.o)
                0x8000f528                __IOS_LoadStartupIOS
 .text._ES_fstat_r
                0x8000f530      0x120 C:/devkitPro/libogc/lib/wii\libogc.a(es.o)
 .text._ES_seek_r
                0x8000f650       0xdc C:/devkitPro/libogc/lib/wii\libogc.a(es.o)
 .text._ES_close_r
                0x8000f72c       0xac C:/devkitPro/libogc/lib/wii\libogc.a(es.o)
 .text.__ES_Init
                0x8000f7d8       0x78 C:/devkitPro/libogc/lib/wii\libogc.a(es.o)
                0x8000f7d8                __ES_Init
 .text.__ES_Close
                0x8000f850       0x54 C:/devkitPro/libogc/lib/wii\libogc.a(es.o)
                0x8000f850                __ES_Close
 .text.ES_GetTitleID
                0x8000f8a4       0x94 C:/devkitPro/libogc/lib/wii\libogc.a(es.o)
                0x8000f8a4                ES_GetTitleID
 .text.ES_LaunchTitle
                0x8000f938       0xa4 C:/devkitPro/libogc/lib/wii\libogc.a(es.o)
                0x8000f938                ES_LaunchTitle
 .text.ES_GetNumTicketViews
                0x8000f9dc       0x98 C:/devkitPro/libogc/lib/wii\libogc.a(es.o)
                0x8000f9dc                ES_GetNumTicketViews
 .text.ES_GetTicketViews
                0x8000fa74       0x8c C:/devkitPro/libogc/lib/wii\libogc.a(es.o)
                0x8000fa74                ES_GetTicketViews
 .text.ES_GetStoredTMD
                0x8000fb00       0x90 C:/devkitPro/libogc/lib/wii\libogc.a(es.o)
                0x8000fb00                ES_GetStoredTMD
 .text._ES_decodepath
                0x8000fb90      0x440 C:/devkitPro/libogc/lib/wii\libogc.a(es.o)
 .text._ES_stat_r
                0x8000ffd0       0xec C:/devkitPro/libogc/lib/wii\libogc.a(es.o)
 .text._ES_open_r
                0x800100bc      0x1d0 C:/devkitPro/libogc/lib/wii\libogc.a(es.o)
 .text.ES_ReadContent
                0x8001028c       0x6c C:/devkitPro/libogc/lib/wii\libogc.a(es.o)
                0x8001028c                ES_ReadContent
 .text._ES_read_r
                0x800102f8      0x1a0 C:/devkitPro/libogc/lib/wii\libogc.a(es.o)
 .text.__CheckARGV
                0x80010498       0x80 C:/devkitPro/libogc/lib/wii\libogc.a(argv.o)
                0x80010498                __CheckARGV
 .text.CONF_Init
                0x80010518      0x180 C:/devkitPro/libogc/lib/wii\libogc.a(conf.o)
                0x80010518                CONF_Init
 .text.__CONF_GetTxt
                0x80010698      0x208 C:/devkitPro/libogc/lib/wii\libogc.a(conf.o)
                0x80010698                __CONF_GetTxt
 .text.__CONF_Find
                0x800108a0       0xfc C:/devkitPro/libogc/lib/wii\libogc.a(conf.o)
                0x800108a0                __CONF_Find
 .text.CONF_GetLength
                0x8001099c      0x12c C:/devkitPro/libogc/lib/wii\libogc.a(conf.o)
                0x8001099c                CONF_GetLength
 .text.CONF_Get
                0x80010ac8      0x140 C:/devkitPro/libogc/lib/wii\libogc.a(conf.o)
                0x80010ac8                CONF_Get
 .text.CONF_GetShutdownMode
                0x80010c08       0x54 C:/devkitPro/libogc/lib/wii\libogc.a(conf.o)
                0x80010c08                CONF_GetShutdownMode
 .text.CONF_GetIdleLedMode
                0x80010c5c       0x54 C:/devkitPro/libogc/lib/wii\libogc.a(conf.o)
                0x80010c5c                CONF_GetIdleLedMode
 .text.CONF_GetProgressiveScan
                0x80010cb0       0x54 C:/devkitPro/libogc/lib/wii\libogc.a(conf.o)
                0x80010cb0                CONF_GetProgressiveScan
 .text.CONF_GetEuRGB60
                0x80010d04       0x54 C:/devkitPro/libogc/lib/wii\libogc.a(conf.o)
                0x80010d04                CONF_GetEuRGB60
 .text.CONF_GetCounterBias
                0x80010d58       0x4c C:/devkitPro/libogc/lib/wii\libogc.a(conf.o)
                0x80010d58                CONF_GetCounterBias
 .text.CONF_GetDisplayOffsetH
                0x80010da4       0x4c C:/devkitPro/libogc/lib/wii\libogc.a(conf.o)
                0x80010da4                CONF_GetDisplayOffsetH
 .text.CONF_GetVideo
                0x80010df0       0x88 C:/devkitPro/libogc/lib/wii\libogc.a(conf.o)
                0x80010df0                CONF_GetVideo
 .text.__WII_WriteNANDBootInfo.isra.0
                0x80010e78       0xbc C:/devkitPro/libogc/lib/wii\libogc.a(wiilaunch.o)
 .text.__WII_WriteStateFlags.isra.0
                0x80010f34       0x94 C:/devkitPro/libogc/lib/wii\libogc.a(wiilaunch.o)
 .text.WII_Initialize
                0x80010fc8      0x188 C:/devkitPro/libogc/lib/wii\libogc.a(wiilaunch.o)
                0x80010fc8                WII_Initialize
 .text.WII_LaunchTitle
                0x80011150      0x1ac C:/devkitPro/libogc/lib/wii\libogc.a(wiilaunch.o)
                0x80011150                WII_LaunchTitle
 .text.WII_ReturnToMenu
                0x800112fc       0x58 C:/devkitPro/libogc/lib/wii\libogc.a(wiilaunch.o)
                0x800112fc                WII_ReturnToMenu
 .text.__lwp_priority_init
                0x80011354       0x1c C:/devkitPro/libogc/lib/wii\libogc.a(lwp_priority.o)
                0x80011354                __lwp_priority_init
 .text.__lwp_threadqueue_enqueuefifo
                0x80011370      0x12c C:/devkitPro/libogc/lib/wii\libogc.a(lwp_threadq.o)
                0x80011370                __lwp_threadqueue_enqueuefifo
 .text.__lwp_threadqueue_dequeuefifo
                0x8001149c      0x140 C:/devkitPro/libogc/lib/wii\libogc.a(lwp_threadq.o)
                0x8001149c                __lwp_threadqueue_dequeuefifo
 .text.__lwp_threadqueue_enqueuepriority
                0x800115dc      0x338 C:/devkitPro/libogc/lib/wii\libogc.a(lwp_threadq.o)
                0x800115dc                __lwp_threadqueue_enqueuepriority
 .text.__lwp_threadqueue_dequeuepriority
                0x80011914      0x1d8 C:/devkitPro/libogc/lib/wii\libogc.a(lwp_threadq.o)
                0x80011914                __lwp_threadqueue_dequeuepriority
 .text.__lwp_threadqueue_init
                0x80011aec       0x64 C:/devkitPro/libogc/lib/wii\libogc.a(lwp_threadq.o)
                0x80011aec                __lwp_threadqueue_init
 .text.__lwp_threadqueue_enqueue
                0x80011b50      0x138 C:/devkitPro/libogc/lib/wii\libogc.a(lwp_threadq.o)
                0x80011b50                __lwp_threadqueue_enqueue
 .text.__lwp_threadqueue_dequeue
                0x80011c88       0x24 C:/devkitPro/libogc/lib/wii\libogc.a(lwp_threadq.o)
                0x80011c88                __lwp_threadqueue_dequeue
 .text.__lwp_threadqueue_flush
                0x80011cac       0x68 C:/devkitPro/libogc/lib/wii\libogc.a(lwp_threadq.o)
                0x80011cac                __lwp_threadqueue_flush
 .text.__lwp_threadqueue_extractfifo
                0x80011d14       0xe8 C:/devkitPro/libogc/lib/wii\libogc.a(lwp_threadq.o)
                0x80011d14                __lwp_threadqueue_extractfifo
 .text.__lwp_threadqueue_extractpriority
                0x80011dfc      0x148 C:/devkitPro/libogc/lib/wii\libogc.a(lwp_threadq.o)
                0x80011dfc                __lwp_threadqueue_extractpriority
 .text.__lwp_threadqueue_timeout
                0x80011f44       0xd0 C:/devkitPro/libogc/lib/wii\libogc.a(lwp_threadq.o)
 .text.__lwp_threadqueue_extractproxy
                0x80012014       0x64 C:/devkitPro/libogc/lib/wii\libogc.a(lwp_threadq.o)
                0x80012014                __lwp_threadqueue_extractproxy
 .text.__syscall_getreent
                0x80012078       0x24 C:/devkitPro/libogc/lib/wii\libogc.a(lwp_threads.o)
                0x80012078                __syscall_getreent
 .text.__lwp_isr_in_progress
                0x8001209c        0x8 C:/devkitPro/libogc/lib/wii\libogc.a(lwp_threads.o)
                0x8001209c                __lwp_isr_in_progress
 .text.__thread_dispatch_fp
                0x800120a4       0x88 C:/devkitPro/libogc/lib/wii\libogc.a(lwp_threads.o)
                0x800120a4                __thread_dispatch_fp
 .text.__thread_dispatch
                0x8001212c       0xf4 C:/devkitPro/libogc/lib/wii\libogc.a(lwp_threads.o)
                0x8001212c                __thread_dispatch
 .text.__lwp_thread_resettimeslice
                0x80012220       0xb4 C:/devkitPro/libogc/lib/wii\libogc.a(lwp_threads.o)
                0x80012220                __lwp_thread_resettimeslice
 .text.__lwp_thread_tickle_timeslice
                0x800122d4       0xc8 C:/devkitPro/libogc/lib/wii\libogc.a(lwp_threads.o)
                0x800122d4                __lwp_thread_tickle_timeslice
 .text.__lwp_thread_setstate
                0x8001239c      0x16c C:/devkitPro/libogc/lib/wii\libogc.a(lwp_threads.o)
                0x8001239c                __lwp_thread_setstate
 .text.__lwp_thread_clearstate
                0x80012508       0xe4 C:/devkitPro/libogc/lib/wii\libogc.a(lwp_threads.o)
                0x80012508                __lwp_thread_clearstate
 .text.__lwp_thread_settransient
                0x800125ec       0xb4 C:/devkitPro/libogc/lib/wii\libogc.a(lwp_threads.o)
                0x800125ec                __lwp_thread_settransient
 .text.__lwp_thread_changepriority
                0x800126a0      0x1f8 C:/devkitPro/libogc/lib/wii\libogc.a(lwp_threads.o)
                0x800126a0                __lwp_thread_changepriority
 .text.__lwp_thread_ready
                0x80012898       0xf0 C:/devkitPro/libogc/lib/wii\libogc.a(lwp_threads.o)
                0x80012898                __lwp_thread_ready
 .text.__lwp_thread_init
                0x80012988      0x160 C:/devkitPro/libogc/lib/wii\libogc.a(lwp_threads.o)
                0x80012988                __lwp_thread_init
 .text.__lwp_thread_close
                0x80012ae8      0x144 C:/devkitPro/libogc/lib/wii\libogc.a(lwp_threads.o)
                0x80012ae8                __lwp_thread_close
 .text.__lwp_thread_handler
                0x80012c2c       0xc0 C:/devkitPro/libogc/lib/wii\libogc.a(lwp_threads.o)
 .text.__lwp_thread_closeall
                0x80012cec       0xb0 C:/devkitPro/libogc/lib/wii\libogc.a(lwp_threads.o)
                0x80012cec                __lwp_thread_closeall
 .text.__lwp_thread_start
                0x80012d9c      0x150 C:/devkitPro/libogc/lib/wii\libogc.a(lwp_threads.o)
                0x80012d9c                __lwp_thread_start
 .text.__lwp_thread_startmultitasking
                0x80012eec       0xac C:/devkitPro/libogc/lib/wii\libogc.a(lwp_threads.o)
                0x80012eec                __lwp_thread_startmultitasking
 .text.__lwp_thread_stopmultitasking
                0x80012f98       0x58 C:/devkitPro/libogc/lib/wii\libogc.a(lwp_threads.o)
                0x80012f98                __lwp_thread_stopmultitasking
 .text.__lwp_thread_coreinit
                0x80012ff0       0xc4 C:/devkitPro/libogc/lib/wii\libogc.a(lwp_threads.o)
                0x80012ff0                __lwp_thread_coreinit
 .text.idle_func
                0x800130b4        0x4 C:/devkitPro/libogc/lib/wii\libogc.a(lwp.o)
 .text.__lwp_sysinit
                0x800130b8      0x114 C:/devkitPro/libogc/lib/wii\libogc.a(lwp.o)
                0x800130b8                __lwp_sysinit
 .text.LWP_InitQueue
                0x800131cc      0x148 C:/devkitPro/libogc/lib/wii\libogc.a(lwp.o)
                0x800131cc                LWP_InitQueue
 .text.LWP_CloseQueue
                0x80013314       0xd4 C:/devkitPro/libogc/lib/wii\libogc.a(lwp.o)
                0x80013314                LWP_CloseQueue
 .text.LWP_ThreadSleep
                0x800133e8       0xf8 C:/devkitPro/libogc/lib/wii\libogc.a(lwp.o)
                0x800133e8                LWP_ThreadSleep
 .text.LWP_ThreadBroadcast
                0x800134e0       0x88 C:/devkitPro/libogc/lib/wii\libogc.a(lwp.o)
                0x800134e0                LWP_ThreadBroadcast
 .text.LWP_ThreadSignal
                0x80013568       0x74 C:/devkitPro/libogc/lib/wii\libogc.a(lwp.o)
                0x80013568                LWP_ThreadSignal
 .text.__lwp_stack_allocate
                0x800135dc       0x60 C:/devkitPro/libogc/lib/wii\libogc.a(lwp_stack.o)
                0x800135dc                __lwp_stack_allocate
 .text.__lwp_stack_free
                0x8001363c       0x1c C:/devkitPro/libogc/lib/wii\libogc.a(lwp_stack.o)
                0x8001363c                __lwp_stack_free
 .text.__lwp_mutex_initialize
                0x80013658       0xa4 C:/devkitPro/libogc/lib/wii\libogc.a(lwp_mutex.o)
                0x80013658                __lwp_mutex_initialize
 .text.__lwp_mutex_surrender
                0x800136fc      0x14c C:/devkitPro/libogc/lib/wii\libogc.a(lwp_mutex.o)
                0x800136fc                __lwp_mutex_surrender
 .text.__lwp_mutex_seize_irq_blocking
                0x80013848       0xf8 C:/devkitPro/libogc/lib/wii\libogc.a(lwp_mutex.o)
                0x80013848                __lwp_mutex_seize_irq_blocking
 .text.__lwp_mutex_flush
                0x80013940        0x4 C:/devkitPro/libogc/lib/wii\libogc.a(lwp_mutex.o)
                0x80013940                __lwp_mutex_flush
 .text.__lwp_wd_settimer
                0x80013944       0xdc C:/devkitPro/libogc/lib/wii\libogc.a(lwp_watchdog.o)
 .text.__lwp_watchdog_init
                0x80013a20       0x2c C:/devkitPro/libogc/lib/wii\libogc.a(lwp_watchdog.o)
                0x80013a20                __lwp_watchdog_init
 .text.__lwp_wd_insert
                0x80013a4c      0x19c C:/devkitPro/libogc/lib/wii\libogc.a(lwp_watchdog.o)
                0x80013a4c                __lwp_wd_insert
 .text.__lwp_wd_remove
                0x80013be8      0x138 C:/devkitPro/libogc/lib/wii\libogc.a(lwp_watchdog.o)
                0x80013be8                __lwp_wd_remove
 .text.__lwp_wd_tickle
                0x80013d20      0x120 C:/devkitPro/libogc/lib/wii\libogc.a(lwp_watchdog.o)
                0x80013d20                __lwp_wd_tickle
 .text.__lwp_wkspace_init
                0x80013e40       0xc0 C:/devkitPro/libogc/lib/wii\libogc.a(lwp_wkspace.o)
                0x80013e40                __lwp_wkspace_init
 .text.__lwp_objmgr_initinfo
                0x80013f00      0x1a0 C:/devkitPro/libogc/lib/wii\libogc.a(lwp_objmgr.o)
                0x80013f00                __lwp_objmgr_initinfo
 .text.__lwp_objmgr_getisrdisable
                0x800140a0       0x60 C:/devkitPro/libogc/lib/wii\libogc.a(lwp_objmgr.o)
                0x800140a0                __lwp_objmgr_getisrdisable
 .text.__lwp_objmgr_getnoprotection
                0x80014100       0x24 C:/devkitPro/libogc/lib/wii\libogc.a(lwp_objmgr.o)
                0x80014100                __lwp_objmgr_getnoprotection
 .text.__lwp_objmgr_get
                0x80014124       0x6c C:/devkitPro/libogc/lib/wii\libogc.a(lwp_objmgr.o)
                0x80014124                __lwp_objmgr_get
 .text.__lwp_objmgr_allocate
                0x80014190       0x88 C:/devkitPro/libogc/lib/wii\libogc.a(lwp_objmgr.o)
                0x80014190                __lwp_objmgr_allocate
 .text.__lwp_objmgr_free
                0x80014218       0x60 C:/devkitPro/libogc/lib/wii\libogc.a(lwp_objmgr.o)
                0x80014218                __lwp_objmgr_free
 .text.__lwp_heap_init
                0x80014278       0xa4 C:/devkitPro/libogc/lib/wii\libogc.a(lwp_heap.o)
                0x80014278                __lwp_heap_init
 .text.__lwp_heap_allocate
                0x8001431c      0x160 C:/devkitPro/libogc/lib/wii\libogc.a(lwp_heap.o)
                0x8001431c                __lwp_heap_allocate
 .text.__lwp_heap_free
                0x8001447c      0x188 C:/devkitPro/libogc/lib/wii\libogc.a(lwp_heap.o)
                0x8001447c                __lwp_heap_free
 .text.__systemcall_init
                0x80014604       0x6c C:/devkitPro/libogc/lib/wii\libogc.a(exception.o)
                0x80014604                __systemcall_init
 .text.__exception_init
                0x80014670      0x120 C:/devkitPro/libogc/lib/wii\libogc.a(exception.o)
                0x80014670                __exception_init
 .text.__exception_close
                0x80014790       0xac C:/devkitPro/libogc/lib/wii\libogc.a(exception.o)
                0x80014790                __exception_close
 .text.__exception_closeall
                0x8001483c       0x80 C:/devkitPro/libogc/lib/wii\libogc.a(exception.o)
                0x8001483c                __exception_closeall
 .text.c_default_exceptionhandler
                0x800148bc      0x474 C:/devkitPro/libogc/lib/wii\libogc.a(exception.o)
                0x800148bc                c_default_exceptionhandler
 .text.__SetInterrupts
                0x80014d30      0x268 C:/devkitPro/libogc/lib/wii\libogc.a(irq.o)
 .text.c_irqdispatcher
                0x80014f98      0x268 C:/devkitPro/libogc/lib/wii\libogc.a(irq.o)
                0x80014f98                c_irqdispatcher
 .text.__UnmaskIrq
                0x80015200       0x84 C:/devkitPro/libogc/lib/wii\libogc.a(irq.o)
                0x80015200                __UnmaskIrq
 .text.__MaskIrq
                0x80015284       0x84 C:/devkitPro/libogc/lib/wii\libogc.a(irq.o)
                0x80015284                __MaskIrq
 .text.__irq_init
                0x80015308       0x84 C:/devkitPro/libogc/lib/wii\libogc.a(irq.o)
                0x80015308                __irq_init
 .text.IRQ_Request
                0x8001538c       0x50 C:/devkitPro/libogc/lib/wii\libogc.a(irq.o)
                0x8001538c                IRQ_Request
 .text.IRQ_GetHandler
                0x800153dc       0x44 C:/devkitPro/libogc/lib/wii\libogc.a(irq.o)
                0x800153dc                IRQ_GetHandler
 .text.__lwp_sema_init
                0x80015420       0x14 C:/devkitPro/libogc/lib/wii\libogc.a(semaphore.o)
                0x80015420                __lwp_sema_init
 .text.__exi_irq_handler
                0x80015434       0x58 C:/devkitPro/libogc/lib/wii\libogc.a(exi.o)
 .text.__ext_irq_handler
                0x8001548c       0xc8 C:/devkitPro/libogc/lib/wii\libogc.a(exi.o)
 .text.__tc_irq_handler
                0x80015554      0x178 C:/devkitPro/libogc/lib/wii\libogc.a(exi.o)
 .text.__exi_probe
                0x800156cc      0x214 C:/devkitPro/libogc/lib/wii\libogc.a(exi.o)
 .text.__exi_attach
                0x800158e0      0x104 C:/devkitPro/libogc/lib/wii\libogc.a(exi.o)
 .text.EXI_Lock
                0x800159e4      0x218 C:/devkitPro/libogc/lib/wii\libogc.a(exi.o)
                0x800159e4                EXI_Lock
 .text.EXI_Unlock
                0x80015bfc      0x224 C:/devkitPro/libogc/lib/wii\libogc.a(exi.o)
                0x80015bfc                EXI_Unlock
 .text.EXI_Select
                0x80015e20      0x21c C:/devkitPro/libogc/lib/wii\libogc.a(exi.o)
                0x80015e20                EXI_Select
 .text.EXI_Deselect
                0x8001603c      0x174 C:/devkitPro/libogc/lib/wii\libogc.a(exi.o)
                0x8001603c                EXI_Deselect
 .text.EXI_Sync
                0x800161b0      0x108 C:/devkitPro/libogc/lib/wii\libogc.a(exi.o)
                0x800161b0                EXI_Sync
 .text.EXI_Imm  0x800162b8      0x1f8 C:/devkitPro/libogc/lib/wii\libogc.a(exi.o)
                0x800162b8                EXI_Imm
 .text.EXI_ImmEx
                0x800164b0       0xd0 C:/devkitPro/libogc/lib/wii\libogc.a(exi.o)
                0x800164b0                EXI_ImmEx
 .text.EXI_Dma  0x80016580      0x16c C:/devkitPro/libogc/lib/wii\libogc.a(exi.o)
                0x80016580                EXI_Dma
 .text.EXI_Detach
                0x800166ec       0xac C:/devkitPro/libogc/lib/wii\libogc.a(exi.o)
                0x800166ec                EXI_Detach
 .text.EXI_GetID
                0x80016798      0x354 C:/devkitPro/libogc/lib/wii\libogc.a(exi.o)
                0x80016798                EXI_GetID
 .text.__unlocked_handler
                0x80016aec       0x28 C:/devkitPro/libogc/lib/wii\libogc.a(exi.o)
 .text.EXI_ProbeReset
                0x80016b14       0x70 C:/devkitPro/libogc/lib/wii\libogc.a(exi.o)
                0x80016b14                EXI_ProbeReset
 .text.__exi_init
                0x80016b84      0x178 C:/devkitPro/libogc/lib/wii\libogc.a(exi.o)
                0x80016b84                __exi_init
 .text.__lwp_mutex_locksupp.constprop.0
                0x80016cfc      0x2a8 C:/devkitPro/libogc/lib/wii\libogc.a(mutex.o)
 .text.__lwp_mutex_init
                0x80016fa4       0x14 C:/devkitPro/libogc/lib/wii\libogc.a(mutex.o)
                0x80016fa4                __lwp_mutex_init
 .text.LWP_MutexInit
                0x80016fb8       0xf8 C:/devkitPro/libogc/lib/wii\libogc.a(mutex.o)
                0x80016fb8                LWP_MutexInit
 .text.LWP_MutexDestroy
                0x800170b0      0x104 C:/devkitPro/libogc/lib/wii\libogc.a(mutex.o)
                0x800170b0                LWP_MutexDestroy
 .text.LWP_MutexLock
                0x800171b4        0x8 C:/devkitPro/libogc/lib/wii\libogc.a(mutex.o)
                0x800171b4                LWP_MutexLock
 .text.LWP_MutexUnlock
                0x800171bc       0x9c C:/devkitPro/libogc/lib/wii\libogc.a(mutex.o)
                0x800171bc                LWP_MutexUnlock
 .text.__GX_InitRevBits
                0x80017258       0x98 C:/devkitPro/libogc/lib/wii\libogc.a(gx.o)
 .text.GX_AbortFrame
                0x800172f0      0x374 C:/devkitPro/libogc/lib/wii\libogc.a(gx.o)
                0x800172f0                GX_AbortFrame
 .text.number   0x80017664      0x410 C:/devkitPro/libogc/lib/wii\libogc.a(kprintf.o)
 .text.kvsprintf
                0x80017a74      0x900 C:/devkitPro/libogc/lib/wii\libogc.a(kprintf.o)
                0x80017a74                kvsprintf
 .text.kprintf  0x80018374       0xac C:/devkitPro/libogc/lib/wii\libogc.a(kprintf.o)
                0x80018374                kprintf
 .text.net_wc24cleanup
                0x80018420       0x64 C:/devkitPro/libogc/lib/wii\libogc.a(network_wii.o)
                0x80018420                net_wc24cleanup
 .text.__lwp_queue_initialize
                0x80018484       0x98 C:/devkitPro/libogc/lib/wii\libogc.a(lwp_queue.o)
                0x80018484                __lwp_queue_initialize
 .text.__lwp_queue_get
                0x8001851c       0x74 C:/devkitPro/libogc/lib/wii\libogc.a(lwp_queue.o)
                0x8001851c                __lwp_queue_get
 .text.__lwp_queue_append
                0x80018590       0x4c C:/devkitPro/libogc/lib/wii\libogc.a(lwp_queue.o)
                0x80018590                __lwp_queue_append
 .text.__udivdi3
                0x800185dc      0x3b8 C:/devkitPro/devkitPPC/bin/../lib/gcc/powerpc-eabi/14.2.0\libgcc.a(_udivdi3.o)
                0x800185dc                __udivdi3
 .text.__umoddi3
                0x80018994      0x390 C:/devkitPro/devkitPPC/bin/../lib/gcc/powerpc-eabi/14.2.0\libgcc.a(_umoddi3.o)
                0x80018994                __umoddi3
 .text.unlikely.abort
                0x80018d24       0x2c C:/devkitPro/devkitPPC/bin/../lib/gcc/powerpc-eabi/14.2.0/../../../../powerpc-eabi/lib\libsysbase.a(libsysbase_libsysbase_a-abort.o)
                0x80018d24                abort
 .text.build_argv
                0x80018d50      0x10c C:/devkitPro/devkitPPC/bin/../lib/gcc/powerpc-eabi/14.2.0/../../../../powerpc-eabi/lib\libsysbase.a(libsysbase_libsysbase_a-build_argv.o)
                0x80018d50                build_argv
 .text.__getreent
                0x80018e5c       0x20 C:/devkitPro/devkitPPC/bin/../lib/gcc/powerpc-eabi/14.2.0/../../../../powerpc-eabi/lib\libsysbase.a(libsysbase_libsysbase_a-getreent.o)
                0x80018e5c                __getreent
 .text.null_write
                0x80018e7c        0x8 C:/devkitPro/devkitPPC/bin/../lib/gcc/powerpc-eabi/14.2.0/../../../../powerpc-eabi/lib\libsysbase.a(libsysbase_libsysbase_a-iosupport.o)
 .text.FindDevice
                0x80018e84      0x14c C:/devkitPro/devkitPPC/bin/../lib/gcc/powerpc-eabi/14.2.0/../../../../powerpc-eabi/lib\libsysbase.a(libsysbase_libsysbase_a-iosupport.o)
                0x80018e84                FindDevice
 .text.RemoveDevice
                0x80018fd0       0x44 C:/devkitPro/devkitPPC/bin/../lib/gcc/powerpc-eabi/14.2.0/../../../../powerpc-eabi/lib\libsysbase.a(libsysbase_libsysbase_a-iosupport.o)
                0x80018fd0                RemoveDevice
 .text.AddDevice
                0x80019014      0x118 C:/devkitPro/devkitPPC/bin/../lib/gcc/powerpc-eabi/14.2.0/../../../../powerpc-eabi/lib\libsysbase.a(libsysbase_libsysbase_a-iosupport.o)
                0x80019014                AddDevice
 .text._exit    0x8001912c       0x28 C:/devkitPro/devkitPPC/bin/../lib/gcc/powerpc-eabi/14.2.0/../../../../powerpc-eabi/lib\libsysbase.a(libsysbase_libsysbase_a-_exit.o)
                0x8001912c                _exit
 .text.strcmp   0x80019154       0x9c C:/devkitPro/devkitPPC/bin/../lib/gcc/powerpc-eabi/14.2.0/../../../../powerpc-eabi/lib\libc.a(libc_a-strcmp.o)
                0x80019154                strcmp
 .text.memset   0x800191f0      0x190 C:/devkitPro/devkitPPC/bin/../lib/gcc/powerpc-eabi/14.2.0/../../../../powerpc-eabi/lib\libc.a(libc_a-memset.o)
                0x800191f0                memset
 .text.strchr   0x80019380      0x154 C:/devkitPro/devkitPPC/bin/../lib/gcc/powerpc-eabi/14.2.0/../../../../powerpc-eabi/lib\libc.a(libc_a-strchr.o)
                0x80019380                strchr
 .text.memcpy   0x800194d4      0x14c C:/devkitPro/devkitPPC/bin/../lib/gcc/powerpc-eabi/14.2.0/../../../../powerpc-eabi/lib\libc.a(libc_a-memcpy.o)
                0x800194d4                memcpy
 .text._strtoul_l.isra.0
                0x80019620      0x210 C:/devkitPro/devkitPPC/bin/../lib/gcc/powerpc-eabi/14.2.0/../../../../powerpc-eabi/lib\libc.a(libc_a-strtoul.o)
 .text._strtoul_r
                0x80019830       0x60 C:/devkitPro/devkitPPC/bin/../lib/gcc/powerpc-eabi/14.2.0/../../../../powerpc-eabi/lib\libc.a(libc_a-strtoul.o)
                0x80019830                _strtoul_r
 .text.setvbuf  0x80019890      0x2ec C:/devkitPro/devkitPPC/bin/../lib/gcc/powerpc-eabi/14.2.0/../../../../powerpc-eabi/lib\libc.a(libc_a-setvbuf.o)
                0x80019890                setvbuf
 .text.strncmp  0x80019b7c       0xc8 C:/devkitPro/devkitPPC/bin/../lib/gcc/powerpc-eabi/14.2.0/../../../../powerpc-eabi/lib\libc.a(libc_a-strncmp.o)
                0x80019b7c                strncmp
 .text.memmove  0x80019c44      0x1bc C:/devkitPro/devkitPPC/bin/../lib/gcc/powerpc-eabi/14.2.0/../../../../powerpc-eabi/lib\libc.a(libc_a-memmove.o)
                0x80019c44                memmove
 .text.calloc   0x80019e00       0x40 C:/devkitPro/devkitPPC/bin/../lib/gcc/powerpc-eabi/14.2.0/../../../../powerpc-eabi/lib\libc.a(libc_a-calloc.o)
                0x80019e00                calloc
 .text.__errno  0x80019e40       0x20 C:/devkitPro/devkitPPC/bin/../lib/gcc/powerpc-eabi/14.2.0/../../../../powerpc-eabi/lib\libc.a(libc_a-errno.o)
                0x80019e40                __errno
 .text._strtoull_l.isra.0
                0x80019e60      0x2fc C:/devkitPro/devkitPPC/bin/../lib/gcc/powerpc-eabi/14.2.0/../../../../powerpc-eabi/lib\libc.a(libc_a-strtoull.o)
 .text._strtoull_r
                0x8001a15c       0x60 C:/devkitPro/devkitPPC/bin/../lib/gcc/powerpc-eabi/14.2.0/../../../../powerpc-eabi/lib\libc.a(libc_a-strtoull.o)
                0x8001a15c                _strtoull_r
 .text._calloc_r
                0x8001a1bc      0x100 C:/devkitPro/devkitPPC/bin/../lib/gcc/powerpc-eabi/14.2.0/../../../../powerpc-eabi/lib\libc.a(libc_a-callocr.o)
                0x8001a1bc                _calloc_r
 .text.strlen   0x8001a2bc       0x80 C:/devkitPro/devkitPPC/bin/../lib/gcc/powerpc-eabi/14.2.0/../../../../powerpc-eabi/lib\libc.a(libc_a-strlen.o)
                0x8001a2bc                strlen
 .text._memalign_r
                0x8001a33c      0x1dc C:/devkitPro/devkitPPC/bin/../lib/gcc/powerpc-eabi/14.2.0/../../../../powerpc-eabi/lib\libc.a(libc_a-malignr.o)
                0x8001a33c                _memalign_r
 .text._malloc_r
                0x8001a518      0x878 C:/devkitPro/devkitPPC/bin/../lib/gcc/powerpc-eabi/14.2.0/../../../../powerpc-eabi/lib\libc.a(libc_a-mallocr.o)
                0x8001a518                _malloc_r
 .text._malloc_trim_r
                0x8001ad90      0x138 C:/devkitPro/devkitPPC/bin/../lib/gcc/powerpc-eabi/14.2.0/../../../../powerpc-eabi/lib\libc.a(libc_a-freer.o)
                0x8001ad90                _malloc_trim_r
 .text._free_r  0x8001aec8      0x32c C:/devkitPro/devkitPPC/bin/../lib/gcc/powerpc-eabi/14.2.0/../../../../powerpc-eabi/lib\libc.a(libc_a-freer.o)
                0x8001aec8                _free_r
 .text.memcmp   0x8001b1f4      0x13c C:/devkitPro/devkitPPC/bin/../lib/gcc/powerpc-eabi/14.2.0/../../../../powerpc-eabi/lib\libc.a(libc_a-memcmp.o)
                0x8001b1f4                memcmp
 .text.malloc   0x8001b330       0x58 C:/devkitPro/devkitPPC/bin/../lib/gcc/powerpc-eabi/14.2.0/../../../../powerpc-eabi/lib\libc.a(libc_a-malloc.o)
                0x8001b330                malloc
 .text.free     0x8001b388       0x30 C:/devkitPro/devkitPPC/bin/../lib/gcc/powerpc-eabi/14.2.0/../../../../powerpc-eabi/lib\libc.a(libc_a-malloc.o)
                0x8001b388                free
 .text._reclaim_reent
                0x8001b3b8      0x10c C:/devkitPro/devkitPPC/bin/../lib/gcc/powerpc-eabi/14.2.0/../../../../powerpc-eabi/lib\libc.a(libc_a-reent.o)
                0x8001b3b8                _reclaim_reent
 .text.stdio_exit_handler
                0x8001b4c4       0x1c C:/devkitPro/devkitPPC/bin/../lib/gcc/powerpc-eabi/14.2.0/../../../../powerpc-eabi/lib\libc.a(libc_a-findfp.o)
 .text.cleanup_stdio
                0x8001b4e0       0x88 C:/devkitPro/devkitPPC/bin/../lib/gcc/powerpc-eabi/14.2.0/../../../../powerpc-eabi/lib\libc.a(libc_a-findfp.o)
 .text.global_stdio_init.part.0
                0x8001b568      0x184 C:/devkitPro/devkitPPC/bin/../lib/gcc/powerpc-eabi/14.2.0/../../../../powerpc-eabi/lib\libc.a(libc_a-findfp.o)
 .text.__sinit  0x8001b6ec       0xa4 C:/devkitPro/devkitPPC/bin/../lib/gcc/powerpc-eabi/14.2.0/../../../../powerpc-eabi/lib\libc.a(libc_a-findfp.o)
                0x8001b6ec                __sinit
 .text.__sfp_lock_acquire
                0x8001b790       0x40 C:/devkitPro/devkitPPC/bin/../lib/gcc/powerpc-eabi/14.2.0/../../../../powerpc-eabi/lib\libc.a(libc_a-findfp.o)
                0x8001b790                __sfp_lock_acquire
 .text.__sfp_lock_release
                0x8001b7d0        0xc C:/devkitPro/devkitPPC/bin/../lib/gcc/powerpc-eabi/14.2.0/../../../../powerpc-eabi/lib\libc.a(libc_a-findfp.o)
                0x8001b7d0                __sfp_lock_release
 .text.exit     0x8001b7dc       0x3c C:/devkitPro/devkitPPC/bin/../lib/gcc/powerpc-eabi/14.2.0/../../../../powerpc-eabi/lib\libc.a(libc_a-exit.o)
                0x8001b7dc                exit
 .text.write    0x8001b818       0x50 C:/devkitPro/devkitPPC/bin/../lib/gcc/powerpc-eabi/14.2.0/../../../../powerpc-eabi/lib\libc.a(libc_a-syswrite.o)
                0x8001b818                write
 .text.strnlen  0x8001b868       0xc0 C:/devkitPro/devkitPPC/bin/../lib/gcc/powerpc-eabi/14.2.0/../../../../powerpc-eabi/lib\libc.a(libc_a-strnlen.o)
                0x8001b868                strnlen
 .text.memalign
                0x8001b928       0x40 C:/devkitPro/devkitPPC/bin/../lib/gcc/powerpc-eabi/14.2.0/../../../../powerpc-eabi/lib\libc.a(libc_a-malign.o)
                0x8001b928                memalign
 .text._fwalk_sglue
                0x8001b968       0xb4 C:/devkitPro/devkitPPC/bin/../lib/gcc/powerpc-eabi/14.2.0/../../../../powerpc-eabi/lib\libc.a(libc_a-fwalk.o)
                0x8001b968                _fwalk_sglue
 .text.__swhatbuf_r
                0x8001ba1c       0xec C:/devkitPro/devkitPPC/bin/../lib/gcc/powerpc-eabi/14.2.0/../../../../powerpc-eabi/lib\libc.a(libc_a-makebuf.o)
                0x8001ba1c                __swhatbuf_r
 .text.__sflush_r
                0x8001bb08      0x2fc C:/devkitPro/devkitPPC/bin/../lib/gcc/powerpc-eabi/14.2.0/../../../../powerpc-eabi/lib\libc.a(libc_a-fflush.o)
                0x8001bb08                __sflush_r
 .text._fflush_r
                0x8001be04      0x108 C:/devkitPro/devkitPPC/bin/../lib/gcc/powerpc-eabi/14.2.0/../../../../powerpc-eabi/lib\libc.a(libc_a-fflush.o)
                0x8001be04                _fflush_r
 .text._fclose_r
                0x8001bf0c      0x1d8 C:/devkitPro/devkitPPC/bin/../lib/gcc/powerpc-eabi/14.2.0/../../../../powerpc-eabi/lib\libc.a(libc_a-fclose.o)
                0x8001bf0c                _fclose_r
 .text.startup.register_fini
                0x8001c0e4        0xc C:/devkitPro/devkitPPC/bin/../lib/gcc/powerpc-eabi/14.2.0/../../../../powerpc-eabi/lib\libc.a(libc_a-__call_atexit.o)
 .text.__call_exitprocs
                0x8001c0f0      0x200 C:/devkitPro/devkitPPC/bin/../lib/gcc/powerpc-eabi/14.2.0/../../../../powerpc-eabi/lib\libc.a(libc_a-__call_atexit.o)
                0x8001c0f0                __call_exitprocs
 .text.__sread  0x8001c2f0       0x74 C:/devkitPro/devkitPPC/bin/../lib/gcc/powerpc-eabi/14.2.0/../../../../powerpc-eabi/lib\libc.a(libc_a-stdio.o)
                0x8001c2f0                __sread
 .text.__swrite
                0x8001c364       0xb8 C:/devkitPro/devkitPPC/bin/../lib/gcc/powerpc-eabi/14.2.0/../../../../powerpc-eabi/lib\libc.a(libc_a-stdio.o)
                0x8001c364                __swrite
 .text.__sseek  0x8001c41c       0x70 C:/devkitPro/devkitPPC/bin/../lib/gcc/powerpc-eabi/14.2.0/../../../../powerpc-eabi/lib\libc.a(libc_a-stdio.o)
                0x8001c41c                __sseek
 .text.__sclose
                0x8001c48c        0x8 C:/devkitPro/devkitPPC/bin/../lib/gcc/powerpc-eabi/14.2.0/../../../../powerpc-eabi/lib\libc.a(libc_a-stdio.o)
                0x8001c48c                __sclose
 .text.atexit   0x8001c494       0x14 C:/devkitPro/devkitPPC/bin/../lib/gcc/powerpc-eabi/14.2.0/../../../../powerpc-eabi/lib\libc.a(libc_a-atexit.o)
                0x8001c494                atexit
 .text.__register_exitproc
                0x8001c4a8      0x12c C:/devkitPro/devkitPPC/bin/../lib/gcc/powerpc-eabi/14.2.0/../../../../powerpc-eabi/lib\libc.a(libc_a-__atexit.o)
                0x8001c4a8                __register_exitproc
 .text.__flockfile
                0x8001c5d4       0x38 C:/devkitPro/devkitPPC/bin/../lib/gcc/powerpc-eabi/14.2.0/../../../../powerpc-eabi/lib\libsysbase.a(libsysbase_libsysbase_a-flock.o)
                0x8001c5d4                __flockfile
 .text.__funlockfile
                0x8001c60c        0x8 C:/devkitPro/devkitPPC/bin/../lib/gcc/powerpc-eabi/14.2.0/../../../../powerpc-eabi/lib\libsysbase.a(libsysbase_libsysbase_a-flock.o)
                0x8001c60c                __funlockfile
 .text._fstat_r
                0x8001c614       0xc0 C:/devkitPro/devkitPPC/bin/../lib/gcc/powerpc-eabi/14.2.0/../../../../powerpc-eabi/lib\libsysbase.a(libsysbase_libsysbase_a-fstat.o)
                0x8001c614                _fstat_r
 .text.__get_handle
                0x8001c6d4       0x90 C:/devkitPro/devkitPPC/bin/../lib/gcc/powerpc-eabi/14.2.0/../../../../powerpc-eabi/lib\libsysbase.a(libsysbase_libsysbase_a-handle_manager.o)
                0x8001c6d4                __get_handle
 .text._close_r
                0x8001c764      0x178 C:/devkitPro/devkitPPC/bin/../lib/gcc/powerpc-eabi/14.2.0/../../../../powerpc-eabi/lib\libsysbase.a(libsysbase_libsysbase_a-handle_manager.o)
                0x8001c764                _close_r
 .text._lseek_r
                0x8001c8dc       0xec C:/devkitPro/devkitPPC/bin/../lib/gcc/powerpc-eabi/14.2.0/../../../../powerpc-eabi/lib\libsysbase.a(libsysbase_libsysbase_a-lseek.o)
                0x8001c8dc                _lseek_r
 .text._read_r  0x8001c9c8       0xd0 C:/devkitPro/devkitPPC/bin/../lib/gcc/powerpc-eabi/14.2.0/../../../../powerpc-eabi/lib\libsysbase.a(libsysbase_libsysbase_a-read.o)
                0x8001c9c8                _read_r
 .text.__libc_lock_init
                0x8001ca98       0x14 C:/devkitPro/devkitPPC/bin/../lib/gcc/powerpc-eabi/14.2.0/../../../../powerpc-eabi/lib\libsysbase.a(libsysbase_libsysbase_a-syscall_support.o)
                0x8001ca98                __libc_lock_init
 .text.__libc_lock_acquire
                0x8001caac       0x14 C:/devkitPro/devkitPPC/bin/../lib/gcc/powerpc-eabi/14.2.0/../../../../powerpc-eabi/lib\libsysbase.a(libsysbase_libsysbase_a-syscall_support.o)
                0x8001caac                __libc_lock_acquire
 .text.__libc_lock_release
                0x8001cac0       0x14 C:/devkitPro/devkitPPC/bin/../lib/gcc/powerpc-eabi/14.2.0/../../../../powerpc-eabi/lib\libsysbase.a(libsysbase_libsysbase_a-syscall_support.o)
                0x8001cac0                __libc_lock_release
 .text.__libc_lock_close
                0x8001cad4       0x14 C:/devkitPro/devkitPPC/bin/../lib/gcc/powerpc-eabi/14.2.0/../../../../powerpc-eabi/lib\libsysbase.a(libsysbase_libsysbase_a-syscall_support.o)
                0x8001cad4                __libc_lock_close
 .text.__libc_lock_init_recursive
                0x8001cae8       0x14 C:/devkitPro/devkitPPC/bin/../lib/gcc/powerpc-eabi/14.2.0/../../../../powerpc-eabi/lib\libsysbase.a(libsysbase_libsysbase_a-syscall_support.o)
                0x8001cae8                __libc_lock_init_recursive
 .text.__malloc_lock
                0x8001cafc       0x14 C:/devkitPro/devkitPPC/bin/../lib/gcc/powerpc-eabi/14.2.0/../../../../powerpc-eabi/lib\libsysbase.a(libsysbase_libsysbase_a-syscall_support.o)
                0x8001cafc                __malloc_lock
 .text.__malloc_unlock
                0x8001cb10       0x14 C:/devkitPro/devkitPPC/bin/../lib/gcc/powerpc-eabi/14.2.0/../../../../powerpc-eabi/lib\libsysbase.a(libsysbase_libsysbase_a-syscall_support.o)
                0x8001cb10                __malloc_unlock
 .text._write_r
                0x8001cb24       0xd0 C:/devkitPro/devkitPPC/bin/../lib/gcc/powerpc-eabi/14.2.0/../../../../powerpc-eabi/lib\libsysbase.a(libsysbase_libsysbase_a-write.o)
                0x8001cb24                _write_r
 .text.__do_global_ctors_aux
                0x8001cbf4       0x50 C:/devkitPro/devkitPPC/bin/../lib/gcc/powerpc-eabi/14.2.0/crtend.o
 *(.gnu.warning)
 *(.gnu.linkonce.t.*)
                0x8001cc60                        . = ALIGN (0x20)
 *fill*         0x8001cc44       0x1c 00000000

.glink          0x8001cc60        0x0
 .glink         0x8001cc60        0x0 C:/devkitPro/devkitPPC/bin/../lib/gcc/powerpc-eabi/14.2.0/crtbegin.o

.fini           0x8001cc60       0x20
 *(.fini)
 .fini          0x8001cc60        0xc C:/devkitPro/devkitPPC/bin/../lib/gcc/powerpc-eabi/14.2.0/ecrti.o
                0x8001cc60                __fini
 .fini          0x8001cc6c        0x4 C:/devkitPro/devkitPPC/bin/../lib/gcc/powerpc-eabi/14.2.0/crtbegin.o
 .fini          0x8001cc70       0x10 C:/devkitPro/devkitPPC/bin/../lib/gcc/powerpc-eabi/14.2.0/ecrtn.o
                0x8001cc80                        . = ALIGN (0x20)
                [!provide]                        PROVIDE (__etext = .)
                [!provide]                        PROVIDE (_etext = .)
                [!provide]                        PROVIDE (etext = .)

.rodata         0x8001cc80      0xeb5
 *(.rodata)
 .rodata        0x8001cc80       0x21 C:/devkitPro/libogc/lib/wii\libogc.a(video.o)
 *(.rodata.*)
 *fill*         0x8001cca1        0x3 
 .rodata.__console_write
                0x8001cca4       0xec C:/devkitPro/libogc/lib/wii\libogc.a(console.o)
 .rodata.color_table
                0x8001cd90       0x40 C:/devkitPro/libogc/lib/wii\libogc.a(console.o)
 .rodata.str1.4
                0x8001cdd0      0x3e0 C:/devkitPro/libogc/lib/wii\libogc.a(console.o)
                                  0x7 (size before relaxing)
 .rodata.dotab_stdout
                0x8001d1b0       0x80 C:/devkitPro/libogc/lib/wii\libogc.a(console.o)
                0x8001d1b0                dotab_stdout
 .rodata.CSWTCH.167
                0x8001d230       0x5c C:/devkitPro/libogc/lib/wii\libogc.a(video.o)
 .rodata.video_timing
                0x8001d28c      0x110 C:/devkitPro/libogc/lib/wii\libogc.a(video.o)
 .rodata.SYS_ResetSystem
                0x8001d39c       0x1c C:/devkitPro/libogc/lib/wii\libogc.a(system.o)
 .rodata._dsp_initcode
                0x8001d3b8       0x80 C:/devkitPro/libogc/lib/wii\libogc.a(system.o)
 .rodata.__ios_ioctlvformat_parse
                0x8001d438       0x88 C:/devkitPro/libogc/lib/wii\libogc.a(ipc.o)
 .rodata._ES_seek_r.str1.4
                0x8001d4c0        0x5 C:/devkitPro/libogc/lib/wii\libogc.a(es.o)
 .rodata._ES_close_r.str1.4
                0x8001d4c0        0x3 C:/devkitPro/libogc/lib/wii\libogc.a(es.o)
 .rodata.__ES_Close.str1.4
                0x8001d4c0        0x4 C:/devkitPro/libogc/lib/wii\libogc.a(es.o)
 .rodata.ES_GetTitleID.str1.4
                0x8001d4c0        0x3 C:/devkitPro/libogc/lib/wii\libogc.a(es.o)
 .rodata.ES_GetNumTicketViews.str1.4
                0x8001d4c0        0x4 C:/devkitPro/libogc/lib/wii\libogc.a(es.o)
 .rodata.ES_GetTicketViews.str1.4
                0x8001d4c0        0x5 C:/devkitPro/libogc/lib/wii\libogc.a(es.o)
 .rodata.ES_GetOwnedTitles.str1.4
                0x8001d4c0        0x4 C:/devkitPro/libogc/lib/wii\libogc.a(es.o)
 .rodata._ES_open_r.str1.4
                0x8001d4c0        0x5 C:/devkitPro/libogc/lib/wii\libogc.a(es.o)
 .rodata.str1.4
                0x8001d4c0        0x3 C:/devkitPro/libogc/lib/wii\libogc.a(es.o)
 .rodata.dotab_es
                0x8001d4c0       0x80 C:/devkitPro/libogc/lib/wii\libogc.a(es.o)
 .rodata.CONF_GetLength
                0x8001d540       0x20 C:/devkitPro/libogc/lib/wii\libogc.a(conf.o)
 .rodata.CONF_GetShutdownMode.str1.4
                0x8001d560        0x8 C:/devkitPro/libogc/lib/wii\libogc.a(conf.o)
 .rodata.CONF_GetProgressiveScan.str1.4
                0x8001d560        0x8 C:/devkitPro/libogc/lib/wii\libogc.a(conf.o)
 .rodata.CONF_GetEuRGB60.str1.4
                0x8001d560        0x8 C:/devkitPro/libogc/lib/wii\libogc.a(conf.o)
 .rodata.CONF_GetCounterBias.str1.4
                0x8001d560        0x7 C:/devkitPro/libogc/lib/wii\libogc.a(conf.o)
 .rodata.CONF_GetDisplayOffsetH.str1.4
                0x8001d560        0x7 C:/devkitPro/libogc/lib/wii\libogc.a(conf.o)
 .rodata.CONF_GetVideo.str1.4
                0x8001d560       0x19 C:/devkitPro/libogc/lib/wii\libogc.a(conf.o)
 .rodata.__conf_txt_file
                0x8001d560       0x2a C:/devkitPro/libogc/lib/wii\libogc.a(conf.o)
 *fill*         0x8001d58a       0x16 
 .rodata.__conf_file
                0x8001d5a0       0x15 C:/devkitPro/libogc/lib/wii\libogc.a(conf.o)
 .rodata.c_default_exceptionhandler.str1.4
                0x8001d5b5      0x267 C:/devkitPro/libogc/lib/wii\libogc.a(exception.o)
 .rodata.str1.4
                0x8001d5b5       0xa0 C:/devkitPro/libogc/lib/wii\libogc.a(exception.o)
 *fill*         0x8001d5b5        0x3 
 .rodata.exception_name
                0x8001d5b8       0x3c C:/devkitPro/libogc/lib/wii\libogc.a(exception.o)
 .rodata.exception_location
                0x8001d5f4       0x3c C:/devkitPro/libogc/lib/wii\libogc.a(exception.o)
 .rodata.__SetInterrupts
                0x8001d630       0x70 C:/devkitPro/libogc/lib/wii\libogc.a(irq.o)
 .rodata._irqPrio
                0x8001d6a0       0x30 C:/devkitPro/libogc/lib/wii\libogc.a(irq.o)
 .rodata.number.str1.4
                0x8001d6d0       0x4d C:/devkitPro/libogc/lib/wii\libogc.a(kprintf.o)
 .rodata.kvsprintf.str1.4
                0x8001d6d0        0x7 C:/devkitPro/libogc/lib/wii\libogc.a(kprintf.o)
 .rodata.kvsprintf
                0x8001d6d0      0x2e4 C:/devkitPro/libogc/lib/wii\libogc.a(kprintf.o)
 .rodata.AddDevice.str1.4
                0x8001d9b4        0x8 C:/devkitPro/devkitPPC/bin/../lib/gcc/powerpc-eabi/14.2.0/../../../../powerpc-eabi/lib\libsysbase.a(libsysbase_libsysbase_a-iosupport.o)
 .rodata.dotab_stdnull
                0x8001d9b4       0x80 C:/devkitPro/devkitPPC/bin/../lib/gcc/powerpc-eabi/14.2.0/../../../../powerpc-eabi/lib\libsysbase.a(libsysbase_libsysbase_a-iosupport.o)
                0x8001d9b4                dotab_stdnull
 .rodata._ctype_
                0x8001da34      0x101 C:/devkitPro/devkitPPC/bin/../lib/gcc/powerpc-eabi/14.2.0/../../../../powerpc-eabi/lib\libc.a(libc_a-ctype_.o)
                0x8001da34                _ctype_
 *(.gnu.linkonce.r.*)

.eh_frame_hdr   0x8001db38      0xbac
 .eh_frame_hdr  0x8001db38      0xbac C:/devkitPro/devkitPPC/bin/../lib/gcc/powerpc-eabi/14.2.0/../../../../powerpc-eabi/lib/crtmain.o
                0x8001db38                __GNU_EH_FRAME_HDR

.rodata1
 *(.rodata1)

.sdata2         0x8001e6e4        0x4
                0x8001e6e4                        PROVIDE (_SDA2_BASE_ = .)
 *(.sdata2)
 .sdata2        0x8001e6e4        0x0 C:/devkitPro/devkitPPC/bin/../lib/gcc/powerpc-eabi/14.2.0/ecrti.o
                0x8001e6e4                __SDATA2_START__
 .sdata2        0x8001e6e4        0x0 C:/devkitPro/devkitPPC/bin/../lib/gcc/powerpc-eabi/14.2.0/crtbegin.o
 *(.sdata2.*)
 .sdata2.__sys_inIPL
                0x8001e6e4        0x4 C:/devkitPro/libogc/lib/wii\libogc.a(system.o)
 *(.gnu.linkonce.s2.*)

.sbss2          0x8001e6e8        0x0
 *(.sbss2)
 .sbss2         0x8001e6e8        0x0 C:/devkitPro/devkitPPC/bin/../lib/gcc/powerpc-eabi/14.2.0/ecrtn.o
 *(.sbss2.*)
 *(.gnu.linkonce.sb2.*)
                0x8001e6e8                        . = ALIGN (0x4)
                [!provide]                        PROVIDE (__preinit_array_start = .)

.preinit_array
 *(.preinit_array)
                [!provide]                        PROVIDE (__preinit_array_end = .)
                [!provide]                        PROVIDE (__init_array_start = .)

.init_array
 *(.init_array)
                [!provide]                        PROVIDE (__init_array_end = .)
                [!provide]                        PROVIDE (__fini_array_start = .)

.fini_array
 *(.fini_array)
                [!provide]                        PROVIDE (__fini_array_end = .)

.data           0x8001e700     0x2940
 *(.data)
 .data          0x8001e700       0x10 C:/devkitPro/libogc/lib/wii\libogc.a(system_asm.o)
 .data          0x8001e710        0x4 C:/devkitPro/devkitPPC/bin/../lib/gcc/powerpc-eabi/14.2.0\libgcc.a(eabi.o)
 *(.data.*)
 .data.TVEurgb60Hz480Prog
                0x8001e714       0x3c C:/devkitPro/libogc/lib/wii\libogc.a(video.o)
                0x8001e714                TVEurgb60Hz480Prog
 .data.TVEurgb60Hz480IntDf
                0x8001e750       0x3c C:/devkitPro/libogc/lib/wii\libogc.a(video.o)
                0x8001e750                TVEurgb60Hz480IntDf
 .data.TVPal576ProgScale
                0x8001e78c       0x3c C:/devkitPro/libogc/lib/wii\libogc.a(video.o)
                0x8001e78c                TVPal576ProgScale
 .data.TVPal576IntDfScale
                0x8001e7c8       0x3c C:/devkitPro/libogc/lib/wii\libogc.a(video.o)
                0x8001e7c8                TVPal576IntDfScale
 .data.TVMpal480Prog
                0x8001e804       0x3c C:/devkitPro/libogc/lib/wii\libogc.a(video.o)
                0x8001e804                TVMpal480Prog
 .data.TVMpal480IntDf
                0x8001e840       0x3c C:/devkitPro/libogc/lib/wii\libogc.a(video.o)
                0x8001e840                TVMpal480IntDf
 .data.TVNtsc480Prog
                0x8001e87c       0x3c C:/devkitPro/libogc/lib/wii\libogc.a(video.o)
                0x8001e87c                TVNtsc480Prog
 .data.TVNtsc480IntDf
                0x8001e8b8       0x3c C:/devkitPro/libogc/lib/wii\libogc.a(video.o)
                0x8001e8b8                TVNtsc480IntDf
 .data.pad_resetinfo
                0x8001e8f4       0x10 C:/devkitPro/libogc/lib/wii\libogc.a(pad.o)
 .data.mem_resetinfo
                0x8001e904       0x10 C:/devkitPro/libogc/lib/wii\libogc.a(system.o)
 .data.si_type  0x8001e914       0x10 C:/devkitPro/libogc/lib/wii\libogc.a(si.o)
 .data.xy       0x8001e924       0x60 C:/devkitPro/libogc/lib/wii\libogc.a(si.o)
 .data.sicntrl  0x8001e984       0x14 C:/devkitPro/libogc/lib/wii\libogc.a(si.o)
 .data.console_font_8x16
                0x8001e998     0x1000 C:/devkitPro/libogc/lib/wii\libogc.a(console_font_8x16.o)
                0x8001e998                console_font_8x16
 *fill*         0x8001f998        0x8 
 .data.__stm_imm_fs
                0x8001f9a0       0x13 C:/devkitPro/libogc/lib/wii\libogc.a(stm.o)
 *fill*         0x8001f9b3        0xd 
 .data.__stm_eh_fs
                0x8001f9c0       0x13 C:/devkitPro/libogc/lib/wii\libogc.a(stm.o)
 *fill*         0x8001f9d3        0xd 
 .data.__stateflags
                0x8001f9e0       0x28 C:/devkitPro/libogc/lib/wii\libogc.a(wiilaunch.o)
 *fill*         0x8001fa08       0x18 
 .data.__nandbootinfo
                0x8001fa20       0x1a C:/devkitPro/libogc/lib/wii\libogc.a(wiilaunch.o)
 *fill*         0x8001fa3a        0x6 
 .data.__kd_fs  0x8001fa40       0x14 C:/devkitPro/libogc/lib/wii\libogc.a(network_wii.o)
 .data.devoptab_list
                0x8001fa54       0x8c C:/devkitPro/devkitPPC/bin/../lib/gcc/powerpc-eabi/14.2.0/../../../../powerpc-eabi/lib\libsysbase.a(libsysbase_libsysbase_a-iosupport.o)
                0x8001fa54                devoptab_list
 .data.defaultDevice
                0x8001fae0        0x4 C:/devkitPro/devkitPPC/bin/../lib/gcc/powerpc-eabi/14.2.0/../../../../powerpc-eabi/lib\libsysbase.a(libsysbase_libsysbase_a-iosupport.o)
 *fill*         0x8001fae4        0x4 
 .data._impure_data
                0x8001fae8      0x120 C:/devkitPro/devkitPPC/bin/../lib/gcc/powerpc-eabi/14.2.0/../../../../powerpc-eabi/lib\libc.a(libc_a-impure.o)
                0x8001fae8                _impure_data
 .data.__malloc_av_
                0x8001fc08      0x408 C:/devkitPro/devkitPPC/bin/../lib/gcc/powerpc-eabi/14.2.0/../../../../powerpc-eabi/lib\libc.a(libc_a-mallocr.o)
                0x8001fc08                __malloc_av_
 .data.__sglue  0x80020010        0xc C:/devkitPro/devkitPPC/bin/../lib/gcc/powerpc-eabi/14.2.0/../../../../powerpc-eabi/lib\libc.a(libc_a-findfp.o)
                0x80020010                __sglue
 .data.handles  0x8002001c     0x1000 C:/devkitPro/devkitPPC/bin/../lib/gcc/powerpc-eabi/14.2.0/../../../../powerpc-eabi/lib\libsysbase.a(libsysbase_libsysbase_a-handle_manager.o)
 .data.__stderr_handle
                0x8002101c        0xc C:/devkitPro/devkitPPC/bin/../lib/gcc/powerpc-eabi/14.2.0/../../../../powerpc-eabi/lib\libsysbase.a(libsysbase_libsysbase_a-handle_manager.o)
 .data.__stdout_handle
                0x80021028        0xc C:/devkitPro/devkitPPC/bin/../lib/gcc/powerpc-eabi/14.2.0/../../../../powerpc-eabi/lib\libsysbase.a(libsysbase_libsysbase_a-handle_manager.o)
 .data.__stdin_handle
                0x80021034        0xc C:/devkitPro/devkitPPC/bin/../lib/gcc/powerpc-eabi/14.2.0/../../../../powerpc-eabi/lib\libsysbase.a(libsysbase_libsysbase_a-handle_manager.o)
 *(.gnu.linkonce.d.*)
                0x80021040                        . = ALIGN (0x20)

.branch_lt      0x80021040        0x0
 .branch_lt     0x80021040        0x0 C:/devkitPro/devkitPPC/bin/../lib/gcc/powerpc-eabi/14.2.0/crtbegin.o

.data1
 *(.data1)

.tdata
 *(.tdata .tdata.* .gnu.linkonce.td.*)

.tbss
 *(.tbss .tbss.* .gnu.linkonce.tb.*)
 *(.tcommon)

.eh_frame       0x80021040     0x465c
 *(.eh_frame)
 .eh_frame      0x80021040        0x0 C:/devkitPro/devkitPPC/bin/../lib/gcc/powerpc-eabi/14.2.0/ecrti.o
                0x80021040                __EH_FRAME_BEGIN__
 .eh_frame      0x80021040        0x0 C:/devkitPro/devkitPPC/bin/../lib/gcc/powerpc-eabi/14.2.0/crtbegin.o
 .eh_frame      0x80021040        0x0 C:/devkitPro/devkitPPC/bin/../lib/gcc/powerpc-eabi/14.2.0/crtbegin.o
 .eh_frame      0x80021040       0x34 C:/devkitPro/devkitPPC/bin/../lib/gcc/powerpc-eabi/14.2.0/../../../../powerpc-eabi/lib/crtmain.o
 .eh_frame      0x80021074       0x48 main.o
                                 0x5c (size before relaxing)
 .eh_frame      0x800210bc      0x154 C:/devkitPro/libogc/lib/wii\libogc.a(console.o)
                                0x218 (size before relaxing)
 .eh_frame      0x80021210      0x300 C:/devkitPro/libogc/lib/wii\libogc.a(video.o)
                                0x3dc (size before relaxing)
 .eh_frame      0x80021510      0x30c C:/devkitPro/libogc/lib/wii\libogc.a(pad.o)
                                0x4d0 (size before relaxing)
 .eh_frame      0x8002181c      0x640 C:/devkitPro/libogc/lib/wii\libogc.a(system.o)
                                0xc24 (size before relaxing)
 .eh_frame      0x80021e5c       0x14 C:/devkitPro/libogc/lib/wii\libogc.a(cond.o)
                                0x1f0 (size before relaxing)
 .eh_frame      0x80021e70       0x28 C:/devkitPro/libogc/lib/wii\libogc.a(decrementer.o)
                                 0x3c (size before relaxing)
 .eh_frame      0x80021e98       0x14 C:/devkitPro/libogc/lib/wii\libogc.a(message.o)
                                0x178 (size before relaxing)
 .eh_frame      0x80021eac      0x488 C:/devkitPro/libogc/lib/wii\libogc.a(si.o)
                                0x560 (size before relaxing)
 .eh_frame      0x80022334      0x568 C:/devkitPro/libogc/lib/wii\libogc.a(ipc.o)
                                0x8d0 (size before relaxing)
 .eh_frame      0x8002289c       0xa4 C:/devkitPro/libogc/lib/wii\libogc.a(timesupp.o)
                                0x1ec (size before relaxing)
 .eh_frame      0x80022940       0xd0 C:/devkitPro/libogc/lib/wii\libogc.a(lock_supp.o)
                                 0xe4 (size before relaxing)
 .eh_frame      0x80022a10      0x154 C:/devkitPro/libogc/lib/wii\libogc.a(usbgecko.o)
                                0x3e8 (size before relaxing)
 .eh_frame      0x80022b64       0xa8 C:/devkitPro/libogc/lib/wii\libogc.a(sbrk.o)
                                 0xbc (size before relaxing)
 .eh_frame      0x80022c0c       0x74 C:/devkitPro/libogc/lib/wii\libogc.a(malloc_lock.o)
                                 0x88 (size before relaxing)
 .eh_frame      0x80022c80      0x134 C:/devkitPro/libogc/lib/wii\libogc.a(stm.o)
                                0x148 (size before relaxing)
 .eh_frame      0x80022db4       0x5c C:/devkitPro/libogc/lib/wii\libogc.a(ios.o)
                                0x228 (size before relaxing)
 .eh_frame      0x80022e10      0x374 C:/devkitPro/libogc/lib/wii\libogc.a(es.o)
                                0xad0 (size before relaxing)
 .eh_frame      0x80023184       0x20 C:/devkitPro/libogc/lib/wii\libogc.a(argv.o)
                                 0x34 (size before relaxing)
 .eh_frame      0x800231a4      0x2cc C:/devkitPro/libogc/lib/wii\libogc.a(conf.o)
                                0x568 (size before relaxing)
 .eh_frame      0x80023470      0x118 C:/devkitPro/libogc/lib/wii\libogc.a(wiilaunch.o)
                                0x270 (size before relaxing)
 .eh_frame      0x80023588       0x14 C:/devkitPro/libogc/lib/wii\libogc.a(lwp_priority.o)
                                 0x28 (size before relaxing)
 .eh_frame      0x8002359c      0x274 C:/devkitPro/libogc/lib/wii\libogc.a(lwp_threadq.o)
                                0x2d8 (size before relaxing)
 .eh_frame      0x80023810      0x2ac C:/devkitPro/libogc/lib/wii\libogc.a(lwp_threads.o)
                                0x394 (size before relaxing)
 .eh_frame      0x80023abc        0x0 C:/devkitPro/libogc/lib/wii\libogc.a(lwp_messages.o)
                                0x270 (size before relaxing)
 .eh_frame      0x80023abc      0x160 C:/devkitPro/libogc/lib/wii\libogc.a(lwp.o)
                                0x420 (size before relaxing)
 .eh_frame      0x80023c1c       0x3c C:/devkitPro/libogc/lib/wii\libogc.a(lwp_stack.o)
                                 0x50 (size before relaxing)
 .eh_frame      0x80023c58       0x9c C:/devkitPro/libogc/lib/wii\libogc.a(lwp_mutex.o)
                                 0xb0 (size before relaxing)
 .eh_frame      0x80023cf4      0x124 C:/devkitPro/libogc/lib/wii\libogc.a(lwp_watchdog.o)
                                0x1a0 (size before relaxing)
 .eh_frame      0x80023e18       0x30 C:/devkitPro/libogc/lib/wii\libogc.a(lwp_wkspace.o)
                                 0xa8 (size before relaxing)
 .eh_frame      0x80023e48       0xb8 C:/devkitPro/libogc/lib/wii\libogc.a(lwp_objmgr.o)
                                 0xe0 (size before relaxing)
 .eh_frame      0x80023f00       0x3c C:/devkitPro/libogc/lib/wii\libogc.a(lwp_heap.o)
                                 0x64 (size before relaxing)
 .eh_frame      0x80023f3c       0xfc C:/devkitPro/libogc/lib/wii\libogc.a(exception.o)
                                0x170 (size before relaxing)
 .eh_frame      0x80024038       0xc8 C:/devkitPro/libogc/lib/wii\libogc.a(irq.o)
                                0x118 (size before relaxing)
 .eh_frame      0x80024100       0x14 C:/devkitPro/libogc/lib/wii\libogc.a(semaphore.o)
                                0x150 (size before relaxing)
 .eh_frame      0x80024114      0x4e4 C:/devkitPro/libogc/lib/wii\libogc.a(exi.o)
                                0x7b0 (size before relaxing)
 .eh_frame      0x800245f8      0x134 C:/devkitPro/libogc/lib/wii\libogc.a(mutex.o)
                                0x15c (size before relaxing)
 .eh_frame      0x8002472c       0x60 C:/devkitPro/libogc/lib/wii\libogc.a(gx.o)
                               0x1674 (size before relaxing)
 .eh_frame      0x8002478c       0xec C:/devkitPro/libogc/lib/wii\libogc.a(kprintf.o)
                                0x100 (size before relaxing)
 .eh_frame      0x80024878       0x24 C:/devkitPro/libogc/lib/wii\libogc.a(network_wii.o)
                                0x860 (size before relaxing)
 .eh_frame      0x8002489c       0x3c C:/devkitPro/libogc/lib/wii\libogc.a(lwp_queue.o)
                                 0x78 (size before relaxing)
 .eh_frame      0x800248d8        0x0 C:/devkitPro/libogc/lib/wii\libogc.a(lwp_sema.o)
                                 0x8c (size before relaxing)
 .eh_frame      0x800248d8        0x0 C:/devkitPro/libogc/lib/wii\libogc.a(network_common.o)
                                 0x90 (size before relaxing)
 .eh_frame      0x800248d8        0x0 C:/devkitPro/devkitPPC/bin/../lib/gcc/powerpc-eabi/14.2.0/../../../../powerpc-eabi/lib\libm.a(libm_a-sf_cos.o)
                                 0x54 (size before relaxing)
 .eh_frame      0x800248d8        0x0 C:/devkitPro/devkitPPC/bin/../lib/gcc/powerpc-eabi/14.2.0/../../../../powerpc-eabi/lib\libm.a(libm_a-wf_sqrt.o)
                                 0x54 (size before relaxing)
 .eh_frame      0x800248d8        0x0 C:/devkitPro/devkitPPC/bin/../lib/gcc/powerpc-eabi/14.2.0/../../../../powerpc-eabi/lib\libm.a(libm_a-kf_cos.o)
                                 0x38 (size before relaxing)
 .eh_frame      0x800248d8        0x0 C:/devkitPro/devkitPPC/bin/../lib/gcc/powerpc-eabi/14.2.0/../../../../powerpc-eabi/lib\libm.a(libm_a-ef_sqrt.o)
                                 0x3c (size before relaxing)
 .eh_frame      0x800248d8        0x0 C:/devkitPro/devkitPPC/bin/../lib/gcc/powerpc-eabi/14.2.0/../../../../powerpc-eabi/lib\libm.a(libm_a-kf_sin.o)
                                 0x34 (size before relaxing)
 .eh_frame      0x800248d8        0x0 C:/devkitPro/devkitPPC/bin/../lib/gcc/powerpc-eabi/14.2.0/../../../../powerpc-eabi/lib\libm.a(libm_a-ef_rem_pio2.o)
                                 0x90 (size before relaxing)
 .eh_frame      0x800248d8        0x0 C:/devkitPro/devkitPPC/bin/../lib/gcc/powerpc-eabi/14.2.0/../../../../powerpc-eabi/lib\libm.a(libm_a-sf_fabs.o)
                                 0x2c (size before relaxing)
 .eh_frame      0x800248d8        0x0 C:/devkitPro/devkitPPC/bin/../lib/gcc/powerpc-eabi/14.2.0/../../../../powerpc-eabi/lib\libm.a(libm_a-kf_rem_pio2.o)
                                 0x84 (size before relaxing)
 .eh_frame      0x800248d8        0x0 C:/devkitPro/devkitPPC/bin/../lib/gcc/powerpc-eabi/14.2.0/../../../../powerpc-eabi/lib\libm.a(libm_a-sf_floor.o)
                                 0x34 (size before relaxing)
 .eh_frame      0x800248d8        0x0 C:/devkitPro/devkitPPC/bin/../lib/gcc/powerpc-eabi/14.2.0/../../../../powerpc-eabi/lib\libm.a(libm_a-sf_scalbn.o)
                                 0x34 (size before relaxing)
 .eh_frame      0x800248d8       0x34 C:/devkitPro/devkitPPC/bin/../lib/gcc/powerpc-eabi/14.2.0\libgcc.a(_udivdi3.o)
                                 0x48 (size before relaxing)
 .eh_frame      0x8002490c       0x3c C:/devkitPro/devkitPPC/bin/../lib/gcc/powerpc-eabi/14.2.0\libgcc.a(_umoddi3.o)
                                 0x50 (size before relaxing)
 .eh_frame      0x80024948       0x18 C:/devkitPro/devkitPPC/bin/../lib/gcc/powerpc-eabi/14.2.0/../../../../powerpc-eabi/lib\libsysbase.a(libsysbase_libsysbase_a-abort.o)
                                 0x2c (size before relaxing)
 .eh_frame      0x80024960       0x14 C:/devkitPro/devkitPPC/bin/../lib/gcc/powerpc-eabi/14.2.0/../../../../powerpc-eabi/lib\libsysbase.a(libsysbase_libsysbase_a-build_argv.o)
                                 0x28 (size before relaxing)
 .eh_frame      0x80024974       0x14 C:/devkitPro/devkitPPC/bin/../lib/gcc/powerpc-eabi/14.2.0/../../../../powerpc-eabi/lib\libsysbase.a(libsysbase_libsysbase_a-getreent.o)
                                 0x28 (size before relaxing)
 .eh_frame      0x80024988       0xe8 C:/devkitPro/devkitPPC/bin/../lib/gcc/powerpc-eabi/14.2.0/../../../../powerpc-eabi/lib\libsysbase.a(libsysbase_libsysbase_a-iosupport.o)
                                0x138 (size before relaxing)
 .eh_frame      0x80024a70        0x0 C:/devkitPro/devkitPPC/bin/../lib/gcc/powerpc-eabi/14.2.0/../../../../powerpc-eabi/lib\libsysbase.a(libsysbase_libsysbase_a-usleep.o)
                                 0x40 (size before relaxing)
 .eh_frame      0x80024a70       0x20 C:/devkitPro/devkitPPC/bin/../lib/gcc/powerpc-eabi/14.2.0/../../../../powerpc-eabi/lib\libsysbase.a(libsysbase_libsysbase_a-_exit.o)
                                 0x34 (size before relaxing)
 .eh_frame      0x80024a90        0x0 C:/devkitPro/devkitPPC/bin/../lib/gcc/powerpc-eabi/14.2.0/../../../../powerpc-eabi/lib\libsysbase.a(libsysbase_libsysbase_a-nanosleep.o)
                                 0x38 (size before relaxing)
 .eh_frame      0x80024a90       0x14 C:/devkitPro/devkitPPC/bin/../lib/gcc/powerpc-eabi/14.2.0/../../../../powerpc-eabi/lib\libc.a(libc_a-strcmp.o)
                                 0x28 (size before relaxing)
 .eh_frame      0x80024aa4       0x14 C:/devkitPro/devkitPPC/bin/../lib/gcc/powerpc-eabi/14.2.0/../../../../powerpc-eabi/lib\libc.a(libc_a-memset.o)
                                 0x28 (size before relaxing)
 .eh_frame      0x80024ab8       0x14 C:/devkitPro/devkitPPC/bin/../lib/gcc/powerpc-eabi/14.2.0/../../../../powerpc-eabi/lib\libc.a(libc_a-strchr.o)
                                 0x28 (size before relaxing)
 .eh_frame      0x80024acc       0x14 C:/devkitPro/devkitPPC/bin/../lib/gcc/powerpc-eabi/14.2.0/../../../../powerpc-eabi/lib\libc.a(libc_a-memcpy.o)
                                 0x28 (size before relaxing)