Archive member included to satisfy reference by file (symbol)

C:/devkitPro/libogc/lib/wii\libwiiuse.a(wpad.o)
                              main.o (WPAD_ScanPads)
C:/devkitPro/libogc/lib/wii\libwiiuse.a(motion_plus.o)
                              C:/devkitPro/libogc/lib/wii\libwiiuse.a(wpad.o) (wiiuse_set_motion_plus)
C:/devkitPro/libogc/lib/wii\libwiiuse.a(dynamics.o)
                              C:/devkitPro/libogc/lib/wii\libwiiuse.a(wpad.o) (calculate_gforce)
C:/devkitPro/libogc/lib/wii\libwiiuse.a(io.o)
                              C:/devkitPro/libogc/lib/wii\libwiiuse.a(motion_plus.o) (wiiuse_disable_expansion)
C:/devkitPro/libogc/lib/wii\libwiiuse.a(io_wii.o)
                              C:/devkitPro/libogc/lib/wii\libwiiuse.a(wpad.o) (__wiiuse_sensorbar_enable)
C:/devkitPro/libogc/lib/wii\libwiiuse.a(ir.o)
                              C:/devkitPro/libogc/lib/wii\libwiiuse.a(motion_plus.o) (wiiuse_set_ir_mode)
C:/devkitPro/libogc/lib/wii\libwiiuse.a(nunchuk.o)
                              C:/devkitPro/libogc/lib/wii\libwiiuse.a(io.o) (nunchuk_handshake)
C:/devkitPro/libogc/lib/wii\libwiiuse.a(wiiboard.o)
                              C:/devkitPro/libogc/lib/wii\libwiiuse.a(io.o) (wii_board_handshake)
C:/devkitPro/libogc/lib/wii\libwiiuse.a(wiiuse.o)
                              C:/devkitPro/libogc/lib/wii\libwiiuse.a(wpad.o) (wiiuse_init)
C:/devkitPro/libogc/lib/wii\libwiiuse.a(speaker.o)
                              C:/devkitPro/libogc/lib/wii\libwiiuse.a(wpad.o) (wencdata)
C:/devkitPro/libogc/lib/wii\libwiiuse.a(classic.o)
                              C:/devkitPro/libogc/lib/wii\libwiiuse.a(io.o) (classic_ctrl_handshake)
C:/devkitPro/libogc/lib/wii\libwiiuse.a(events.o)
                              C:/devkitPro/libogc/lib/wii\libwiiuse.a(io_wii.o) (parse_event)
C:/devkitPro/libogc/lib/wii\libwiiuse.a(guitar_hero_3.o)
                              C:/devkitPro/libogc/lib/wii\libwiiuse.a(io.o) (guitar_hero_3_handshake)
C:/devkitPro/libogc/lib/wii\libbte.a(bte.o)
                              C:/devkitPro/libogc/lib/wii\libwiiuse.a(wpad.o) (BTE_Init)
C:/devkitPro/libogc/lib/wii\libbte.a(hci.o)
                              C:/devkitPro/libogc/lib/wii\libbte.a(bte.o) (hci_init)
C:/devkitPro/libogc/lib/wii\libbte.a(l2cap.o)
                              C:/devkitPro/libogc/lib/wii\libbte.a(bte.o) (l2cap_init)
C:/devkitPro/libogc/lib/wii\libbte.a(btmemb.o)
                              C:/devkitPro/libogc/lib/wii\libbte.a(bte.o) (btmemb_init)
C:/devkitPro/libogc/lib/wii\libbte.a(btmemr.o)
                              C:/devkitPro/libogc/lib/wii\libbte.a(hci.o) (btmemr_init)
C:/devkitPro/libogc/lib/wii\libbte.a(btpbuf.o)
                              C:/devkitPro/libogc/lib/wii\libbte.a(hci.o) (btpbuf_init)
C:/devkitPro/libogc/lib/wii\libbte.a(physbusif.o)
                              C:/devkitPro/libogc/lib/wii\libbte.a(bte.o) (physbusif_init)
C:/devkitPro/libogc/lib/wii\libogc.a(console.o)
                              main.o (CON_Init)
C:/devkitPro/libogc/lib/wii\libogc.a(lwp_queue.o)
                              C:/devkitPro/libogc/lib/wii\libwiiuse.a(io_wii.o) (__lwp_queue_initialize)
C:/devkitPro/libogc/lib/wii\libogc.a(lwp_threads.o)
                              C:/devkitPro/libogc/lib/wii\libwiiuse.a(wpad.o) (_thread_dispatch_disable_level)
C:/devkitPro/libogc/lib/wii\libogc.a(lwp.o)
                              C:/devkitPro/libogc/lib/wii\libbte.a(bte.o) (LWP_InitQueue)
C:/devkitPro/libogc/lib/wii\libogc.a(lwp_handler.o)
                              C:/devkitPro/libogc/lib/wii\libogc.a(lwp_threads.o) (_cpu_context_save_fp)
C:/devkitPro/libogc/lib/wii\libogc.a(lwp_stack.o)
                              C:/devkitPro/libogc/lib/wii\libogc.a(lwp_threads.o) (__lwp_stack_allocate)
C:/devkitPro/libogc/lib/wii\libogc.a(lwp_watchdog.o)
                              C:/devkitPro/libogc/lib/wii\libogc.a(lwp_threads.o) (_wd_ticks_queue)
C:/devkitPro/libogc/lib/wii\libogc.a(lwp_wkspace.o)
                              C:/devkitPro/libogc/lib/wii\libwiiuse.a(motion_plus.o) (__wkspace_heap)
C:/devkitPro/libogc/lib/wii\libogc.a(lwp_objmgr.o)
                              C:/devkitPro/libogc/lib/wii\libogc.a(lwp.o) (__lwp_objmgr_initinfo)
C:/devkitPro/libogc/lib/wii\libogc.a(lwp_heap.o)
                              C:/devkitPro/libogc/lib/wii\libogc.a(lwp_wkspace.o) (__lwp_heap_init)
C:/devkitPro/libogc/lib/wii\libogc.a(sys_state.o)
                              C:/devkitPro/libogc/lib/wii\libogc.a(lwp_threads.o) (_sys_state_curr)
C:/devkitPro/libogc/lib/wii\libogc.a(irq.o)
                              C:/devkitPro/libogc/lib/wii\libwiiuse.a(io_wii.o) (IRQ_Disable)
C:/devkitPro/libogc/lib/wii\libogc.a(video.o)
                              C:/devkitPro/libogc/lib/wii\libogc.a(console.o) (VIDEO_GetCurrentFramebuffer)
C:/devkitPro/libogc/lib/wii\libogc.a(pad.o)
                              main.o (PAD_Init)
C:/devkitPro/libogc/lib/wii\libogc.a(system.o)
[...]
Memory Configuration

Name             Origin             Length             Attributes
*default*        0x00000000         0xffffffff

Linker script and memory map

                0x00003400                        . = 0x3400

.stub
 *(.stub)
                0x80004000                        . = 0x80004000

.init           0x80004000      0x194
 *crt0.o(*.init)
 .init          0x80004000      0x170 C:/devkitPro/libogc/lib/wii\libogc.a(ogc_crt0.o)
                0x80004000                _start
                0x80004140                _memset
 *(.init)
 .init          0x80004170        0xc C:/devkitPro/devkitPPC/bin/../lib/gcc/powerpc-eabi/14.2.0/ecrti.o
                0x80004170                __init
 .init          0x8000417c        0x4 C:/devkitPro/devkitPPC/bin/../lib/gcc/powerpc-eabi/14.2.0/crtbegin.o
 .init          0x80004180        0x4 C:/devkitPro/devkitPPC/bin/../lib/gcc/powerpc-eabi/14.2.0/crtend.o
 .init          0x80004184       0x10 C:/devkitPro/devkitPPC/bin/../lib/gcc/powerpc-eabi/14.2.0/ecrtn.o

.rela.dyn       0x80004194        0x0
 .rela.iplt     0x80004194        0x0 C:/devkitPro/devkitPPC/bin/../lib/gcc/powerpc-eabi/14.2.0/crtbegin.o

.plt
 *(.plt)

.interp
 *(.interp)

.hash
 *(.hash)

.dynsym
 *(.dynsym)

.dynstr
 *(.dynstr)

.gnu.version
 *(.gnu.version)

.gnu.version_d
 *(.gnu.version_d)

.gnu.version_r
 *(.gnu.version_r)

.rel.init
 *(.rel.init)

.rela.init
 *(.rela.init)

.rel.text
 *(.rel.text .rel.text.* .rel.gnu.linkonce.t.*)

.rela.text      0x80004194        0x0
 *(.rela.text .rela.text.* .rela.gnu.linkonce.t.*)
 .rela.text.__do_global_dtors_aux
                0x80004194        0x0 C:/devkitPro/devkitPPC/bin/../lib/gcc/powerpc-eabi/14.2.0/crtbegin.o
 .rela.text.frame_dummy
                0x80004194        0x0 C:/devkitPro/devkitPPC/bin/../lib/gcc/powerpc-eabi/14.2.0/crtbegin.o
 .rela.text.unlikely.abort
                0x80004194        0x0 C:/devkitPro/devkitPPC/bin/../lib/gcc/powerpc-eabi/14.2.0/crtbegin.o
 .rela.text.__assert_func
                0x80004194        0x0 C:/devkitPro/devkitPPC/bin/../lib/gcc/powerpc-eabi/14.2.0/crtbegin.o

.rel.fini
 *(.rel.fini)

.rela.fini
 *(.rela.fini)

.rel.rodata
 *(.rel.rodata .rel.rodata.* .rel.gnu.linkonce.r.*)

.rela.rodata
 *(.rela.rodata .rela.rodata.* .rela.gnu.linkonce.r.*)

.rel.data
 *(.rel.data .rel.data.* .rel.gnu.linkonce.d.*)

.rela.data
 *(.rela.data .rela.data.* .rela.gnu.linkonce.d.*)

.rel.tdata
 *(.rel.tdata .rel.tdata.* .rel.gnu.linkonce.td.*)

.rela.tdata
 *(.rela.tdata .rela.tdata.* .rela.gnu.linkonce.td.*)

.rel.tbss
 *(.rel.tbss .rel.tbss.* .rel.gnu.linkonce.tb.*)

.rela.tbss
 *(.rela.tbss .rela.tbss.* .rela.gnu.linkonce.tb.*)

.rel.ctors
 *(.rel.ctors)

.rela.ctors
 *(.rela.ctors)

.rel.dtors
 *(.rel.dtors)

.rela.dtors
 *(.rela.dtors)

.rel.got
 *(.rel.got)

.rela.got
 *(.rela.got)

.rela.got1
 *(.rela.got1)

.rela.got2
 *(.rela.got2)

.rel.sdata
 *(.rel.sdata .rel.sdata.* .rel.gnu.linkonce.s.*)

.rela.sdata
 *(.rela.sdata .rela.sdata.* .rela.gnu.linkonce.s.*)

.rel.sbss
 *(.rel.sbss .rel.sbss.* .rel.gnu.linkonce.sb.*)

.rela.sbss
 *(.rela.sbss .rela.sbss.* .rel.gnu.linkonce.sb.*)

.rel.sdata2
 *(.rel.sdata2 .rel.sdata2.* .rel.gnu.linkonce.s2.*)

.rela.sdata2
 *(.rela.sdata2 .rela.sdata2.* .rela.gnu.linkonce.s2.*)

.rel.sbss2
 *(.rel.sbss2 .rel.sbss2.* .rel.gnu.linkonce.sb2.*)

.rela.sbss2
 *(.rela.sbss2 .rela.sbss2.* .rela.gnu.linkonce.sb2.*)

.rel.bss
 *(.rel.bss .rel.bss.* .rel.gnu.linkonce.b.*)

.rela.bss
 *(.rela.bss .rela.bss.* .rela.gnu.linkonce.b.*)

.rel.plt
 *(.rel.plt)

.rela.plt
 *(.rela.plt)

.text           0x800041a0    0x282e0
 *(.text)
 .text          0x800041a0      0x44c C:/devkitPro/libogc/lib/wii\libogc.a(lwp_handler.o)
                0x800041a0                _cpu_context_save_fp
                0x800042e0                _cpu_context_restore_fp
                0x80004420                _cpu_context_switch
                0x80004500                _cpu_context_save
                0x80004580                _cpu_context_restore
 .text          0x800045ec      0x4a0 C:/devkitPro/libogc/lib/wii\libogc.a(system_asm.o)
                0x800045ec                __realmode
                0x80004604                __configBATS
                0x80004734                __InitFPRS
                0x80004860                __InitPS
                0x800048bc                __InitCache
                0x80004914                __InitSystem
                0x8000499c                __flush_cache
                0x800049d0                __reset
                0x80004a40                __InitBATS
                0x80004a5c                SYS_SwitchFiber
 .text          0x80004a8c      0x1ac C:/devkitPro/libogc/lib/wii\libogc.a(irq_handler.o)
                0x80004a8c                irq_exceptionhandler
 .text          0x80004c38      0x4f4 C:/devkitPro/libogc/lib/wii\libogc.a(cache_asm.o)
                0x80004c38                DCFlashInvalidate
                0x80004c4c                DCEnable
                0x80004c60                DCDisable
                0x80004c74                DCFreeze
                0x80004c88                DCUnfreeze
                0x80004c9c                DCTouchLoad
                0x80004ca4                DCBlockZero
                0x80004cac                DCBlockStore
                0x80004cb4                DCBlockFlush
                0x80004cbc                DCBlockInvalidate
                0x80004cc4                DCInvalidateRange
                0x80004cf4                DCFlushRange
                0x80004d28                DCStoreRange
                0x80004d5c                DCFlushRangeNoSync
                0x80004d8c                DCStoreRangeNoSync
                0x80004dbc                DCZeroRange
                0x80004dec                DCTouchRange
                0x80004e1c                ICInvalidateRange
                0x80004e54                ICFlashInvalidate
                0x80004e68                ICEnable
                0x80004e7c                ICDisable
                0x80004e90                ICFreeze
                0x80004ea4                ICUnfreeze
                0x80004eb8                ICBlockInvalidate
                0x80004ec0                ICSync
                0x80004ec8                L2Init
                0x80004f10                L2Enable
                0x80004f2c                L2Disable
                0x80004f44                L2GlobalInvalidate
                0x80004f9c                __LCEnable
                0x80005068                LCDisable
                0x80005090                LCAllocOneTag
                0x800050a4                LCAllocTags
                0x800050e4                LCLoadBlocks
                0x80005108                LCStoreBlocks
 .text          0x8000512c      0x1ac C:/devkitPro/libogc/lib/wii\libogc.a(decrementer_handler.o)
                0x8000512c                dec_exceptionhandler
 .text          0x800052d8      0x35c C:/devkitPro/libogc/lib/wii\libogc.a(exception_handler.o)
                0x800052d8                exceptionhandler_start
                0x80005354                exceptionhandler_patch
                0x80005388                exceptionhandler_end
                0x8000538c                default_exceptionhandler
                0x800054bc                fpu_exceptionhandler
                0x80005604                systemcallhandler_start
                0x80005630                systemcallhandler_end
 .text          0x80005634       0x48 C:/devkitPro/devkitPPC/bin/../lib/gcc/powerpc-eabi/14.2.0\libgcc.a(eabi.o)
                0x80005634                __eabi
 .text          0x8000567c       0x58 C:/devkitPro/devkitPPC/bin/../lib/gcc/powerpc-eabi/14.2.0\libgcc.a(crtresxfpr.o)
                0x8000567c                _restfpr_14_x
                0x80005680                _restfpr_15_x
                0x80005684                _restfpr_16_x
                0x80005688                _restfpr_17_x
                0x8000568c                _restfpr_18_x
                0x80005690                _restfpr_19_x
                0x80005694                _restfpr_20_x
                0x80005698                _restfpr_21_x
                0x8000569c                _restfpr_22_x
                0x800056a0                _restfpr_23_x
                0x800056a4                _restfpr_24_x
                0x800056a8                _restfpr_25_x
                0x800056ac                _restfpr_26_x
                0x800056b0                _restfpr_27_x
                0x800056b4                _restfpr_28_x
                0x800056b8                _restfpr_29_x
                0x800056bc                _restfpr_30_x
                0x800056c0                _restfpr_31_x
 .text          0x800056d4       0x58 C:/devkitPro/devkitPPC/bin/../lib/gcc/powerpc-eabi/14.2.0\libgcc.a(crtresxgpr.o)
                0x800056d4                _restgpr_14_x
                0x800056d8                _restgpr_15_x
                0x800056dc                _restgpr_16_x
                0x800056e0                _restgpr_17_x
                0x800056e4                _restgpr_18_x
                0x800056e8                _restgpr_19_x
                0x800056ec                _restgpr_20_x
                0x800056f0                _restgpr_21_x
                0x800056f4                _restgpr_22_x
                0x800056f8                _restgpr_23_x
                0x800056fc                _restgpr_24_x
                0x80005700                _restgpr_25_x
                0x80005704                _restgpr_26_x
                0x80005708                _restgpr_27_x
                0x8000570c                _restgpr_28_x
                0x80005710                _restgpr_29_x
                0x80005714                _restgpr_30_x
                0x80005718                _restgpr_31_x
 *(.text.*)
 .text.__do_global_dtors_aux
                0x8000572c       0xcc C:/devkitPro/devkitPPC/bin/../lib/gcc/powerpc-eabi/14.2.0/crtbegin.o
 .text.frame_dummy
                0x800057f8       0x24 C:/devkitPro/devkitPPC/bin/../lib/gcc/powerpc-eabi/14.2.0/crtbegin.o
 .text.__crtmain
                0x8000581c       0x40 C:/devkitPro/devkitPPC/bin/../lib/gcc/powerpc-eabi/14.2.0/../../../../powerpc-eabi/lib/crtmain.o
                0x80005820                __crtmain
 .text.Init     0x8000585c       0xb8 main.o
                0x8000585c                Init
 .text.init_network
                0x80005914       0x8c main.o
                0x80005914                init_network
 .text.create_socket
                0x800059a0       0xe8 main.o
                0x800059a0                create_socket
 .text.startup.main
                0x80005a88       0x5c main.o
                0x80005a88                main
 .text.WPAD_ReadEvent
                0x80005ae4      0x688 C:/devkitPro/libogc/lib/wii\libwiiuse.a(wpad.o)
                0x80005ae4                WPAD_ReadEvent
 .text.WPAD_ReadPending
                0x8000616c      0x1a0 C:/devkitPro/libogc/lib/wii\libwiiuse.a(wpad.o)
                0x8000616c                WPAD_ReadPending
 .text.WPAD_ScanPads
                0x8000630c       0x90 C:/devkitPro/libogc/lib/wii\libwiiuse.a(wpad.o)
                0x8000630c                WPAD_ScanPads
 .text.WPAD_ButtonsDown
                0x8000639c       0x28 C:/devkitPro/libogc/lib/wii\libwiiuse.a(wpad.o)
                0x8000639c                WPAD_ButtonsDown
 .text.calculate_gforce
                0x800063c4      0x114 C:/devkitPro/libogc/lib/wii\libwiiuse.a(dynamics.o)
                0x800063c4                calculate_gforce
 .text.calc_joystick_state
                0x800064d8      0x210 C:/devkitPro/libogc/lib/wii\libwiiuse.a(dynamics.o)
                0x800064d8                calc_joystick_state
 .text.apply_smoothing
                0x800066e8      0x110 C:/devkitPro/libogc/lib/wii\libwiiuse.a(dynamics.o)
                0x800066e8                apply_smoothing
 .text.calculate_orientation
                0x800067f8      0x374 C:/devkitPro/libogc/lib/wii\libwiiuse.a(dynamics.o)
                0x800067f8                calculate_orientation
 .text.calc_balanceboard_state
                0x80006b6c      0x3a4 C:/devkitPro/libogc/lib/wii\libwiiuse.a(dynamics.o)
                0x80006b6c                calc_balanceboard_state
 .text.rotate_dots
                0x80006f10      0x13c C:/devkitPro/libogc/lib/wii\libwiiuse.a(ir.o)
 .text.find_sensorbar
                0x8000704c      0xaa0 C:/devkitPro/libogc/lib/wii\libwiiuse.a(ir.o)
                0x8000704c                find_sensorbar
 .text.apply_ir_smoothing
                0x80007aec      0x124 C:/devkitPro/libogc/lib/wii\libwiiuse.a(ir.o)
                0x80007aec                apply_ir_smoothing
 .text.interpret_ir_data
                0x80007c10      0x3c8 C:/devkitPro/libogc/lib/wii\libwiiuse.a(ir.o)
                0x80007c10                interpret_ir_data
 .text.__console_clear_line
                0x80007fd8       0xb8 C:/devkitPro/libogc/lib/wii\libogc.a(console.o)
 .text.__console_clear
                0x80008090       0xbc C:/devkitPro/libogc/lib/wii\libogc.a(console.o)
 .text.__console_write
                0x8000814c      0x830 C:/devkitPro/libogc/lib/wii\libogc.a(console.o)
                0x8000814c                __console_write
 .text.__console_init
                0x8000897c      0x120 C:/devkitPro/libogc/lib/wii\libogc.a(console.o)
                0x8000897c                __console_init
 .text.CON_Init
                0x80008a9c        0x4 C:/devkitPro/libogc/lib/wii\libogc.a(console.o)
                0x80008a9c                CON_Init
 .text.CON_EnableGecko
                0x80008aa0      0x100 C:/devkitPro/libogc/lib/wii\libogc.a(console.o)
                0x80008aa0                CON_EnableGecko
 .text.__lwp_queue_initialize
                0x80008ba0       0x98 C:/devkitPro/libogc/lib/wii\libogc.a(lwp_queue.o)
                0x80008ba0                __lwp_queue_initialize
 .text.__lwp_queue_get
                0x80008c38       0x74 C:/devkitPro/libogc/lib/wii\libogc.a(lwp_queue.o)
                0x80008c38                __lwp_queue_get
 .text.__lwp_queue_append
                0x80008cac       0x4c C:/devkitPro/libogc/lib/wii\libogc.a(lwp_queue.o)
                0x80008cac                __lwp_queue_append
 .text.__syscall_getreent
                0x80008cf8       0x24 C:/devkitPro/libogc/lib/wii\libogc.a(lwp_threads.o)
                0x80008cf8                __syscall_getreent
 .text.__lwp_isr_in_progress
                0x80008d1c        0x8 C:/devkitPro/libogc/lib/wii\libogc.a(lwp_threads.o)
                0x80008d1c                __lwp_isr_in_progress
 .text.__thread_dispatch_fp
                0x80008d24       0x88 C:/devkitPro/libogc/lib/wii\libogc.a(lwp_threads.o)
                0x80008d24                __thread_dispatch_fp
 .text.__thread_dispatch
                0x80008dac       0xf4 C:/devkitPro/libogc/lib/wii\libogc.a(lwp_threads.o)
                0x80008dac                __thread_dispatch
 .text.__lwp_thread_resettimeslice
                0x80008ea0       0xb4 C:/devkitPro/libogc/lib/wii\libogc.a(lwp_threads.o)
                0x80008ea0                __lwp_thread_resettimeslice
 .text.__lwp_thread_tickle_timeslice
                0x80008f54       0xc8 C:/devkitPro/libogc/lib/wii\libogc.a(lwp_threads.o)
                0x80008f54                __lwp_thread_tickle_timeslice
 .text.__lwp_thread_setstate
                0x8000901c      0x16c C:/devkitPro/libogc/lib/wii\libogc.a(lwp_threads.o)
                0x8000901c                __lwp_thread_setstate
 .text.__lwp_thread_clearstate
                0x80009188       0xe4 C:/devkitPro/libogc/lib/wii\libogc.a(lwp_threads.o)
                0x80009188                __lwp_thread_clearstate
 .text.__lwp_thread_delayended
                0x8000926c       0x48 C:/devkitPro/libogc/lib/wii\libogc.a(lwp_threads.o)
                0x8000926c                __lwp_thread_delayended
 .text.__lwp_thread_settransient
                0x800092b4       0xb4 C:/devkitPro/libogc/lib/wii\libogc.a(lwp_threads.o)
                0x800092b4                __lwp_thread_settransient
 .text.__lwp_thread_changepriority
                0x80009368      0x1f8 C:/devkitPro/libogc/lib/wii\libogc.a(lwp_threads.o)
                0x80009368                __lwp_thread_changepriority
 .text.__lwp_thread_ready
                0x80009560       0xf0 C:/devkitPro/libogc/lib/wii\libogc.a(lwp_threads.o)
                0x80009560                __lwp_thread_ready
 .text.__lwp_thread_init
                0x80009650      0x160 C:/devkitPro/libogc/lib/wii\libogc.a(lwp_threads.o)
                0x80009650                __lwp_thread_init
 .text.__lwp_thread_close
                0x800097b0      0x144 C:/devkitPro/libogc/lib/wii\libogc.a(lwp_threads.o)
                0x800097b0                __lwp_thread_close
 .text.__lwp_thread_handler
                0x800098f4       0xc0 C:/devkitPro/libogc/lib/wii\libogc.a(lwp_threads.o)
 .text.__lwp_thread_closeall
                0x800099b4       0xb0 C:/devkitPro/libogc/lib/wii\libogc.a(lwp_threads.o)
                0x800099b4                __lwp_thread_closeall
 .text.__lwp_thread_start
                0x80009a64      0x150 C:/devkitPro/libogc/lib/wii\libogc.a(lwp_threads.o)
                0x80009a64                __lwp_thread_start
 .text.__lwp_thread_startmultitasking
                0x80009bb4       0xac C:/devkitPro/libogc/lib/wii\libogc.a(lwp_threads.o)
                0x80009bb4                __lwp_thread_startmultitasking
 .text.__lwp_thread_stopmultitasking
                0x80009c60       0x58 C:/devkitPro/libogc/lib/wii\libogc.a(lwp_threads.o)
                0x80009c60                __lwp_thread_stopmultitasking
 .text.__lwp_thread_coreinit
                0x80009cb8       0xc4 C:/devkitPro/libogc/lib/wii\libogc.a(lwp_threads.o)
                0x80009cb8                __lwp_thread_coreinit
 .text.idle_func
                0x80009d7c        0x4 C:/devkitPro/libogc/lib/wii\libogc.a(lwp.o)
 .text.__lwp_sysinit
                0x80009d80      0x114 C:/devkitPro/libogc/lib/wii\libogc.a(lwp.o)
                0x80009d80                __lwp_sysinit
 .text.LWP_InitQueue
                0x80009e94      0x148 C:/devkitPro/libogc/lib/wii\libogc.a(lwp.o)
                0x80009e94                LWP_InitQueue
 .text.LWP_CloseQueue
                0x80009fdc       0xd4 C:/devkitPro/libogc/lib/wii\libogc.a(lwp.o)
                0x80009fdc                LWP_CloseQueue
 .text.LWP_ThreadSleep
                0x8000a0b0       0xf8 C:/devkitPro/libogc/lib/wii\libogc.a(lwp.o)
                0x8000a0b0                LWP_ThreadSleep
 .text.LWP_ThreadBroadcast
                0x8000a1a8       0x88 C:/devkitPro/libogc/lib/wii\libogc.a(lwp.o)
                0x8000a1a8                LWP_ThreadBroadcast
 .text.LWP_ThreadSignal
                0x8000a230       0x74 C:/devkitPro/libogc/lib/wii\libogc.a(lwp.o)
                0x8000a230                LWP_ThreadSignal
 .text.__lwp_stack_allocate
                0x8000a2a4       0x60 C:/devkitPro/libogc/lib/wii\libogc.a(lwp_stack.o)
                0x8000a2a4                __lwp_stack_allocate
 .text.__lwp_stack_free
                0x8000a304       0x1c C:/devkitPro/libogc/lib/wii\libogc.a(lwp_stack.o)
                0x8000a304                __lwp_stack_free
 .text.__lwp_wd_settimer
                0x8000a320       0xdc C:/devkitPro/libogc/lib/wii\libogc.a(lwp_watchdog.o)
 .text.__lwp_watchdog_init
                0x8000a3fc       0x2c C:/devkitPro/libogc/lib/wii\libogc.a(lwp_watchdog.o)
                0x8000a3fc                __lwp_watchdog_init
 .text.__lwp_wd_insert
                0x8000a428      0x19c C:/devkitPro/libogc/lib/wii\libogc.a(lwp_watchdog.o)
                0x8000a428                __lwp_wd_insert
 .text.__lwp_wd_remove
                0x8000a5c4      0x138 C:/devkitPro/libogc/lib/wii\libogc.a(lwp_watchdog.o)
                0x8000a5c4                __lwp_wd_remove
 .text.__lwp_wd_tickle
                0x8000a6fc      0x120 C:/devkitPro/libogc/lib/wii\libogc.a(lwp_watchdog.o)
                0x8000a6fc                __lwp_wd_tickle
 .text.__lwp_wkspace_init
                0x8000a81c       0xc0 C:/devkitPro/libogc/lib/wii\libogc.a(lwp_wkspace.o)
                0x8000a81c                __lwp_wkspace_init
 .text.__lwp_objmgr_initinfo
                0x8000a8dc      0x1a0 C:/devkitPro/libogc/lib/wii\libogc.a(lwp_objmgr.o)
                0x8000a8dc                __lwp_objmgr_initinfo
 .text.__lwp_objmgr_getisrdisable
                0x8000aa7c       0x60 C:/devkitPro/libogc/lib/wii\libogc.a(lwp_objmgr.o)
                0x8000aa7c                __lwp_objmgr_getisrdisable
 .text.__lwp_objmgr_getnoprotection
                0x8000aadc       0x24 C:/devkitPro/libogc/lib/wii\libogc.a(lwp_objmgr.o)
                0x8000aadc                __lwp_objmgr_getnoprotection
 .text.__lwp_objmgr_get
                0x8000ab00       0x6c C:/devkitPro/libogc/lib/wii\libogc.a(lwp_objmgr.o)
                0x8000ab00                __lwp_objmgr_get
 .text.__lwp_objmgr_allocate
                0x8000ab6c       0x88 C:/devkitPro/libogc/lib/wii\libogc.a(lwp_objmgr.o)
                0x8000ab6c                __lwp_objmgr_allocate
 .text.__lwp_objmgr_free
                0x8000abf4       0x60 C:/devkitPro/libogc/lib/wii\libogc.a(lwp_objmgr.o)
                0x8000abf4                __lwp_objmgr_free
 .text.__lwp_heap_init
                0x8000ac54       0xa4 C:/devkitPro/libogc/lib/wii\libogc.a(lwp_heap.o)
                0x8000ac54                __lwp_heap_init
 .text.__lwp_heap_allocate
                0x8000acf8      0x160 C:/devkitPro/libogc/lib/wii\libogc.a(lwp_heap.o)
                0x8000acf8                __lwp_heap_allocate
 .text.__lwp_heap_free
                0x8000ae58      0x188 C:/devkitPro/libogc/lib/wii\libogc.a(lwp_heap.o)
                0x8000ae58                __lwp_heap_free
 .text.__SetInterrupts
                0x8000afe0      0x268 C:/devkitPro/libogc/lib/wii\libogc.a(irq.o)
 .text.c_irqdispatcher
                0x8000b248      0x268 C:/devkitPro/libogc/lib/wii\libogc.a(irq.o)
                0x8000b248                c_irqdispatcher
 .text.__UnmaskIrq
                0x8000b4b0       0x84 C:/devkitPro/libogc/lib/wii\libogc.a(irq.o)
                0x8000b4b0                __UnmaskIrq
 .text.__MaskIrq
                0x8000b534       0x84 C:/devkitPro/libogc/lib/wii\libogc.a(irq.o)
                0x8000b534                __MaskIrq
 .text.__irq_init
                0x8000b5b8       0x84 C:/devkitPro/libogc/lib/wii\libogc.a(irq.o)
                0x8000b5b8                __irq_init
 .text.IRQ_Request
                0x8000b63c       0x50 C:/devkitPro/libogc/lib/wii\libogc.a(irq.o)
                0x8000b63c                IRQ_Request
 .text.IRQ_GetHandler
                0x8000b68c       0x44 C:/devkitPro/libogc/lib/wii\libogc.a(irq.o)
                0x8000b68c                IRQ_GetHandler
 .text.__VISendI2CData.constprop.0.isra.0
                0x8000b6d0      0x428 C:/devkitPro/libogc/lib/wii\libogc.a(video.o)
 .text.__setFbbRegs.constprop.0
                0x8000baf8      0x190 C:/devkitPro/libogc/lib/wii\libogc.a(video.o)
 .text.__VISetYUVSEL
                0x8000bc88       0xb8 C:/devkitPro/libogc/lib/wii\libogc.a(video.o)
 .text.VIDEO_Configure
                0x8000bd40      0x600 C:/devkitPro/libogc/lib/wii\libogc.a(video.o)
                0x8000bd40                VIDEO_Configure
 .text.VIDEO_WaitVSync
                0x8000c340       0x74 C:/devkitPro/libogc/lib/wii\libogc.a(video.o)
                0x8000c340                VIDEO_WaitVSync
 .text.VIDEO_SetFramebuffer
                0x8000c3b4       0xd0 C:/devkitPro/libogc/lib/wii\libogc.a(video.o)
                0x8000c3b4                VIDEO_SetFramebuffer
 .text.VIDEO_SetNextFramebuffer
                0x8000c484       0x70 C:/devkitPro/libogc/lib/wii\libogc.a(video.o)
                0x8000c484                VIDEO_SetNextFramebuffer
 .text.VIDEO_Flush
                0x8000c4f4       0xf4 C:/devkitPro/libogc/lib/wii\libogc.a(video.o)
                0x8000c4f4                VIDEO_Flush
 .text.VIDEO_SetBlack
                0x8000c5e8      0x15c C:/devkitPro/libogc/lib/wii\libogc.a(video.o)
                0x8000c5e8                VIDEO_SetBlack
 .text.VIDEO_GetCurrentTvMode
                0x8000c744       0x78 C:/devkitPro/libogc/lib/wii\libogc.a(video.o)
                0x8000c744                VIDEO_GetCurrentTvMode
 .text.__VIRetraceHandler
                0x8000c7bc      0x284 C:/devkitPro/libogc/lib/wii\libogc.a(video.o)
 .text.__VISetupEncoder
                0x8000ca40      0x288 C:/devkitPro/libogc/lib/wii\libogc.a(video.o)
 .text.VIDEO_Init
                0x8000ccc8      0x3cc C:/devkitPro/libogc/lib/wii\libogc.a(video.o)
                0x8000ccc8                VIDEO_Init
 .text.VIDEO_GetPreferredMode
                0x8000d094      0x108 C:/devkitPro/libogc/lib/wii\libogc.a(video.o)
                0x8000d094                VIDEO_GetPreferredMode
 .text.VIDEO_GetCurrentLine
                0x8000d19c       0xa0 C:/devkitPro/libogc/lib/wii\libogc.a(video.o)
                0x8000d19c                VIDEO_GetCurrentLine
 .text.VIDEO_GetFrameBufferSize
                0x8000d23c       0x34 C:/devkitPro/libogc/lib/wii\libogc.a(video.o)
                0x8000d23c                VIDEO_GetFrameBufferSize
 .text.SPEC1_MakeStatus
                0x8000d270      0x104 C:/devkitPro/libogc/lib/wii\libogc.a(pad.o)
 .text.__pad_samplinghandler
                0x8000d374        0x4 C:/devkitPro/libogc/lib/wii\libogc.a(pad.o)
 .text.__pad_doreset
                0x8000d378       0x50 C:/devkitPro/libogc/lib/wii\libogc.a(pad.o)
 .text.__pad_updateorigin
                0x8000d3c8       0xa4 C:/devkitPro/libogc/lib/wii\libogc.a(pad.o)
 .text.__pad_disable
                0x8000d46c       0xbc C:/devkitPro/libogc/lib/wii\libogc.a(pad.o)
 .text.__pad_receivecheckcallback
                0x8000d528       0x84 C:/devkitPro/libogc/lib/wii\libogc.a(pad.o)
 .text.__pad_typeandstatuscallback
                0x8000d5ac      0x1ac C:/devkitPro/libogc/lib/wii\libogc.a(pad.o)
 .text.__pad_originupdatecallback
                0x8000d758       0x2c C:/devkitPro/libogc/lib/wii\libogc.a(pad.o)
 .text.SPEC2_MakeStatus
                0x8000d784      0x214 C:/devkitPro/libogc/lib/wii\libogc.a(pad.o)
 .text.__pad_onreset
                0x8000d998      0x108 C:/devkitPro/libogc/lib/wii\libogc.a(pad.o)
 .text.__pad_origincallback
                0x8000daa0       0x74 C:/devkitPro/libogc/lib/wii\libogc.a(pad.o)
 .text.__pad_probecallback
                0x8000db14       0x88 C:/devkitPro/libogc/lib/wii\libogc.a(pad.o)
 .text.__PADDisableRecalibration
                0x8000db9c       0x60 C:/devkitPro/libogc/lib/wii\libogc.a(pad.o)
                0x8000db9c                __PADDisableRecalibration
 .text.PAD_Reset
                0x8000dbfc       0xf0 C:/devkitPro/libogc/lib/wii\libogc.a(pad.o)
                0x8000dbfc                PAD_Reset
 .text.PAD_Read
                0x8000dcec      0x2d4 C:/devkitPro/libogc/lib/wii\libogc.a(pad.o)
                0x8000dcec                PAD_Read
 .text.PAD_Init
                0x8000dfc0      0x100 C:/devkitPro/libogc/lib/wii\libogc.a(pad.o)
                0x8000dfc0                PAD_Init
 .text.PAD_ScanPads
                0x8000e0c0      0x14c C:/devkitPro/libogc/lib/wii\libogc.a(pad.o)
                0x8000e0c0                PAD_ScanPads
 .text.PAD_ButtonsDown
                0x8000e20c       0x40 C:/devkitPro/libogc/lib/wii\libogc.a(pad.o)
                0x8000e20c                PAD_ButtonsDown
 .text.__call_resetfuncs
                0x8000e24c       0xbc C:/devkitPro/libogc/lib/wii\libogc.a(system.o)
 .text.__MEMInterruptHandler
                0x8000e308       0x14 C:/devkitPro/libogc/lib/wii\libogc.a(system.o)
 .text.__RSWDefaultHandler
                0x8000e31c        0x4 C:/devkitPro/libogc/lib/wii\libogc.a(system.o)
 .text.__POWDefaultHandler
                0x8000e320        0x4 C:/devkitPro/libogc/lib/wii\libogc.a(system.o)
 .text.__STMEventHandler
                0x8000e324      0x104 C:/devkitPro/libogc/lib/wii\libogc.a(system.o)
 .text.__getrtc
                0x8000e428      0x13c C:/devkitPro/libogc/lib/wii\libogc.a(system.o)
 .text.__sram_write
                0x8000e564      0x130 C:/devkitPro/libogc/lib/wii\libogc.a(system.o)
 .text.__sram_writecallback
                0x8000e694       0x54 C:/devkitPro/libogc/lib/wii\libogc.a(system.o)
 .text.__mem_onreset
                0x8000e6e8       0x48 C:/devkitPro/libogc/lib/wii\libogc.a(system.o)
 .text.__unlocksram
                0x8000e730      0x174 C:/devkitPro/libogc/lib/wii\libogc.a(system.o)
 .text.__sys_alarmhandler
                0x8000e8a4      0x154 C:/devkitPro/libogc/lib/wii\libogc.a(system.o)
 .text.__syscall_malloc_lock
                0x8000e9f8        0x4 C:/devkitPro/libogc/lib/wii\libogc.a(system.o)
                0x8000e9f8                __syscall_malloc_lock
 .text.__syscall_malloc_unlock
                0x8000e9fc        0x4 C:/devkitPro/libogc/lib/wii\libogc.a(system.o)
                0x8000e9fc                __syscall_malloc_unlock
 .text.__syscall_nanosleep
                0x8000ea00        0x4 C:/devkitPro/libogc/lib/wii\libogc.a(system.o)
                0x8000ea00                __syscall_nanosleep
 .text.__SYS_GetRTC
                0x8000ea04       0x98 C:/devkitPro/libogc/lib/wii\libogc.a(system.o)
                0x8000ea04                __SYS_GetRTC
 .text.__SYS_SetBootTime
                0x8000ea9c      0x108 C:/devkitPro/libogc/lib/wii\libogc.a(system.o)
                0x8000ea9c                __SYS_SetBootTime
 .text.__SYS_GetIPCBufferLo
                0x8000eba4        0x8 C:/devkitPro/libogc/lib/wii\libogc.a(system.o)
                0x8000eba4                __SYS_GetIPCBufferLo
 .text.__SYS_GetIPCBufferHi
                0x8000ebac        0x8 C:/devkitPro/libogc/lib/wii\libogc.a(system.o)
                0x8000ebac                __SYS_GetIPCBufferHi
 .text.__SYS_PreInit
                0x8000ebb4        0x4 C:/devkitPro/libogc/lib/wii\libogc.a(system.o)
                0x8000ebb4                __SYS_PreInit
 .text.SYS_PreMain
                0x8000ebb8       0x7c C:/devkitPro/libogc/lib/wii\libogc.a(system.o)
                0x8000ebb8                SYS_PreMain
 .text.SYS_ResetButtonDown
                0x8000ec34       0x18 C:/devkitPro/libogc/lib/wii\libogc.a(system.o)
                0x8000ec34                SYS_ResetButtonDown
 .text.SYS_ResetSystem
                0x8000ec4c      0x1f8 C:/devkitPro/libogc/lib/wii\libogc.a(system.o)
                0x8000ec4c                SYS_ResetSystem
 .text.__reload
                0x8000ee44       0x84 C:/devkitPro/libogc/lib/wii\libogc.a(system.o)
                0x8000ee44                __reload
 .text.__syscall_exit
                0x8000eec8       0x8c C:/devkitPro/libogc/lib/wii\libogc.a(system.o)
                0x8000eec8                __syscall_exit
 .text.SYS_RegisterResetFunc
                0x8000ef54       0x78 C:/devkitPro/libogc/lib/wii\libogc.a(system.o)
                0x8000ef54                SYS_RegisterResetFunc
 .text.SYS_SetArena1Lo
                0x8000efcc       0x38 C:/devkitPro/libogc/lib/wii\libogc.a(system.o)
                0x8000efcc                SYS_SetArena1Lo
 .text.SYS_GetArena1Lo
                0x8000f004       0x38 C:/devkitPro/libogc/lib/wii\libogc.a(system.o)
                0x8000f004                SYS_GetArena1Lo
 .text.SYS_GetArena1Hi
                0x8000f03c       0x38 C:/devkitPro/libogc/lib/wii\libogc.a(system.o)
                0x8000f03c                SYS_GetArena1Hi
 .text.SYS_SetArena2Lo
                0x8000f074       0x38 C:/devkitPro/libogc/lib/wii\libogc.a(system.o)
                0x8000f074                SYS_SetArena2Lo
 .text.SYS_GetArena2Lo
                0x8000f0ac       0x38 C:/devkitPro/libogc/lib/wii\libogc.a(system.o)
                0x8000f0ac                SYS_GetArena2Lo
 .text.SYS_SetArena2Hi
                0x8000f0e4       0x38 C:/devkitPro/libogc/lib/wii\libogc.a(system.o)
                0x8000f0e4                SYS_SetArena2Hi
 .text.SYS_GetArena2Hi
                0x8000f11c       0x38 C:/devkitPro/libogc/lib/wii\libogc.a(system.o)
                0x8000f11c                SYS_GetArena2Hi
 .text.SYS_AllocateFramebuffer
                0x8000f154       0x28 C:/devkitPro/libogc/lib/wii\libogc.a(system.o)
                0x8000f154                SYS_AllocateFramebuffer
 .text.SYS_CreateAlarm
                0x8000f17c      0x104 C:/devkitPro/libogc/lib/wii\libogc.a(system.o)
                0x8000f17c                SYS_CreateAlarm
 .text.SYS_SetAlarm
                0x8000f280      0x1e0 C:/devkitPro/libogc/lib/wii\libogc.a(system.o)
                0x8000f280                SYS_SetAlarm
 .text.SYS_RemoveAlarm
                0x8000f460      0x10c C:/devkitPro/libogc/lib/wii\libogc.a(system.o)
                0x8000f460                SYS_RemoveAlarm
 .text.SYS_CancelAlarm
                0x8000f56c       0xbc C:/devkitPro/libogc/lib/wii\libogc.a(system.o)
                0x8000f56c                SYS_CancelAlarm
 .text.SYS_GetWirelessID
                0x8000f628       0x90 C:/devkitPro/libogc/lib/wii\libogc.a(system.o)
                0x8000f628                SYS_GetWirelessID
 .text.SYS_SetWirelessID
                0x8000f6b8       0x90 C:/devkitPro/libogc/lib/wii\libogc.a(system.o)
                0x8000f6b8                SYS_SetWirelessID
 .text.SYS_SetGBSMode
                0x8000f748       0xa8 C:/devkitPro/libogc/lib/wii\libogc.a(system.o)
                0x8000f748                SYS_SetGBSMode
 .text.__sram_init
                0x8000f7f0      0x1b8 C:/devkitPro/libogc/lib/wii\libogc.a(system.o)
                0x8000f7f0                __sram_init
 .text.SYS_Init
                0x8000f9a8      0x5b4 C:/devkitPro/libogc/lib/wii\libogc.a(system.o)
                0x8000f9a8                SYS_Init
 .text.SYS_GetHollywoodRevision
                0x8000ff5c       0x3c C:/devkitPro/libogc/lib/wii\libogc.a(system.o)
                0x8000ff5c                SYS_GetHollywoodRevision
 .text.SYS_Time
                0x8000ff98       0x78 C:/devkitPro/libogc/lib/wii\libogc.a(system.o)
                0x8000ff98                SYS_Time
 .text.__lwp_cond_init
                0x80010010       0x14 C:/devkitPro/libogc/lib/wii\libogc.a(cond.o)
                0x80010010                __lwp_cond_init
 .text.__decrementer_init
                0x80010024        0x4 C:/devkitPro/libogc/lib/wii\libogc.a(decrementer.o)
                0x80010024                __decrementer_init
 .text.c_decrementer_handler
                0x80010028        0xc C:/devkitPro/libogc/lib/wii\libogc.a(decrementer.o)
                0x80010028                c_decrementer_handler
 .text.__lwp_mqbox_init
                0x80010034       0x14 C:/devkitPro/libogc/lib/wii\libogc.a(message.o)
                0x80010034                __lwp_mqbox_init
 .text.__si_transfer
                0x80010048      0x194 C:/devkitPro/libogc/lib/wii\libogc.a(si.o)
 .text.__si_alarmhandler
                0x800101dc       0xdc C:/devkitPro/libogc/lib/wii\libogc.a(si.o)
 .text.__si_completetransfer
                0x800102b8      0x1fc C:/devkitPro/libogc/lib/wii\libogc.a(si.o)
 .text.__si_transfernext
                0x800104b4       0xe0 C:/devkitPro/libogc/lib/wii\libogc.a(si.o)
 .text.SI_Busy  0x80010594       0x18 C:/devkitPro/libogc/lib/wii\libogc.a(si.o)
                0x80010594                SI_Busy
 .text.SI_IsChanBusy
                0x800105ac       0x38 C:/devkitPro/libogc/lib/wii\libogc.a(si.o)
                0x800105ac                SI_IsChanBusy
 .text.SI_SetXY
                0x800105e4       0x64 C:/devkitPro/libogc/lib/wii\libogc.a(si.o)
                0x800105e4                SI_SetXY
 .text.SI_EnablePolling
                0x80010648       0x78 C:/devkitPro/libogc/lib/wii\libogc.a(si.o)
                0x80010648                SI_EnablePolling
 .text.SI_DisablePolling
                0x800106c0       0x58 C:/devkitPro/libogc/lib/wii\libogc.a(si.o)
                0x800106c0                SI_DisablePolling
 .text.SI_SetSamplingRate
                0x80010718       0xd8 C:/devkitPro/libogc/lib/wii\libogc.a(si.o)
                0x80010718                SI_SetSamplingRate
 .text.SI_RefreshSamplingRate
                0x800107f0        0x8 C:/devkitPro/libogc/lib/wii\libogc.a(si.o)
                0x800107f0                SI_RefreshSamplingRate
 .text.SI_GetStatus
                0x800107f8       0x78 C:/devkitPro/libogc/lib/wii\libogc.a(si.o)
                0x800107f8                SI_GetStatus
 .text.SI_GetResponseRaw
                0x80010870       0xe8 C:/devkitPro/libogc/lib/wii\libogc.a(si.o)
                0x80010870                SI_GetResponseRaw
 .text.SI_GetResponse
                0x80010958       0xb8 C:/devkitPro/libogc/lib/wii\libogc.a(si.o)
                0x80010958                SI_GetResponse
 .text.SI_SetCommand
                0x80010a10       0x10 C:/devkitPro/libogc/lib/wii\libogc.a(si.o)
                0x80010a10                SI_SetCommand
 .text.SI_Transfer
                0x80010a20      0x268 C:/devkitPro/libogc/lib/wii\libogc.a(si.o)
                0x80010a20                SI_Transfer
 .text.__si_gettypecallback
                0x80010c88      0x2c0 C:/devkitPro/libogc/lib/wii\libogc.a(si.o)
 .text.__si_interrupthandler
                0x80010f48      0x268 C:/devkitPro/libogc/lib/wii\libogc.a(si.o)
 .text.SI_GetType
                0x800111b0      0x214 C:/devkitPro/libogc/lib/wii\libogc.a(si.o)
                0x800111b0                SI_GetType
 .text.SI_GetTypeAsync
                0x800113c4      0x138 C:/devkitPro/libogc/lib/wii\libogc.a(si.o)
                0x800113c4                SI_GetTypeAsync
 .text.SI_EnablePollingInterrupt
                0x800114fc       0x8c C:/devkitPro/libogc/lib/wii\libogc.a(si.o)
                0x800114fc                SI_EnablePollingInterrupt
 .text.SI_UnregisterPollingHandler
                0x80011588       0xe0 C:/devkitPro/libogc/lib/wii\libogc.a(si.o)
                0x80011588                SI_UnregisterPollingHandler
 .text.__si_init
                0x80011668       0xe0 C:/devkitPro/libogc/lib/wii\libogc.a(si.o)
                0x80011668                __si_init
 .text.__ipc_sendrequest.part.0
                0x80011748       0xdc C:/devkitPro/libogc/lib/wii\libogc.a(ipc.o)
 .text.__ipc_syncrequest
                0x80011824       0xec C:/devkitPro/libogc/lib/wii\libogc.a(ipc.o)
 .text.__ioctlvfmtCB
                0x80011910      0x158 C:/devkitPro/libogc/lib/wii\libogc.a(ipc.o)
 .text.__ios_ioctlvformat_parse
                0x80011a68      0x820 C:/devkitPro/libogc/lib/wii\libogc.a(ipc.o)
 .text.__ipc_asyncrequest
                0x80012288      0x148 C:/devkitPro/libogc/lib/wii\libogc.a(ipc.o)
 .text.__ipc_interrupthandler
                0x800123d0      0x34c C:/devkitPro/libogc/lib/wii\libogc.a(ipc.o)
 .text.iosCreateHeap
                0x8001271c      0x138 C:/devkitPro/libogc/lib/wii\libogc.a(ipc.o)
                0x8001271c                iosCreateHeap
 .text.__IPC_ClntInit
                0x80012854       0xc8 C:/devkitPro/libogc/lib/wii\libogc.a(ipc.o)
                0x80012854                __IPC_ClntInit
 .text.IOS_Open
                0x8001291c      0x110 C:/devkitPro/libogc/lib/wii\libogc.a(ipc.o)
                0x8001291c                IOS_Open
 .text.IOS_OpenAsync
                0x80012a2c       0xf4 C:/devkitPro/libogc/lib/wii\libogc.a(ipc.o)
                0x80012a2c                IOS_OpenAsync
 .text.IOS_Close
                0x80012b20       0xf0 C:/devkitPro/libogc/lib/wii\libogc.a(ipc.o)
                0x80012b20                IOS_Close
 .text.IOS_CloseAsync
                0x80012c10       0xb4 C:/devkitPro/libogc/lib/wii\libogc.a(ipc.o)
                0x80012c10                IOS_CloseAsync
 .text.IOS_Read
                0x80012cc4      0x10c C:/devkitPro/libogc/lib/wii\libogc.a(ipc.o)
                0x80012cc4                IOS_Read
 .text.IOS_Write
                0x80012dd0      0x10c C:/devkitPro/libogc/lib/wii\libogc.a(ipc.o)
                0x80012dd0                IOS_Write
 .text.IOS_Ioctl
                0x80012edc      0x158 C:/devkitPro/libogc/lib/wii\libogc.a(ipc.o)
                0x80012edc                IOS_Ioctl
 .text.IOS_IoctlAsync
                0x80013034      0x148 C:/devkitPro/libogc/lib/wii\libogc.a(ipc.o)
                0x80013034                IOS_IoctlAsync
 .text.IOS_Ioctlv
                0x8001317c      0x1f0 C:/devkitPro/libogc/lib/wii\libogc.a(ipc.o)
                0x8001317c                IOS_Ioctlv
 .text.IOS_IoctlvAsync
                0x8001336c      0x1d4 C:/devkitPro/libogc/lib/wii\libogc.a(ipc.o)
                0x8001336c                IOS_IoctlvAsync
 .text.IOS_IoctlvFormat
                0x80013540      0x16c C:/devkitPro/libogc/lib/wii\libogc.a(ipc.o)
                0x80013540                IOS_IoctlvFormat
 .text.IOS_IoctlvFormatAsync
                0x800136ac      0x194 C:/devkitPro/libogc/lib/wii\libogc.a(ipc.o)
                0x800136ac                IOS_IoctlvFormatAsync
 .text.IOS_IoctlvReboot
                0x80013840      0x1f4 C:/devkitPro/libogc/lib/wii\libogc.a(ipc.o)
                0x80013840                IOS_IoctlvReboot
 .text.gettick  0x80013a34        0x8 C:/devkitPro/libogc/lib/wii\libogc.a(timesupp.o)
                0x80013a34                gettick
 .text.gettime  0x80013a3c       0x18 C:/devkitPro/libogc/lib/wii\libogc.a(timesupp.o)
                0x80013a3c                gettime
 .text.settime  0x80013a54       0x14 C:/devkitPro/libogc/lib/wii\libogc.a(timesupp.o)
                0x80013a54                settime
 .text.diff_usec
                0x80013a68       0x88 C:/devkitPro/libogc/lib/wii\libogc.a(timesupp.o)
                0x80013a68                diff_usec
 .text.__timesystem_init
                0x80013af0       0x1c C:/devkitPro/libogc/lib/wii\libogc.a(timesupp.o)
                0x80013af0                __timesystem_init
 .text.udelay   0x80013b0c       0xac C:/devkitPro/libogc/lib/wii\libogc.a(timesupp.o)
                0x80013b0c                udelay
 .text.__libogc_nanosleep
                0x80013bb8      0x144 C:/devkitPro/libogc/lib/wii\libogc.a(timesupp.o)
                0x80013bb8                __libogc_nanosleep
 .text.__syscall_lock_init
                0x80013cfc       0x6c C:/devkitPro/libogc/lib/wii\libogc.a(lock_supp.o)
                0x80013cfc                __syscall_lock_init
 .text.__syscall_lock_init_recursive
                0x80013d68       0x6c C:/devkitPro/libogc/lib/wii\libogc.a(lock_supp.o)
                0x80013d68                __syscall_lock_init_recursive
 .text.__syscall_lock_close
                0x80013dd4       0x68 C:/devkitPro/libogc/lib/wii\libogc.a(lock_supp.o)
                0x80013dd4                __syscall_lock_close
 .text.__syscall_lock_acquire
                0x80013e3c       0x18 C:/devkitPro/libogc/lib/wii\libogc.a(lock_supp.o)
                0x80013e3c                __syscall_lock_acquire
 .text.__syscall_lock_release
                0x80013e54       0x18 C:/devkitPro/libogc/lib/wii\libogc.a(lock_supp.o)
                0x80013e54                __syscall_lock_release
 .text.__usbgecko_exi_unlock
                0x80013e6c       0x34 C:/devkitPro/libogc/lib/wii\libogc.a(usbgecko.o)
 .text.usb_isgeckoalive
                0x80013ea0      0x1bc C:/devkitPro/libogc/lib/wii\libogc.a(usbgecko.o)
                0x80013ea0                usb_isgeckoalive
 .text.usb_sendbuffer_ex
                0x8001405c      0x214 C:/devkitPro/libogc/lib/wii\libogc.a(usbgecko.o)
                0x8001405c                usb_sendbuffer_ex
 .text.usb_sendbuffer
                0x80014270        0x8 C:/devkitPro/libogc/lib/wii\libogc.a(usbgecko.o)
                0x80014270                usb_sendbuffer
 .text.usb_sendbuffer_safe_ex
                0x80014278      0x2ac C:/devkitPro/libogc/lib/wii\libogc.a(usbgecko.o)
                0x80014278                usb_sendbuffer_safe_ex
 .text.usb_sendbuffer_safe
                0x80014524        0x8 C:/devkitPro/libogc/lib/wii\libogc.a(usbgecko.o)
                0x80014524                usb_sendbuffer_safe
 .text._sbrk_r  0x8001452c      0x28c C:/devkitPro/libogc/lib/wii\libogc.a(sbrk.o)
                0x8001452c                _sbrk_r
 .text.__memlock_init
                0x800147b8       0x7c C:/devkitPro/libogc/lib/wii\libogc.a(malloc_lock.o)
                0x800147b8                __memlock_init
 .text.__libogc_malloc_lock
                0x80014834      0x1fc C:/devkitPro/libogc/lib/wii\libogc.a(malloc_lock.o)
                0x80014834                __libogc_malloc_lock
 .text.__libogc_malloc_unlock
                0x80014a30       0x64 C:/devkitPro/libogc/lib/wii\libogc.a(malloc_lock.o)
                0x80014a30                __libogc_malloc_unlock
 .text.__STM_SetEventHook
                0x80014a94       0xb0 C:/devkitPro/libogc/lib/wii\libogc.a(stm.o)
                0x80014a94                __STM_SetEventHook
 .text.__STM_Init
                0x80014b44       0x8c C:/devkitPro/libogc/lib/wii\libogc.a(stm.o)
                0x80014b44                __STM_Init
 .text.__STMEventHandler
                0x80014bd0       0x64 C:/devkitPro/libogc/lib/wii\libogc.a(stm.o)
 .text.__STM_ReleaseEventHook
                0x80014c34       0x80 C:/devkitPro/libogc/lib/wii\libogc.a(stm.o)
                0x80014c34                __STM_ReleaseEventHook
 .text.__STM_Close
                0x80014cb4       0xac C:/devkitPro/libogc/lib/wii\libogc.a(stm.o)
                0x80014cb4                __STM_Close
 .text.STM_RegisterEventHandler
                0x80014d60       0x10 C:/devkitPro/libogc/lib/wii\libogc.a(stm.o)
                0x80014d60                STM_RegisterEventHandler
 .text.STM_ShutdownToStandby
                0x80014d70       0x50 C:/devkitPro/libogc/lib/wii\libogc.a(stm.o)
                0x80014d70                STM_ShutdownToStandby
 .text.STM_ShutdownToIdle
                0x80014dc0       0x70 C:/devkitPro/libogc/lib/wii\libogc.a(stm.o)
                0x80014dc0                STM_ShutdownToIdle
 .text.STM_SetLedMode
                0x80014e30       0x40 C:/devkitPro/libogc/lib/wii\libogc.a(stm.o)
                0x80014e30                STM_SetLedMode
 .text.STM_RebootSystem
                0x80014e70       0x50 C:/devkitPro/libogc/lib/wii\libogc.a(stm.o)
                0x80014e70                STM_RebootSystem
 .text.__IOS_InitializeSubsystems
                0x80014ec0       0x44 C:/devkitPro/libogc/lib/wii\libogc.a(ios.o)
                0x80014ec0                __IOS_InitializeSubsystems
 .text.__IOS_ShutdownSubsystems
                0x80014f04       0x44 C:/devkitPro/libogc/lib/wii\libogc.a(ios.o)
                0x80014f04                __IOS_ShutdownSubsystems
 .text.__IOS_LoadStartupIOS
                0x80014f48        0x8 C:/devkitPro/libogc/lib/wii\libogc.a(ios.o)
                0x80014f48                __IOS_LoadStartupIOS
 .text._ES_fstat_r
                0x80014f50      0x120 C:/devkitPro/libogc/lib/wii\libogc.a(es.o)
 .text._ES_seek_r
                0x80015070       0xdc C:/devkitPro/libogc/lib/wii\libogc.a(es.o)
 .text._ES_close_r
                0x8001514c       0xac C:/devkitPro/libogc/lib/wii\libogc.a(es.o)
 .text.__ES_Init
                0x800151f8       0x78 C:/devkitPro/libogc/lib/wii\libogc.a(es.o)
                0x800151f8                __ES_Init
 .text.__ES_Close
                0x80015270       0x54 C:/devkitPro/libogc/lib/wii\libogc.a(es.o)
                0x80015270                __ES_Close
 .text.ES_GetTitleID
                0x800152c4       0x94 C:/devkitPro/libogc/lib/wii\libogc.a(es.o)
                0x800152c4                ES_GetTitleID
 .text.ES_LaunchTitle
                0x80015358       0xa4 C:/devkitPro/libogc/lib/wii\libogc.a(es.o)
                0x80015358                ES_LaunchTitle
 .text.ES_GetNumTicketViews
                0x800153fc       0x98 C:/devkitPro/libogc/lib/wii\libogc.a(es.o)
                0x800153fc                ES_GetNumTicketViews
 .text.ES_GetTicketViews
                0x80015494       0x8c C:/devkitPro/libogc/lib/wii\libogc.a(es.o)
                0x80015494                ES_GetTicketViews
 .text.ES_GetStoredTMD
                0x80015520       0x90 C:/devkitPro/libogc/lib/wii\libogc.a(es.o)
                0x80015520                ES_GetStoredTMD
 .text._ES_decodepath
                0x800155b0      0x440 C:/devkitPro/libogc/lib/wii\libogc.a(es.o)
 .text._ES_stat_r
                0x800159f0       0xec C:/devkitPro/libogc/lib/wii\libogc.a(es.o)
 .text._ES_open_r
                0x80015adc      0x1d0 C:/devkitPro/libogc/lib/wii\libogc.a(es.o)
 .text.ES_ReadContent
                0x80015cac       0x6c C:/devkitPro/libogc/lib/wii\libogc.a(es.o)
                0x80015cac                ES_ReadContent
 .text._ES_read_r
                0x80015d18      0x1a0 C:/devkitPro/libogc/lib/wii\libogc.a(es.o)
 .text.inet_aton
                0x80015eb8      0x238 C:/devkitPro/libogc/lib/wii\libogc.a(network_common.o)
                0x80015eb8                inet_aton
 .text.inet_addr
                0x800160f0       0x44 C:/devkitPro/libogc/lib/wii\libogc.a(network_common.o)
                0x800160f0                inet_addr
 .text.inet_ntoa
                0x80016134       0xfc C:/devkitPro/libogc/lib/wii\libogc.a(network_common.o)
                0x80016134                inet_ntoa
 .text.__CheckARGV
                0x80016230       0x80 C:/devkitPro/libogc/lib/wii\libogc.a(argv.o)
                0x80016230                __CheckARGV
 .text.NetCreateHeap
                0x800162b0       0xf8 C:/devkitPro/libogc/lib/wii\libogc.a(network_wii.o)
 .text.net_init_callback
                0x800163a8        0xc C:/devkitPro/libogc/lib/wii\libogc.a(network_wii.o)
 .text.net_init_chain
                0x800163b4      0x67c C:/devkitPro/libogc/lib/wii\libogc.a(network_wii.o)
 .text.net_init_alarm
                0x80016a30        0x8 C:/devkitPro/libogc/lib/wii\libogc.a(network_wii.o)
 .text.net_init_async
                0x80016a38      0x12c C:/devkitPro/libogc/lib/wii\libogc.a(network_wii.o)
                0x80016a38                net_init_async
 .text.net_wc24cleanup
                0x80016b64       0x64 C:/devkitPro/libogc/lib/wii\libogc.a(network_wii.o)
                0x80016b64                net_wc24cleanup
 .text.net_connect
                0x80016bc8      0x124 C:/devkitPro/libogc/lib/wii\libogc.a(network_wii.o)
                0x80016bc8                net_connect
 .text.net_close
                0x80016cec       0xa0 C:/devkitPro/libogc/lib/wii\libogc.a(network_wii.o)
                0x80016cec                net_close
 .text.net_setsockopt
                0x80016d8c      0x14c C:/devkitPro/libogc/lib/wii\libogc.a(network_wii.o)
                0x80016d8c                net_setsockopt
 .text.net_socket
                0x80016ed8      0x100 C:/devkitPro/libogc/lib/wii\libogc.a(network_wii.o)
                0x80016ed8                net_socket
 .text.if_configex
                0x80016fd8      0x360 C:/devkitPro/libogc/lib/wii\libogc.a(network_wii.o)
                0x80016fd8                if_configex
 .text.if_config
                0x80017338      0x138 C:/devkitPro/libogc/lib/wii\libogc.a(network_wii.o)
                0x80017338                if_config
 .text.CONF_Init
                0x80017470      0x180 C:/devkitPro/libogc/lib/wii\libogc.a(conf.o)
                0x80017470                CONF_Init
 .text.__CONF_GetTxt
                0x800175f0      0x208 C:/devkitPro/libogc/lib/wii\libogc.a(conf.o)
                0x800175f0                __CONF_GetTxt
 .text.__CONF_Find
                0x800177f8       0xfc C:/devkitPro/libogc/lib/wii\libogc.a(conf.o)
                0x800177f8                __CONF_Find
 .text.CONF_GetLength
                0x800178f4      0x12c C:/devkitPro/libogc/lib/wii\libogc.a(conf.o)
                0x800178f4                CONF_GetLength
 .text.CONF_Get
                0x80017a20      0x140 C:/devkitPro/libogc/lib/wii\libogc.a(conf.o)
                0x80017a20                CONF_Get
 .text.CONF_GetShutdownMode
                0x80017b60       0x54 C:/devkitPro/libogc/lib/wii\libogc.a(conf.o)
                0x80017b60                CONF_GetShutdownMode
 .text.CONF_GetIdleLedMode
                0x80017bb4       0x54 C:/devkitPro/libogc/lib/wii\libogc.a(conf.o)
                0x80017bb4                CONF_GetIdleLedMode
 .text.CONF_GetProgressiveScan
                0x80017c08       0x54 C:/devkitPro/libogc/lib/wii\libogc.a(conf.o)
                0x80017c08                CONF_GetProgressiveScan
 .text.CONF_GetEuRGB60
                0x80017c5c       0x54 C:/devkitPro/libogc/lib/wii\libogc.a(conf.o)
                0x80017c5c                CONF_GetEuRGB60
 .text.CONF_GetCounterBias
                0x80017cb0       0x4c C:/devkitPro/libogc/lib/wii\libogc.a(conf.o)
                0x80017cb0                CONF_GetCounterBias
 .text.CONF_GetDisplayOffsetH
                0x80017cfc       0x4c C:/devkitPro/libogc/lib/wii\libogc.a(conf.o)
                0x80017cfc                CONF_GetDisplayOffsetH
 .text.CONF_GetVideo
                0x80017d48       0x88 C:/devkitPro/libogc/lib/wii\libogc.a(conf.o)
                0x80017d48                CONF_GetVideo
 .text.__WII_WriteNANDBootInfo.isra.0
                0x80017dd0       0xbc C:/devkitPro/libogc/lib/wii\libogc.a(wiilaunch.o)
 .text.__WII_WriteStateFlags.isra.0
                0x80017e8c       0x94 C:/devkitPro/libogc/lib/wii\libogc.a(wiilaunch.o)
 .text.WII_Initialize
                0x80017f20      0x188 C:/devkitPro/libogc/lib/wii\libogc.a(wiilaunch.o)
                0x80017f20                WII_Initialize
 .text.WII_LaunchTitle
                0x800180a8      0x1ac C:/devkitPro/libogc/lib/wii\libogc.a(wiilaunch.o)
                0x800180a8                WII_LaunchTitle
 .text.WII_ReturnToMenu
                0x80018254       0x58 C:/devkitPro/libogc/lib/wii\libogc.a(wiilaunch.o)
                0x80018254                WII_ReturnToMenu
 .text.__lwp_priority_init
                0x800182ac       0x1c C:/devkitPro/libogc/lib/wii\libogc.a(lwp_priority.o)
                0x800182ac                __lwp_priority_init
 .text.__lwp_threadqueue_enqueuefifo
                0x800182c8      0x12c C:/devkitPro/libogc/lib/wii\libogc.a(lwp_threadq.o)
                0x800182c8                __lwp_threadqueue_enqueuefifo
 .text.__lwp_threadqueue_dequeuefifo
                0x800183f4      0x140 C:/devkitPro/libogc/lib/wii\libogc.a(lwp_threadq.o)
                0x800183f4                __lwp_threadqueue_dequeuefifo
 .text.__lwp_threadqueue_enqueuepriority
                0x80018534      0x338 C:/devkitPro/libogc/lib/wii\libogc.a(lwp_threadq.o)
                0x80018534                __lwp_threadqueue_enqueuepriority
 .text.__lwp_threadqueue_dequeuepriority
                0x8001886c      0x1d8 C:/devkitPro/libogc/lib/wii\libogc.a(lwp_threadq.o)
                0x8001886c                __lwp_threadqueue_dequeuepriority
 .text.__lwp_threadqueue_init
                0x80018a44       0x64 C:/devkitPro/libogc/lib/wii\libogc.a(lwp_threadq.o)
                0x80018a44                __lwp_threadqueue_init
 .text.__lwp_threadqueue_enqueue
                0x80018aa8      0x138 C:/devkitPro/libogc/lib/wii\libogc.a(lwp_threadq.o)
                0x80018aa8                __lwp_threadqueue_enqueue
 .text.__lwp_threadqueue_dequeue
                0x80018be0       0x24 C:/devkitPro/libogc/lib/wii\libogc.a(lwp_threadq.o)
                0x80018be0                __lwp_threadqueue_dequeue
 .text.__lwp_threadqueue_flush
                0x80018c04       0x68 C:/devkitPro/libogc/lib/wii\libogc.a(lwp_threadq.o)
                0x80018c04                __lwp_threadqueue_flush
 .text.__lwp_threadqueue_extractfifo
                0x80018c6c       0xe8 C:/devkitPro/libogc/lib/wii\libogc.a(lwp_threadq.o)
                0x80018c6c                __lwp_threadqueue_extractfifo
 .text.__lwp_threadqueue_extractpriority
                0x80018d54      0x148 C:/devkitPro/libogc/lib/wii\libogc.a(lwp_threadq.o)
                0x80018d54                __lwp_threadqueue_extractpriority
 .text.__lwp_threadqueue_timeout
                0x80018e9c       0xd0 C:/devkitPro/libogc/lib/wii\libogc.a(lwp_threadq.o)
 .text.__lwp_threadqueue_extractproxy
                0x80018f6c       0x64 C:/devkitPro/libogc/lib/wii\libogc.a(lwp_threadq.o)
                0x80018f6c                __lwp_threadqueue_extractproxy
 .text.__lwp_mutex_initialize
                0x80018fd0       0xa4 C:/devkitPro/libogc/lib/wii\libogc.a(lwp_mutex.o)
                0x80018fd0                __lwp_mutex_initialize
 .text.__lwp_mutex_surrender
                0x80019074      0x14c C:/devkitPro/libogc/lib/wii\libogc.a(lwp_mutex.o)
                0x80019074                __lwp_mutex_surrender
 .text.__lwp_mutex_seize_irq_blocking
                0x800191c0       0xf8 C:/devkitPro/libogc/lib/wii\libogc.a(lwp_mutex.o)
                0x800191c0                __lwp_mutex_seize_irq_blocking
 .text.__lwp_mutex_flush
                0x800192b8        0x4 C:/devkitPro/libogc/lib/wii\libogc.a(lwp_mutex.o)
                0x800192b8                __lwp_mutex_flush
 .text.__systemcall_init
                0x800192bc       0x6c C:/devkitPro/libogc/lib/wii\libogc.a(exception.o)
                0x800192bc                __systemcall_init
 .text.__exception_init
                0x80019328      0x120 C:/devkitPro/libogc/lib/wii\libogc.a(exception.o)
                0x80019328                __exception_init
 .text.__exception_close
                0x80019448       0xac C:/devkitPro/libogc/lib/wii\libogc.a(exception.o)
                0x80019448                __exception_close
 .text.__exception_closeall
                0x800194f4       0x80 C:/devkitPro/libogc/lib/wii\libogc.a(exception.o)
                0x800194f4                __exception_closeall
 .text.c_default_exceptionhandler
                0x80019574      0x474 C:/devkitPro/libogc/lib/wii\libogc.a(exception.o)
                0x80019574                c_default_exceptionhandler
 .text.__lwp_sema_init
                0x800199e8       0x14 C:/devkitPro/libogc/lib/wii\libogc.a(semaphore.o)
                0x800199e8                __lwp_sema_init
 .text.__exi_irq_handler
                0x800199fc       0x58 C:/devkitPro/libogc/lib/wii\libogc.a(exi.o)
 .text.__ext_irq_handler
                0x80019a54       0xc8 C:/devkitPro/libogc/lib/wii\libogc.a(exi.o)
 .text.__tc_irq_handler
                0x80019b1c      0x178 C:/devkitPro/libogc/lib/wii\libogc.a(exi.o)
 .text.__exi_probe
                0x80019c94      0x214 C:/devkitPro/libogc/lib/wii\libogc.a(exi.o)
 .text.__exi_attach
                0x80019ea8      0x104 C:/devkitPro/libogc/lib/wii\libogc.a(exi.o)
 .text.EXI_Lock
                0x80019fac      0x218 C:/devkitPro/libogc/lib/wii\libogc.a(exi.o)
                0x80019fac                EXI_Lock
 .text.EXI_Unlock
                0x8001a1c4      0x224 C:/devkitPro/libogc/lib/wii\libogc.a(exi.o)
                0x8001a1c4                EXI_Unlock
 .text.EXI_Select
                0x8001a3e8      0x21c C:/devkitPro/libogc/lib/wii\libogc.a(exi.o)
                0x8001a3e8                EXI_Select
 .text.EXI_Deselect
                0x8001a604      0x174 C:/devkitPro/libogc/lib/wii\libogc.a(exi.o)
                0x8001a604                EXI_Deselect
 .text.EXI_Sync
                0x8001a778      0x108 C:/devkitPro/libogc/lib/wii\libogc.a(exi.o)
                0x8001a778                EXI_Sync
 .text.EXI_Imm  0x8001a880      0x1f8 C:/devkitPro/libogc/lib/wii\libogc.a(exi.o)
                0x8001a880                EXI_Imm
 .text.EXI_ImmEx
                0x8001aa78       0xd0 C:/devkitPro/libogc/lib/wii\libogc.a(exi.o)
                0x8001aa78                EXI_ImmEx
 .text.EXI_Dma  0x8001ab48      0x16c C:/devkitPro/libogc/lib/wii\libogc.a(exi.o)
                0x8001ab48                EXI_Dma
 .text.EXI_Detach
                0x8001acb4       0xac C:/devkitPro/libogc/lib/wii\libogc.a(exi.o)
                0x8001acb4                EXI_Detach
 .text.EXI_GetID
                0x8001ad60      0x354 C:/devkitPro/libogc/lib/wii\libogc.a(exi.o)
                0x8001ad60                EXI_GetID
 .text.__unlocked_handler
                0x8001b0b4       0x28 C:/devkitPro/libogc/lib/wii\libogc.a(exi.o)
 .text.EXI_ProbeReset
                0x8001b0dc       0x70 C:/devkitPro/libogc/lib/wii\libogc.a(exi.o)
                0x8001b0dc                EXI_ProbeReset
 .text.__exi_init
                0x8001b14c      0x178 C:/devkitPro/libogc/lib/wii\libogc.a(exi.o)
                0x8001b14c                __exi_init
 .text.__lwp_mutex_locksupp.constprop.0
                0x8001b2c4      0x2a8 C:/devkitPro/libogc/lib/wii\libogc.a(mutex.o)
 .text.__lwp_mutex_init
                0x8001b56c       0x14 C:/devkitPro/libogc/lib/wii\libogc.a(mutex.o)
                0x8001b56c                __lwp_mutex_init
 .text.LWP_MutexInit
                0x8001b580       0xf8 C:/devkitPro/libogc/lib/wii\libogc.a(mutex.o)
                0x8001b580                LWP_MutexInit
 .text.LWP_MutexDestroy
                0x8001b678      0x104 C:/devkitPro/libogc/lib/wii\libogc.a(mutex.o)
                0x8001b678                LWP_MutexDestroy
 .text.LWP_MutexLock
                0x8001b77c        0x8 C:/devkitPro/libogc/lib/wii\libogc.a(mutex.o)
                0x8001b77c                LWP_MutexLock
 .text.LWP_MutexUnlock
                0x8001b784       0x9c C:/devkitPro/libogc/lib/wii\libogc.a(mutex.o)
                0x8001b784                LWP_MutexUnlock
 .text.__GX_InitRevBits
                0x8001b820       0x98 C:/devkitPro/libogc/lib/wii\libogc.a(gx.o)
 .text.GX_AbortFrame
                0x8001b8b8      0x374 C:/devkitPro/libogc/lib/wii\libogc.a(gx.o)
                0x8001b8b8                GX_AbortFrame
 .text.number   0x8001bc2c      0x410 C:/devkitPro/libogc/lib/wii\libogc.a(kprintf.o)
 .text.kvsprintf
                0x8001c03c      0x900 C:/devkitPro/libogc/lib/wii\libogc.a(kprintf.o)
                0x8001c03c                kvsprintf
 .text.kprintf  0x8001c93c       0xac C:/devkitPro/libogc/lib/wii\libogc.a(kprintf.o)
                0x8001c93c                kprintf
 .text.atanf    0x8001c9e8      0x290 C:/devkitPro/devkitPPC/bin/../lib/gcc/powerpc-eabi/14.2.0/../../../../powerpc-eabi/lib\libm.a(libm_a-sf_atan.o)
                0x8001c9e8                atanf
 .text.atan2    0x8001cc78        0x4 C:/devkitPro/devkitPPC/bin/../lib/gcc/powerpc-eabi/14.2.0/../../../../powerpc-eabi/lib\libm.a(libm_a-w_atan2.o)
                0x8001cc78                atan2
 .text.fabsf    0x8001cc7c       0x20 C:/devkitPro/devkitPPC/bin/../lib/gcc/powerpc-eabi/14.2.0/../../../../powerpc-eabi/lib\libm.a(libm_a-sf_fabs.o)
                0x8001cc7c                fabsf
 .text.cosf     0x8001cc9c       0xd4 C:/devkitPro/devkitPPC/bin/../lib/gcc/powerpc-eabi/14.2.0/../../../../powerpc-eabi/lib\libm.a(libm_a-sf_cos.o)
                0x8001cc9c                cosf
 .text.sqrtf    0x8001cd70       0x74 C:/devkitPro/devkitPPC/bin/../lib/gcc/powerpc-eabi/14.2.0/../../../../powerpc-eabi/lib\libm.a(libm_a-wf_sqrt.o)
                0x8001cd70                sqrtf
 .text.hypotf   0x8001cde4       0x8c C:/devkitPro/devkitPPC/bin/../lib/gcc/powerpc-eabi/14.2.0/../../../../powerpc-eabi/lib\libm.a(libm_a-wf_hypot.o)
                0x8001cde4                hypotf
 .text.atan2f   0x8001ce70        0x4 C:/devkitPro/devkitPPC/bin/../lib/gcc/powerpc-eabi/14.2.0/../../../../powerpc-eabi/lib\libm.a(libm_a-wf_atan2.o)
                0x8001ce70                atan2f
 .text.__ieee754_hypotf
                0x8001ce74      0x214 C:/devkitPro/devkitPPC/bin/../lib/gcc/powerpc-eabi/14.2.0/../../../../powerpc-eabi/lib\libm.a(libm_a-ef_hypot.o)
                0x8001ce74                __ieee754_hypotf
 .text.__kernel_cosf
                0x8001d088      0x188 C:/devkitPro/devkitPPC/bin/../lib/gcc/powerpc-eabi/14.2.0/../../../../powerpc-eabi/lib\libm.a(libm_a-kf_cos.o)
                0x8001d088                __kernel_cosf
 .text.sincos   0x8001d210       0x58 C:/devkitPro/devkitPPC/bin/../lib/gcc/powerpc-eabi/14.2.0/../../../../powerpc-eabi/lib\libm.a(libm_a-w_sincos.o)
                0x8001d210                sincos
 .text.__ieee754_atan2
                0x8001d268      0x2b4 C:/devkitPro/devkitPPC/bin/../lib/gcc/powerpc-eabi/14.2.0/../../../../powerpc-eabi/lib\libm.a(libm_a-e_atan2.o)
                0x8001d268                __ieee754_atan2
 .text.finitef  0x8001d51c       0x28 C:/devkitPro/devkitPPC/bin/../lib/gcc/powerpc-eabi/14.2.0/../../../../powerpc-eabi/lib\libm.a(libm_a-sf_finite.o)
                0x8001d51c                finitef
 .text.sincosf  0x8001d544       0x58 C:/devkitPro/devkitPPC/bin/../lib/gcc/powerpc-eabi/14.2.0/../../../../powerpc-eabi/lib\libm.a(libm_a-wf_sincos.o)
                0x8001d544                sincosf
 .text.atan     0x8001d59c      0x2ac C:/devkitPro/devkitPPC/bin/../lib/gcc/powerpc-eabi/14.2.0/../../../../powerpc-eabi/lib\libm.a(libm_a-s_atan.o)
                0x8001d59c                atan
 .text.__ieee754_sqrtf
                0x8001d848      0x158 C:/devkitPro/devkitPPC/bin/../lib/gcc/powerpc-eabi/14.2.0/../../../../powerpc-eabi/lib\libm.a(libm_a-ef_sqrt.o)
                0x8001d848                __ieee754_sqrtf
 .text.__ieee754_atan2f
                0x8001d9a0      0x270 C:/devkitPro/devkitPPC/bin/../lib/gcc/powerpc-eabi/14.2.0/../../../../powerpc-eabi/lib\libm.a(libm_a-ef_atan2.o)
                0x8001d9a0                __ieee754_atan2f
 .text.__kernel_sinf
                0x8001dc10       0xcc C:/devkitPro/devkitPPC/bin/../lib/gcc/powerpc-eabi/14.2.0/../../../../powerpc-eabi/lib\libm.a(libm_a-kf_sin.o)
                0x8001dc10                __kernel_sinf
 .text.sin      0x8001dcdc       0xd4 C:/devkitPro/devkitPPC/bin/../lib/gcc/powerpc-eabi/14.2.0/../../../../powerpc-eabi/lib\libm.a(libm_a-s_sin.o)
                0x8001dcdc                sin
 .text.fabs     0x8001ddb0       0x28 C:/devkitPro/devkitPPC/bin/../lib/gcc/powerpc-eabi/14.2.0/../../../../powerpc-eabi/lib\libm.a(libm_a-s_fabs.o)
                0x8001ddb0                fabs
 .text.__ieee754_rem_pio2f
                0x8001ddd8      0x434 C:/devkitPro/devkitPPC/bin/../lib/gcc/powerpc-eabi/14.2.0/../../../../powerpc-eabi/lib\libm.a(libm_a-ef_rem_pio2.o)
                0x8001ddd8                __ieee754_rem_pio2f
 .text.__kernel_rem_pio2f
                0x8001e20c      0xf54 C:/devkitPro/devkitPPC/bin/../lib/gcc/powerpc-eabi/14.2.0/../../../../powerpc-eabi/lib\libm.a(libm_a-kf_rem_pio2.o)
                0x8001e20c                __kernel_rem_pio2f
 .text.__ieee754_rem_pio2
                0x8001f160      0x408 C:/devkitPro/devkitPPC/bin/../lib/gcc/powerpc-eabi/14.2.0/../../../../powerpc-eabi/lib\libm.a(libm_a-e_rem_pio2.o)
                0x8001f160                __ieee754_rem_pio2
 .text.floorf   0x8001f568      0x110 C:/devkitPro/devkitPPC/bin/../lib/gcc/powerpc-eabi/14.2.0/../../../../powerpc-eabi/lib\libm.a(libm_a-sf_floor.o)
                0x8001f568                floorf
 .text.__kernel_rem_pio2
                0x8001f678      0xf28 C:/devkitPro/devkitPPC/bin/../lib/gcc/powerpc-eabi/14.2.0/../../../../powerpc-eabi/lib\libm.a(libm_a-k_rem_pio2.o)
                0x8001f678                __kernel_rem_pio2
 .text.scalbn   0x800205a0      0x198 C:/devkitPro/devkitPPC/bin/../lib/gcc/powerpc-eabi/14.2.0/../../../../powerpc-eabi/lib\libm.a(libm_a-s_scalbn.o)
                0x800205a0                scalbn
 .text.scalbnf  0x80020738      0x174 C:/devkitPro/devkitPPC/bin/../lib/gcc/powerpc-eabi/14.2.0/../../../../powerpc-eabi/lib\libm.a(libm_a-sf_scalbn.o)
                0x80020738                scalbnf
 .text.__kernel_sin
                0x800208ac       0xcc C:/devkitPro/devkitPPC/bin/../lib/gcc/powerpc-eabi/14.2.0/../../../../powerpc-eabi/lib\libm.a(libm_a-k_sin.o)
                0x800208ac                __kernel_sin
 .text.cos      0x80020978       0xd0 C:/devkitPro/devkitPPC/bin/../lib/gcc/powerpc-eabi/14.2.0/../../../../powerpc-eabi/lib\libm.a(libm_a-s_cos.o)
                0x80020978                cos
 .text.sinf     0x80020a48       0xd8 C:/devkitPro/devkitPPC/bin/../lib/gcc/powerpc-eabi/14.2.0/../../../../powerpc-eabi/lib\libm.a(libm_a-sf_sin.o)
                0x80020a48                sinf
 .text.floor    0x80020b20      0x1a0 C:/devkitPro/devkitPPC/bin/../lib/gcc/powerpc-eabi/14.2.0/../../../../powerpc-eabi/lib\libm.a(libm_a-s_floor.o)
                0x80020b20                floor
 .text.__kernel_cos
                0x80020cc0      0x188 C:/devkitPro/devkitPPC/bin/../lib/gcc/powerpc-eabi/14.2.0/../../../../powerpc-eabi/lib\libm.a(libm_a-k_cos.o)
                0x80020cc0                __kernel_cos
 .text.__udivdi3
                0x80020e48      0x3b8 C:/devkitPro/devkitPPC/bin/../lib/gcc/powerpc-eabi/14.2.0\libgcc.a(_udivdi3.o)
                0x80020e48                __udivdi3
 .text.__umoddi3
                0x80021200      0x390 C:/devkitPro/devkitPPC/bin/../lib/gcc/powerpc-eabi/14.2.0\libgcc.a(_umoddi3.o)
                0x80021200                __umoddi3
 .text.unlikely.abort
                0x80021590       0x2c C:/devkitPro/devkitPPC/bin/../lib/gcc/powerpc-eabi/14.2.0/../../../../powerpc-eabi/lib\libsysbase.a(libsysbase_libsysbase_a-abort.o)
                0x80021590                abort
 .text.build_argv
                0x800215bc      0x10c C:/devkitPro/devkitPPC/bin/../lib/gcc/powerpc-eabi/14.2.0/../../../../powerpc-eabi/lib\libsysbase.a(libsysbase_libsysbase_a-build_argv.o)
                0x800215bc                build_argv
 .text.__getreent
                0x800216c8       0x20 C:/devkitPro/devkitPPC/bin/../lib/gcc/powerpc-eabi/14.2.0/../../../../powerpc-eabi/lib\libsysbase.a(libsysbase_libsysbase_a-getreent.o)
                0x800216c8                __getreent
 .text.null_write
                0x800216e8        0x8 C:/devkitPro/devkitPPC/bin/../lib/gcc/powerpc-eabi/14.2.0/../../../../powerpc-eabi/lib\libsysbase.a(libsysbase_libsysbase_a-iosupport.o)
 .text.FindDevice
                0x800216f0      0x14c C:/devkitPro/devkitPPC/bin/../lib/gcc/powerpc-eabi/14.2.0/../../../../powerpc-eabi/lib\libsysbase.a(libsysbase_libsysbase_a-iosupport.o)
                0x800216f0                FindDevice
 .text.RemoveDevice
                0x8002183c       0x44 C:/devkitPro/devkitPPC/bin/../lib/gcc/powerpc-eabi/14.2.0/../../../../powerpc-eabi/lib\libsysbase.a(libsysbase_libsysbase_a-iosupport.o)
                0x8002183c                RemoveDevice
 .text.AddDevice
                0x80021880      0x118 C:/devkitPro/devkitPPC/bin/../lib/gcc/powerpc-eabi/14.2.0/../../../../powerpc-eabi/lib\libsysbase.a(libsysbase_libsysbase_a-iosupport.o)
                0x80021880                AddDevice
 .text.usleep   0x80021998       0x9c C:/devkitPro/devkitPPC/bin/../lib/gcc/powerpc-eabi/14.2.0/../../../../powerpc-eabi/lib\libsysbase.a(libsysbase_libsysbase_a-usleep.o)
                0x80021998                usleep
 .text._exit    0x80021a34       0x28 C:/devkitPro/devkitPPC/bin/../lib/gcc/powerpc-eabi/14.2.0/../../../../powerpc-eabi/lib\libsysbase.a(libsysbase_libsysbase_a-_exit.o)
                0x80021a34                _exit
 .text.nanosleep
                0x80021a5c       0x64 C:/devkitPro/devkitPPC/bin/../lib/gcc/powerpc-eabi/14.2.0/../../../../powerpc-eabi/lib\libsysbase.a(libsysbase_libsysbase_a-nanosleep.o)
                0x80021a5c                nanosleep
 .text.strcmp   0x80021ac0       0x9c C:/devkitPro/devkitPPC/bin/../lib/gcc/powerpc-eabi/14.2.0/../../../../powerpc-eabi/lib\libc.a(libc_a-strcmp.o)
                0x80021ac0                strcmp
 .text.memset   0x80021b5c      0x190 C:/devkitPro/devkitPPC/bin/../lib/gcc/powerpc-eabi/14.2.0/../../../../powerpc-eabi/lib\libc.a(libc_a-memset.o)
                0x80021b5c                memset
 .text.strchr   0x80021cec      0x154 C:/devkitPro/devkitPPC/bin/../lib/gcc/powerpc-eabi/14.2.0/../../../../powerpc-eabi/lib\libc.a(libc_a-strchr.o)
                0x80021cec                strchr
 .text.memcpy   0x80021e40      0x14c C:/devkitPro/devkitPPC/bin/../lib/gcc/powerpc-eabi/14.2.0/../../../../powerpc-eabi/lib\libc.a(libc_a-memcpy.o)
                0x80021e40                memcpy
 .text._strtoul_l.isra.0
                0x80021f8c      0x210 C:/devkitPro/devkitPPC/bin/../lib/gcc/powerpc-eabi/14.2.0/../../../../powerpc-eabi/lib\libc.a(libc_a-strtoul.o)
 .text._strtoul_r
                0x8002219c       0x60 C:/devkitPro/devkitPPC/bin/../lib/gcc/powerpc-eabi/14.2.0/../../../../powerpc-eabi/lib\libc.a(libc_a-strtoul.o)
                0x8002219c                _strtoul_r
 .text.setvbuf  0x800221fc      0x2ec C:/devkitPro/devkitPPC/bin/../lib/gcc/powerpc-eabi/14.2.0/../../../../powerpc-eabi/lib\libc.a(libc_a-setvbuf.o)
                0x800221fc                setvbuf
 .text.strncmp  0x800224e8       0xc8 C:/devkitPro/devkitPPC/bin/../lib/gcc/powerpc-eabi/14.2.0/../../../../powerpc-eabi/lib\libc.a(libc_a-strncmp.o)
                0x800224e8                strncmp
 .text.memmove  0x800225b0      0x1bc C:/devkitPro/devkitPPC/bin/../lib/gcc/powerpc-eabi/14.2.0/../../../../powerpc-eabi/lib\libc.a(libc_a-memmove.o)
                0x800225b0                memmove
 .text.calloc   0x8002276c       0x40 C:/devkitPro/devkitPPC/bin/../lib/gcc/powerpc-eabi/14.2.0/../../../../powerpc-eabi/lib\libc.a(libc_a-calloc.o)
                0x8002276c                calloc
 .text.__errno  0x800227ac       0x20 C:/devkitPro/devkitPPC/bin/../lib/gcc/powerpc-eabi/14.2.0/../../../../powerpc-eabi/lib\libc.a(libc_a-errno.o)
                0x800227ac                __errno
 .text._strtoull_l.isra.0
                0x800227cc      0x2fc C:/devkitPro/devkitPPC/bin/../lib/gcc/powerpc-eabi/14.2.0/../../../../powerpc-eabi/lib\libc.a(libc_a-strtoull.o)
 .text._strtoull_r
                0x80022ac8       0x60 C:/devkitPro/devkitPPC/bin/../lib/gcc/powerpc-eabi/14.2.0/../../../../powerpc-eabi/lib\libc.a(libc_a-strtoull.o)
                0x80022ac8                _strtoull_r
 .text._calloc_r
                0x80022b28      0x100 C:/devkitPro/devkitPPC/bin/../lib/gcc/powerpc-eabi/14.2.0/../../../../powerpc-eabi/lib\libc.a(libc_a-callocr.o)
                0x80022b28                _calloc_r
 .text.strlen   0x80022c28       0x80 C:/devkitPro/devkitPPC/bin/../lib/gcc/powerpc-eabi/14.2.0/../../../../powerpc-eabi/lib\libc.a(libc_a-strlen.o)
                0x80022c28                strlen
 .text._memalign_r
                0x80022ca8      0x1dc C:/devkitPro/devkitPPC/bin/../lib/gcc/powerpc-eabi/14.2.0/../../../../powerpc-eabi/lib\libc.a(libc_a-malignr.o)
                0x80022ca8                _memalign_r
 .text._malloc_r
                0x80022e84      0x878 C:/devkitPro/devkitPPC/bin/../lib/gcc/powerpc-eabi/14.2.0/../../../../powerpc-eabi/lib\libc.a(libc_a-mallocr.o)
                0x80022e84                _malloc_r
 .text._malloc_trim_r
                0x800236fc      0x138 C:/devkitPro/devkitPPC/bin/../lib/gcc/powerpc-eabi/14.2.0/../../../../powerpc-eabi/lib\libc.a(libc_a-freer.o)
                0x800236fc                _malloc_trim_r
 .text._free_r  0x80023834      0x32c C:/devkitPro/devkitPPC/bin/../lib/gcc/powerpc-eabi/14.2.0/../../../../powerpc-eabi/lib\libc.a(libc_a-freer.o)
                0x80023834                _free_r
 .text.memcmp   0x80023b60      0x13c C:/devkitPro/devkitPPC/bin/../lib/gcc/powerpc-eabi/14.2.0/../../../../powerpc-eabi/lib\libc.a(libc_a-memcmp.o)
                0x80023b60                memcmp
 .text.strcpy   0x80023c9c       0x8c C:/devkitPro/devkitPPC/bin/../lib/gcc/powerpc-eabi/14.2.0/../../../../powerpc-eabi/lib\libc.a(libc_a-strcpy.o)
                0x80023c9c                strcpy
 .text.malloc   0x80023d28       0x58 C:/devkitPro/devkitPPC/bin/../lib/gcc/powerpc-eabi/14.2.0/../../../../powerpc-eabi/lib\libc.a(libc_a-malloc.o)
                0x80023d28                malloc
 .text.free     0x80023d80       0x30 C:/devkitPro/devkitPPC/bin/../lib/gcc/powerpc-eabi/14.2.0/../../../../powerpc-eabi/lib\libc.a(libc_a-malloc.o)
                0x80023d80                free
 .text._reclaim_reent
                0x80023db0      0x10c C:/devkitPro/devkitPPC/bin/../lib/gcc/powerpc-eabi/14.2.0/../../../../powerpc-eabi/lib\libc.a(libc_a-reent.o)
                0x80023db0                _reclaim_reent
 .text._realloc_r
                0x80023ebc      0x5ac C:/devkitPro/devkitPPC/bin/../lib/gcc/powerpc-eabi/14.2.0/../../../../powerpc-eabi/lib\libc.a(libc_a-reallocr.o)
                0x80023ebc                _realloc_r
 .text.stdio_exit_handler
                0x80024468       0x1c C:/devkitPro/devkitPPC/bin/../lib/gcc/powerpc-eabi/14.2.0/../../../../powerpc-eabi/lib\libc.a(libc_a-findfp.o)
 .text.cleanup_stdio
                0x80024484       0x88 C:/devkitPro/devkitPPC/bin/../lib/gcc/powerpc-eabi/14.2.0/../../../../powerpc-eabi/lib\libc.a(libc_a-findfp.o)
 .text.global_stdio_init.part.0
                0x8002450c      0x184 C:/devkitPro/devkitPPC/bin/../lib/gcc/powerpc-eabi/14.2.0/../../../../powerpc-eabi/lib\libc.a(libc_a-findfp.o)
 .text.__sinit  0x80024690       0xa4 C:/devkitPro/devkitPPC/bin/../lib/gcc/powerpc-eabi/14.2.0/../../../../powerpc-eabi/lib\libc.a(libc_a-findfp.o)
                0x80024690                __sinit
 .text.__sfp_lock_acquire
                0x80024734       0x40 C:/devkitPro/devkitPPC/bin/../lib/gcc/powerpc-eabi/14.2.0/../../../../powerpc-eabi/lib\libc.a(libc_a-findfp.o)
                0x80024734                __sfp_lock_acquire
 .text.__sfp_lock_release
                0x80024774        0xc C:/devkitPro/devkitPPC/bin/../lib/gcc/powerpc-eabi/14.2.0/../../../../powerpc-eabi/lib\libc.a(libc_a-findfp.o)
                0x80024774                __sfp_lock_release
 .text._puts_r  0x80024780      0x168 C:/devkitPro/devkitPPC/bin/../lib/gcc/powerpc-eabi/14.2.0/../../../../powerpc-eabi/lib\libc.a(libc_a-puts.o)
                0x80024780                _puts_r
 .text.puts     0x800248e8       0x30 C:/devkitPro/devkitPPC/bin/../lib/gcc/powerpc-eabi/14.2.0/../../../../powerpc-eabi/lib\libc.a(libc_a-puts.o)
                0x800248e8                puts
 .text.__sfvwrite_r
                0x80024918      0x56c C:/devkitPro/devkitPPC/bin/../lib/gcc/powerpc-eabi/14.2.0/../../../../powerpc-eabi/lib\libc.a(libc_a-fvwrite.o)
                0x80024918                __sfvwrite_r
 .text.exit     0x80024e84       0x3c C:/devkitPro/devkitPPC/bin/../lib/gcc/powerpc-eabi/14.2.0/../../../../powerpc-eabi/lib\libc.a(libc_a-exit.o)
                0x80024e84                exit
 .text.memchr   0x80024ec0      0x178 C:/devkitPro/devkitPPC/bin/../lib/gcc/powerpc-eabi/14.2.0/../../../../powerpc-eabi/lib\libc.a(libc_a-memchr.o)
                0x80024ec0                memchr
 .text.write    0x80025038       0x50 C:/devkitPro/devkitPPC/bin/../lib/gcc/powerpc-eabi/14.2.0/../../../../powerpc-eabi/lib\libc.a(libc_a-syswrite.o)
                0x80025038                write
 .text.strnlen  0x80025088       0xc0 C:/devkitPro/devkitPPC/bin/../lib/gcc/powerpc-eabi/14.2.0/../../../../powerpc-eabi/lib\libc.a(libc_a-strnlen.o)
                0x80025088                strnlen
 .text.printf   0x80025148       0x9c C:/devkitPro/devkitPPC/bin/../lib/gcc/powerpc-eabi/14.2.0/../../../../powerpc-eabi/lib\libc.a(libc_a-printf.o)
                0x80025148                printf
 .text.memalign
                0x800251e4       0x40 C:/devkitPro/devkitPPC/bin/../lib/gcc/powerpc-eabi/14.2.0/../../../../powerpc-eabi/lib\libc.a(libc_a-malign.o)
                0x800251e4                memalign
 .text._fwalk_sglue
                0x80025224       0xb4 C:/devkitPro/devkitPPC/bin/../lib/gcc/powerpc-eabi/14.2.0/../../../../powerpc-eabi/lib\libc.a(libc_a-fwalk.o)
                0x80025224                _fwalk_sglue
 .text._vfprintf_r
                0x800252d8     0x24d8 C:/devkitPro/devkitPPC/bin/../lib/gcc/powerpc-eabi/14.2.0/../../../../powerpc-eabi/lib\libc.a(libc_a-vfprintf.o)
                0x800252d8                _vfprintf_r
 .text.__sbprintf
                0x800277b0       0xf4 C:/devkitPro/devkitPPC/bin/../lib/gcc/powerpc-eabi/14.2.0/../../../../powerpc-eabi/lib\libc.a(libc_a-vfprintf.o)
 .text.__smakebuf_r
                0x800278a4      0x1a8 C:/devkitPro/devkitPPC/bin/../lib/gcc/powerpc-eabi/14.2.0/../../../../powerpc-eabi/lib\libc.a(libc_a-makebuf.o)
                0x800278a4                __smakebuf_r
 .text.__swhatbuf_r
                0x80027a4c       0xec C:/devkitPro/devkitPPC/bin/../lib/gcc/powerpc-eabi/14.2.0/../../../../powerpc-eabi/lib\libc.a(libc_a-makebuf.o)
                0x80027a4c                __swhatbuf_r
 .text.__locale_mb_cur_max
                0x80027b38       0x4c C:/devkitPro/devkitPPC/bin/../lib/gcc/powerpc-eabi/14.2.0/../../../../powerpc-eabi/lib\libc.a(libc_a-locale.o)
                0x80027b38                __locale_mb_cur_max
 .text._wcsrtombs_r
                0x80027b84       0x10 C:/devkitPro/devkitPPC/bin/../lib/gcc/powerpc-eabi/14.2.0/../../../../powerpc-eabi/lib\libc.a(libc_a-wcsrtombs.o)
                0x80027b84                _wcsrtombs_r
 .text.__utf8_mbtowc
                0x80027b94      0x328 C:/devkitPro/devkitPPC/bin/../lib/gcc/powerpc-eabi/14.2.0/../../../../powerpc-eabi/lib\libc.a(libc_a-mbtowc_r.o)
                0x80027b94                __utf8_mbtowc
 .text.__sflush_r
                0x80027ebc      0x2fc C:/devkitPro/devkitPPC/bin/../lib/gcc/powerpc-eabi/14.2.0/../../../../powerpc-eabi/lib\libc.a(libc_a-fflush.o)
                0x80027ebc                __sflush_r
 .text._fflush_r
                0x800281b8      0x108 C:/devkitPro/devkitPPC/bin/../lib/gcc/powerpc-eabi/14.2.0/../../../../powerpc-eabi/lib\libc.a(libc_a-fflush.o)
                0x800281b8                _fflush_r
 .text._wcrtomb_r
                0x800282c0      0x110 C:/devkitPro/devkitPPC/bin/../lib/gcc/powerpc-eabi/14.2.0/../../../../powerpc-eabi/lib\libc.a(libc_a-wcrtomb.o)
                0x800282c0                _wcrtomb_r
 .text.quorem   0x800283d0      0x30c C:/devkitPro/devkitPPC/bin/../lib/gcc/powerpc-eabi/14.2.0/../../../../powerpc-eabi/lib\libc.a(libc_a-dtoa.o)
 .text._dtoa_r  0x800286dc     0x163c C:/devkitPro/devkitPPC/bin/../lib/gcc/powerpc-eabi/14.2.0/../../../../powerpc-eabi/lib\libc.a(libc_a-dtoa.o)
                0x800286dc                _dtoa_r
 .text.__swsetup_r
                0x80029d18      0x1dc C:/devkitPro/devkitPPC/bin/../lib/gcc/powerpc-eabi/14.2.0/../../../../powerpc-eabi/lib\libc.a(libc_a-wsetup.o)
                0x80029d18                __swsetup_r
 .text._wcsnrtombs_l
                0x80029ef4      0x1e8 C:/devkitPro/devkitPPC/bin/../lib/gcc/powerpc-eabi/14.2.0/../../../../powerpc-eabi/lib\libc.a(libc_a-wcsnrtombs.o)
                0x80029ef4                _wcsnrtombs_l
 .text._wcsnrtombs_r
                0x8002a0dc       0xd8 C:/devkitPro/devkitPPC/bin/../lib/gcc/powerpc-eabi/14.2.0/../../../../powerpc-eabi/lib\libc.a(libc_a-wcsnrtombs.o)
                0x8002a0dc                _wcsnrtombs_r
 .text._fclose_r
                0x8002a1b4      0x1d8 C:/devkitPro/devkitPPC/bin/../lib/gcc/powerpc-eabi/14.2.0/../../../../powerpc-eabi/lib\libc.a(libc_a-fclose.o)
                0x8002a1b4                _fclose_r
 .text.__utf8_wctomb
                0x8002a38c      0x108 C:/devkitPro/devkitPPC/bin/../lib/gcc/powerpc-eabi/14.2.0/../../../../powerpc-eabi/lib\libc.a(libc_a-wctomb_r.o)
                0x8002a38c                __utf8_wctomb
 .text.startup.register_fini
                0x8002a494        0xc C:/devkitPro/devkitPPC/bin/../lib/gcc/powerpc-eabi/14.2.0/../../../../powerpc-eabi/lib\libc.a(libc_a-__call_atexit.o)
 .text.__call_exitprocs
                0x8002a4a0      0x200 C:/devkitPro/devkitPPC/bin/../lib/gcc/powerpc-eabi/14.2.0/../../../../powerpc-eabi/lib\libc.a(libc_a-__call_atexit.o)
                0x8002a4a0                __call_exitprocs
 .text.__sread  0x8002a6a0       0x74 C:/devkitPro/devkitPPC/bin/../lib/gcc/powerpc-eabi/14.2.0/../../../../powerpc-eabi/lib\libc.a(libc_a-stdio.o)
                0x8002a6a0                __sread
 .text.__swrite
                0x8002a714       0xb8 C:/devkitPro/devkitPPC/bin/../lib/gcc/powerpc-eabi/14.2.0/../../../../powerpc-eabi/lib\libc.a(libc_a-stdio.o)
                0x8002a714                __swrite
 .text.__sseek  0x8002a7cc       0x70 C:/devkitPro/devkitPPC/bin/../lib/gcc/powerpc-eabi/14.2.0/../../../../powerpc-eabi/lib\libc.a(libc_a-stdio.o)
                0x8002a7cc                __sseek
 .text.__sclose
                0x8002a83c        0x8 C:/devkitPro/devkitPPC/bin/../lib/gcc/powerpc-eabi/14.2.0/../../../../powerpc-eabi/lib\libc.a(libc_a-stdio.o)
                0x8002a83c                __sclose
 .text.atexit   0x8002a844       0x14 C:/devkitPro/devkitPPC/bin/../lib/gcc/powerpc-eabi/14.2.0/../../../../powerpc-eabi/lib\libc.a(libc_a-atexit.o)
                0x8002a844                atexit
 .text.frexp    0x8002a858       0x90 C:/devkitPro/devkitPPC/bin/../lib/gcc/powerpc-eabi/14.2.0/../../../../powerpc-eabi/lib\libc.a(libm_a-s_frexp.o)
                0x8002a858                frexp
 .text.strncpy  0x8002a8e8      0x104 C:/devkitPro/devkitPPC/bin/../lib/gcc/powerpc-eabi/14.2.0/../../../../powerpc-eabi/lib\libc.a(libc_a-strncpy.o)
                0x8002a8e8                strncpy
 .text.__sprint_r
                0x8002a9ec       0x60 C:/devkitPro/devkitPPC/bin/../lib/gcc/powerpc-eabi/14.2.0/../../../../powerpc-eabi/lib\libc.a(libc_a-sprint_r.o)
                0x8002a9ec                __sprint_r
 .text._Balloc  0x8002aa4c       0xe0 C:/devkitPro/devkitPPC/bin/../lib/gcc/powerpc-eabi/14.2.0/../../../../powerpc-eabi/lib\libc.a(libc_a-mprec.o)
                0x8002aa4c                _Balloc
 .text._Bfree   0x8002ab2c       0x24 C:/devkitPro/devkitPPC/bin/../lib/gcc/powerpc-eabi/14.2.0/../../../../powerpc-eabi/lib\libc.a(libc_a-mprec.o)
                0x8002ab2c                _Bfree
 .text.__multadd
                0x8002ab50      0x154 C:/devkitPro/devkitPPC/bin/../lib/gcc/powerpc-eabi/14.2.0/../../../../powerpc-eabi/lib\libc.a(libc_a-mprec.o)
                0x8002ab50                __multadd
 .text.__hi0bits
                0x8002aca4       0x98 C:/devkitPro/devkitPPC/bin/../lib/gcc/powerpc-eabi/14.2.0/../../../../powerpc-eabi/lib\libc.a(libc_a-mprec.o)
                0x8002aca4                __hi0bits
 .text.__lo0bits
                0x8002ad3c      0x10c C:/devkitPro/devkitPPC/bin/../lib/gcc/powerpc-eabi/14.2.0/../../../../powerpc-eabi/lib\libc.a(libc_a-mprec.o)
                0x8002ad3c                __lo0bits
 .text.__i2b    0x8002ae48      0x108 C:/devkitPro/devkitPPC/bin/../lib/gcc/powerpc-eabi/14.2.0/../../../../powerpc-eabi/lib\libc.a(libc_a-mprec.o)
                0x8002ae48                __i2b
 .text.__multiply
                0x8002af50      0x354 C:/devkitPro/devkitPPC/bin/../lib/gcc/powerpc-eabi/14.2.0/../../../../powerpc-eabi/lib\libc.a(libc_a-mprec.o)
                0x8002af50                __multiply
 .text.__pow5mult
                0x8002b2a4      0x1a4 C:/devkitPro/devkitPPC/bin/../lib/gcc/powerpc-eabi/14.2.0/../../../../powerpc-eabi/lib\libc.a(libc_a-mprec.o)
                0x8002b2a4                __pow5mult
 .text.__lshift
                0x8002b448      0x26c C:/devkitPro/devkitPPC/bin/../lib/gcc/powerpc-eabi/14.2.0/../../../../powerpc-eabi/lib\libc.a(libc_a-mprec.o)
                0x8002b448                __lshift
 .text.__mcmp   0x8002b6b4       0xdc C:/devkitPro/devkitPPC/bin/../lib/gcc/powerpc-eabi/14.2.0/../../../../powerpc-eabi/lib\libc.a(libc_a-mprec.o)
                0x8002b6b4                __mcmp
 .text.__mdiff  0x8002b790      0x328 C:/devkitPro/devkitPPC/bin/../lib/gcc/powerpc-eabi/14.2.0/../../../../powerpc-eabi/lib\libc.a(libc_a-mprec.o)
                0x8002b790                __mdiff
 .text.__d2b    0x8002bab8      0x198 C:/devkitPro/devkitPPC/bin/../lib/gcc/powerpc-eabi/14.2.0/../../../../powerpc-eabi/lib\libc.a(libc_a-mprec.o)
                0x8002bab8                __d2b
 .text._localeconv_r
                0x8002bc50       0x4c C:/devkitPro/devkitPPC/bin/../lib/gcc/powerpc-eabi/14.2.0/../../../../powerpc-eabi/lib\libc.a(libc_a-localeconv.o)
                0x8002bc50                _localeconv_r
 .text.__register_exitproc
                0x8002bc9c      0x12c C:/devkitPro/devkitPPC/bin/../lib/gcc/powerpc-eabi/14.2.0/../../../../powerpc-eabi/lib\libc.a(libc_a-__atexit.o)
                0x8002bc9c                __register_exitproc
 .text.__assert_func
                0x8002bdc8       0x24 C:/devkitPro/devkitPPC/bin/../lib/gcc/powerpc-eabi/14.2.0/../../../../powerpc-eabi/lib\libsysbase.a(libsysbase_libsysbase_a-assert.o)
                0x8002bdc8                __assert_func
 .text.__flockfile
                0x8002bdec       0x38 C:/devkitPro/devkitPPC/bin/../lib/gcc/powerpc-eabi/14.2.0/../../../../powerpc-eabi/lib\libsysbase.a(libsysbase_libsysbase_a-flock.o)
                0x8002bdec                __flockfile
 .text.__funlockfile
                0x8002be24        0x8 C:/devkitPro/devkitPPC/bin/../lib/gcc/powerpc-eabi/14.2.0/../../../../powerpc-eabi/lib\libsysbase.a(libsysbase_libsysbase_a-flock.o)
                0x8002be24                __funlockfile
 .text._fstat_r
                0x8002be2c       0xc0 C:/devkitPro/devkitPPC/bin/../lib/gcc/powerpc-eabi/14.2.0/../../../../powerpc-eabi/lib\libsysbase.a(libsysbase_libsysbase_a-fstat.o)
                0x8002be2c                _fstat_r
 .text.__get_handle
                0x8002beec       0x90 C:/devkitPro/devkitPPC/bin/../lib/gcc/powerpc-eabi/14.2.0/../../../../powerpc-eabi/lib\libsysbase.a(libsysbase_libsysbase_a-handle_manager.o)
                0x8002beec                __get_handle
 .text._close_r
                0x8002bf7c      0x178 C:/devkitPro/devkitPPC/bin/../lib/gcc/powerpc-eabi/14.2.0/../../../../powerpc-eabi/lib\libsysbase.a(libsysbase_libsysbase_a-handle_manager.o)
                0x8002bf7c                _close_r
 .text._isatty_r
                0x8002c0f4        0x8 C:/devkitPro/devkitPPC/bin/../lib/gcc/powerpc-eabi/14.2.0/../../../../powerpc-eabi/lib\libsysbase.a(libsysbase_libsysbase_a-isatty.o)
                0x8002c0f4                _isatty_r
 .text._lseek_r
                0x8002c0fc       0xec C:/devkitPro/devkitPPC/bin/../lib/gcc/powerpc-eabi/14.2.0/../../../../powerpc-eabi/lib\libsysbase.a(libsysbase_libsysbase_a-lseek.o)
                0x8002c0fc                _lseek_r
 .text._read_r  0x8002c1e8       0xd0 C:/devkitPro/devkitPPC/bin/../lib/gcc/powerpc-eabi/14.2.0/../../../../powerpc-eabi/lib\libsysbase.a(libsysbase_libsysbase_a-read.o)
                0x8002c1e8                _read_r
 .text.__libc_lock_init
                0x8002c2b8       0x14 C:/devkitPro/devkitPPC/bin/../lib/gcc/powerpc-eabi/14.2.0/../../../../powerpc-eabi/lib\libsysbase.a(libsysbase_libsysbase_a-syscall_support.o)
                0x8002c2b8                __libc_lock_init
 .text.__libc_lock_acquire
                0x8002c2cc       0x14 C:/devkitPro/devkitPPC/bin/../lib/gcc/powerpc-eabi/14.2.0/../../../../powerpc-eabi/lib\libsysbase.a(libsysbase_libsysbase_a-syscall_support.o)
                0x8002c2cc                __libc_lock_acquire
 .text.__libc_lock_release
                0x8002c2e0       0x14 C:/devkitPro/devkitPPC/bin/../lib/gcc/powerpc-eabi/14.2.0/../../../../powerpc-eabi/lib\libsysbase.a(libsysbase_libsysbase_a-syscall_support.o)
                0x8002c2e0                __libc_lock_release
 .text.__libc_lock_close
                0x8002c2f4       0x14 C:/devkitPro/devkitPPC/bin/../lib/gcc/powerpc-eabi/14.2.0/../../../../powerpc-eabi/lib\libsysbase.a(libsysbase_libsysbase_a-syscall_support.o)
                0x8002c2f4                __libc_lock_close
 .text.__libc_lock_init_recursive
                0x8002c308       0x14 C:/devkitPro/devkitPPC/bin/../lib/gcc/powerpc-eabi/14.2.0/../../../../powerpc-eabi/lib\libsysbase.a(libsysbase_libsysbase_a-syscall_support.o)
                0x8002c308                __libc_lock_init_recursive
 .text.__malloc_lock
                0x8002c31c       0x14 C:/devkitPro/devkitPPC/bin/../lib/gcc/powerpc-eabi/14.2.0/../../../../powerpc-eabi/lib\libsysbase.a(libsysbase_libsysbase_a-syscall_support.o)
                0x8002c31c                __malloc_lock
 .text.__malloc_unlock
                0x8002c330       0x14 C:/devkitPro/devkitPPC/bin/../lib/gcc/powerpc-eabi/14.2.0/../../../../powerpc-eabi/lib\libsysbase.a(libsysbase_libsysbase_a-syscall_support.o)
                0x8002c330                __malloc_unlock
 .text._write_r
                0x8002c344       0xd0 C:/devkitPro/devkitPPC/bin/../lib/gcc/powerpc-eabi/14.2.0/../../../../powerpc-eabi/lib\libsysbase.a(libsysbase_libsysbase_a-write.o)
                0x8002c344                _write_r
 .text.__do_global_ctors_aux
                0x8002c414       0x50 C:/devkitPro/devkitPPC/bin/../lib/gcc/powerpc-eabi/14.2.0/crtend.o
 *(.gnu.warning)
 *(.gnu.linkonce.t.*)
                0x8002c480                        . = ALIGN (0x20)
 *fill*         0x8002c464       0x1c 00000000

.glink          0x8002c480        0x0
 .glink         0x8002c480        0x0 C:/devkitPro/devkitPPC/bin/../lib/gcc/powerpc-eabi/14.2.0/crtbegin.o

.fini           0x8002c480       0x20
 *(.fini)
 .fini          0x8002c480        0xc C:/devkitPro/devkitPPC/bin/../lib/gcc/powerpc-eabi/14.2.0/ecrti.o
                0x8002c480                __fini
 .fini          0x8002c48c        0x4 C:/devkitPro/devkitPPC/bin/../lib/gcc/powerpc-eabi/14.2.0/crtbegin.o
 .fini          0x8002c490       0x10 C:/devkitPro/devkitPPC/bin/../lib/gcc/powerpc-eabi/14.2.0/ecrtn.o
                0x8002c4a0                        . = ALIGN (0x20)
                [!provide]                        PROVIDE (__etext = .)
                [!provide]                        PROVIDE (_etext = .)
                [!provide]                        PROVIDE (etext = .)

.rodata         0x8002c4a0     0x1d00
 *(.rodata)
 .rodata        0x8002c4a0       0x21 C:/devkitPro/libogc/lib/wii\libogc.a(video.o)
 *(.rodata.*)
 *fill*         0x8002c4c1        0x3 
 .rodata.init_network.str1.4
                0x8002c4c4      0x5b5 main.o
                                 0x5d (size before relaxing)
 .rodata.create_socket.str1.4
                0x8002ca79       0x72 main.o
 .rodata.main.str1.4